Archive member included to satisfy reference by file (symbol)

d:/program files (x86)/atmel/studio/7.0/toolchain/arm/arm-gnu-toolchain/bin/../lib/gcc/arm-none-eabi/6.3.1/../../../../arm-none-eabi/lib/thumb/v7e-m\libc_nano.a(lib_a-exit.o)
                              d:/program files (x86)/atmel/studio/7.0/toolchain/arm/arm-gnu-toolchain/bin/../lib/gcc/arm-none-eabi/6.3.1/../../../../arm-none-eabi/lib/thumb/v7e-m/crt0.o (exit)
d:/program files (x86)/atmel/studio/7.0/toolchain/arm/arm-gnu-toolchain/bin/../lib/gcc/arm-none-eabi/6.3.1/../../../../arm-none-eabi/lib/thumb/v7e-m\libc_nano.a(lib_a-impure.o)
                              d:/program files (x86)/atmel/studio/7.0/toolchain/arm/arm-gnu-toolchain/bin/../lib/gcc/arm-none-eabi/6.3.1/../../../../arm-none-eabi/lib/thumb/v7e-m\libc_nano.a(lib_a-exit.o) (_global_impure_ptr)
d:/program files (x86)/atmel/studio/7.0/toolchain/arm/arm-gnu-toolchain/bin/../lib/gcc/arm-none-eabi/6.3.1/../../../../arm-none-eabi/lib/thumb/v7e-m\libc_nano.a(lib_a-init.o)
                              d:/program files (x86)/atmel/studio/7.0/toolchain/arm/arm-gnu-toolchain/bin/../lib/gcc/arm-none-eabi/6.3.1/../../../../arm-none-eabi/lib/thumb/v7e-m/crt0.o (__libc_init_array)
d:/program files (x86)/atmel/studio/7.0/toolchain/arm/arm-gnu-toolchain/bin/../lib/gcc/arm-none-eabi/6.3.1/../../../../arm-none-eabi/lib/thumb/v7e-m\libc_nano.a(lib_a-memset.o)
                              d:/program files (x86)/atmel/studio/7.0/toolchain/arm/arm-gnu-toolchain/bin/../lib/gcc/arm-none-eabi/6.3.1/../../../../arm-none-eabi/lib/thumb/v7e-m/crt0.o (memset)
d:/program files (x86)/atmel/studio/7.0/toolchain/arm/arm-gnu-toolchain/bin/../lib/gcc/arm-none-eabi/6.3.1/../../../../arm-none-eabi/lib/thumb/v7e-m\libc_nano.a(lib_a-printf.o)
                              hal/utils/src/utils_syscalls.o (printf)
d:/program files (x86)/atmel/studio/7.0/toolchain/arm/arm-gnu-toolchain/bin/../lib/gcc/arm-none-eabi/6.3.1/../../../../arm-none-eabi/lib/thumb/v7e-m\libc_nano.a(lib_a-findfp.o)
                              d:/program files (x86)/atmel/studio/7.0/toolchain/arm/arm-gnu-toolchain/bin/../lib/gcc/arm-none-eabi/6.3.1/../../../../arm-none-eabi/lib/thumb/v7e-m\libc_nano.a(lib_a-printf.o) (__sinit)
d:/program files (x86)/atmel/studio/7.0/toolchain/arm/arm-gnu-toolchain/bin/../lib/gcc/arm-none-eabi/6.3.1/../../../../arm-none-eabi/lib/thumb/v7e-m\libc_nano.a(lib_a-fwalk.o)
                              d:/program files (x86)/atmel/studio/7.0/toolchain/arm/arm-gnu-toolchain/bin/../lib/gcc/arm-none-eabi/6.3.1/../../../../arm-none-eabi/lib/thumb/v7e-m\libc_nano.a(lib_a-findfp.o) (_fwalk)
d:/program files (x86)/atmel/studio/7.0/toolchain/arm/arm-gnu-toolchain/bin/../lib/gcc/arm-none-eabi/6.3.1/../../../../arm-none-eabi/lib/thumb/v7e-m\libc_nano.a(lib_a-nano-mallocr.o)
                              d:/program files (x86)/atmel/studio/7.0/toolchain/arm/arm-gnu-toolchain/bin/../lib/gcc/arm-none-eabi/6.3.1/../../../../arm-none-eabi/lib/thumb/v7e-m\libc_nano.a(lib_a-findfp.o) (_malloc_r)
d:/program files (x86)/atmel/studio/7.0/toolchain/arm/arm-gnu-toolchain/bin/../lib/gcc/arm-none-eabi/6.3.1/../../../../arm-none-eabi/lib/thumb/v7e-m\libc_nano.a(lib_a-nano-vfprintf.o)
                              d:/program files (x86)/atmel/studio/7.0/toolchain/arm/arm-gnu-toolchain/bin/../lib/gcc/arm-none-eabi/6.3.1/../../../../arm-none-eabi/lib/thumb/v7e-m\libc_nano.a(lib_a-printf.o) (_vfprintf_r)
d:/program files (x86)/atmel/studio/7.0/toolchain/arm/arm-gnu-toolchain/bin/../lib/gcc/arm-none-eabi/6.3.1/../../../../arm-none-eabi/lib/thumb/v7e-m\libc_nano.a(lib_a-nano-vfprintf_i.o)
                              d:/program files (x86)/atmel/studio/7.0/toolchain/arm/arm-gnu-toolchain/bin/../lib/gcc/arm-none-eabi/6.3.1/../../../../arm-none-eabi/lib/thumb/v7e-m\libc_nano.a(lib_a-nano-vfprintf.o) (_printf_i)
d:/program files (x86)/atmel/studio/7.0/toolchain/arm/arm-gnu-toolchain/bin/../lib/gcc/arm-none-eabi/6.3.1/../../../../arm-none-eabi/lib/thumb/v7e-m\libc_nano.a(lib_a-sbrkr.o)
                              d:/program files (x86)/atmel/studio/7.0/toolchain/arm/arm-gnu-toolchain/bin/../lib/gcc/arm-none-eabi/6.3.1/../../../../arm-none-eabi/lib/thumb/v7e-m\libc_nano.a(lib_a-nano-mallocr.o) (_sbrk_r)
d:/program files (x86)/atmel/studio/7.0/toolchain/arm/arm-gnu-toolchain/bin/../lib/gcc/arm-none-eabi/6.3.1/../../../../arm-none-eabi/lib/thumb/v7e-m\libc_nano.a(lib_a-stdio.o)
                              d:/program files (x86)/atmel/studio/7.0/toolchain/arm/arm-gnu-toolchain/bin/../lib/gcc/arm-none-eabi/6.3.1/../../../../arm-none-eabi/lib/thumb/v7e-m\libc_nano.a(lib_a-findfp.o) (__sread)
d:/program files (x86)/atmel/studio/7.0/toolchain/arm/arm-gnu-toolchain/bin/../lib/gcc/arm-none-eabi/6.3.1/../../../../arm-none-eabi/lib/thumb/v7e-m\libc_nano.a(lib_a-wbuf.o)
[...]
Memory Configuration

Name             Origin             Length             Attributes
rom              0x00000000         0x00100000         xr
ram              0x20000000         0x00040000         xrw
bkupram          0x47000000         0x00002000         xrw
qspi             0x04000000         0x01000000         xrw
*default*        0x00000000         0xffffffff

Linker script and memory map

LOAD d:/program files (x86)/atmel/studio/7.0/toolchain/arm/arm-gnu-toolchain/bin/../lib/gcc/arm-none-eabi/6.3.1/thumb/v7e-m/crti.o
LOAD d:/program files (x86)/atmel/studio/7.0/toolchain/arm/arm-gnu-toolchain/bin/../lib/gcc/arm-none-eabi/6.3.1/thumb/v7e-m/crtbegin.o
LOAD d:/program files (x86)/atmel/studio/7.0/toolchain/arm/arm-gnu-toolchain/bin/../lib/gcc/arm-none-eabi/6.3.1/../../../../arm-none-eabi/lib/thumb/v7e-m/crt0.o
LOAD atmel_start.o
LOAD Device_Startup/startup_same54.o
LOAD Device_Startup/system_same54.o
LOAD driver_init.o
LOAD examples/driver_examples.o
LOAD hal/src/hal_atomic.o
LOAD hal/src/hal_cache.o
LOAD hal/src/hal_delay.o
LOAD hal/src/hal_gpio.o
LOAD hal/src/hal_init.o
LOAD hal/src/hal_io.o
LOAD hal/src/hal_sleep.o
LOAD hal/utils/src/utils_assert.o
LOAD hal/utils/src/utils_event.o
LOAD hal/utils/src/utils_list.o
LOAD hal/utils/src/utils_syscalls.o
LOAD hpl/cmcc/hpl_cmcc.o
LOAD hpl/core/hpl_core_m4.o
LOAD hpl/core/hpl_init.o
LOAD hpl/dmac/hpl_dmac.o
LOAD hpl/gclk/hpl_gclk.o
LOAD hpl/mclk/hpl_mclk.o
LOAD hpl/osc32kctrl/hpl_osc32kctrl.o
LOAD hpl/oscctrl/hpl_oscctrl.o
LOAD hpl/pm/hpl_pm.o
LOAD hpl/ramecc/hpl_ramecc.o
LOAD main.o
START GROUP
LOAD d:/program files (x86)/atmel/studio/7.0/toolchain/arm/arm-gnu-toolchain/bin/../lib/gcc/arm-none-eabi/6.3.1/../../../../arm-none-eabi/lib/thumb/v7e-m\libm.a
END GROUP
START GROUP
LOAD d:/program files (x86)/atmel/studio/7.0/toolchain/arm/arm-gnu-toolchain/bin/../lib/gcc/arm-none-eabi/6.3.1/thumb/v7e-m\libgcc.a
LOAD d:/program files (x86)/atmel/studio/7.0/toolchain/arm/arm-gnu-toolchain/bin/../lib/gcc/arm-none-eabi/6.3.1/../../../../arm-none-eabi/lib/thumb/v7e-m\libc_nano.a
END GROUP
START GROUP
LOAD d:/program files (x86)/atmel/studio/7.0/toolchain/arm/arm-gnu-toolchain/bin/../lib/gcc/arm-none-eabi/6.3.1/thumb/v7e-m\libgcc.a
LOAD d:/program files (x86)/atmel/studio/7.0/toolchain/arm/arm-gnu-toolchain/bin/../lib/gcc/arm-none-eabi/6.3.1/../../../../arm-none-eabi/lib/thumb/v7e-m\libc_nano.a
END GROUP
LOAD d:/program files (x86)/atmel/studio/7.0/toolchain/arm/arm-gnu-toolchain/bin/../lib/gcc/arm-none-eabi/6.3.1/thumb/v7e-m/crtend.o
LOAD d:/program files (x86)/atmel/studio/7.0/toolchain/arm/arm-gnu-toolchain/bin/../lib/gcc/arm-none-eabi/6.3.1/thumb/v7e-m/crtn.o
                0x00010000                STACK_SIZE = DEFINED (STACK_SIZE)?STACK_SIZE:DEFINED (__stack_size__)?__stack_size__:0x10000

.text           0x00000000      0x4a0
                0x00000000                . = ALIGN (0x4)
                0x00000000                _sfixed = .
 *(.vectors .vectors.*)
 .vectors       0x00000000      0x264 Device_Startup/startup_same54.o
                0x00000000                exception_table
 *(.text .text.* .gnu.linkonce.t.*)
 .text          0x00000264       0x6c d:/program files (x86)/atmel/studio/7.0/toolchain/arm/arm-gnu-toolchain/bin/../lib/gcc/arm-none-eabi/6.3.1/thumb/v7e-m/crtbegin.o
 .text.atmel_start_init
                0x000002d0        0xc atmel_start.o
                0x000002d0                atmel_start_init
 .text.Dummy_Handler
                0x000002dc        0x2 Device_Startup/startup_same54.o
                0x000002dc                EIC_5_Handler
                0x000002dc                SVCall_Handler
                0x000002dc                SERCOM0_2_Handler
                0x000002dc                EIC_13_Handler
                0x000002dc                EVSYS_0_Handler
                0x000002dc                TCC1_3_Handler
                0x000002dc                DAC_3_Handler
                0x000002dc                TRNG_Handler
                0x000002dc                HardFault_Handler
                0x000002dc                TC2_Handler
                0x000002dc                PDEC_2_Handler
                0x000002dc                EIC_4_Handler
                0x000002dc                AC_Handler
                0x000002dc                SERCOM3_1_Handler
                0x000002dc                SysTick_Handler
                0x000002dc                TCC2_3_Handler
                0x000002dc                SERCOM3_2_Handler
                0x000002dc                PendSV_Handler
                0x000002dc                TC7_Handler
                0x000002dc                ADC1_1_Handler
                0x000002dc                EVSYS_3_Handler
                0x000002dc                PDEC_0_Handler
                0x000002dc                QSPI_Handler
                0x000002dc                NonMaskableInt_Handler
                0x000002dc                TCC0_0_Handler
                0x000002dc                EIC_3_Handler
                0x000002dc                MemManagement_Handler
                0x000002dc                DAC_2_Handler
                0x000002dc                SERCOM0_0_Handler
                0x000002dc                RTC_Handler
                0x000002dc                UsageFault_Handler
                0x000002dc                SERCOM4_0_Handler
                0x000002dc                EIC_10_Handler
                0x000002dc                SERCOM0_3_Handler
                0x000002dc                EIC_11_Handler
                0x000002dc                EIC_9_Handler
                0x000002dc                OSC32KCTRL_Handler
                0x000002dc                TCC2_1_Handler
                0x000002dc                SUPC_1_Handler
                0x000002dc                TCC0_5_Handler
                0x000002dc                TCC0_6_Handler
                0x000002dc                SERCOM6_2_Handler
                0x000002dc                EVSYS_1_Handler
                0x000002dc                TCC1_4_Handler
                0x000002dc                TC6_Handler
                0x000002dc                DMAC_0_Handler
                0x000002dc                WDT_Handler
                0x000002dc                CAN0_Handler
                0x000002dc                EIC_8_Handler
                0x000002dc                EIC_15_Handler
                0x000002dc                SERCOM6_0_Handler
                0x000002dc                SERCOM5_0_Handler
                0x000002dc                TC4_Handler
                0x000002dc                TC1_Handler
                0x000002dc                OSCCTRL_4_Handler
                0x000002dc                SERCOM4_3_Handler
                0x000002dc                EIC_12_Handler
                0x000002dc                DMAC_4_Handler
                0x000002dc                TCC4_2_Handler
                0x000002dc                PAC_Handler
                0x000002dc                TCC1_0_Handler
                0x000002dc                USB_0_Handler
                0x000002dc                OSCCTRL_0_Handler
                0x000002dc                EIC_0_Handler
                0x000002dc                OSCCTRL_3_Handler
                0x000002dc                SERCOM4_1_Handler
                0x000002dc                TC3_Handler
                0x000002dc                Dummy_Handler
                0x000002dc                TCC3_0_Handler
                0x000002dc                TCC2_2_Handler
                0x000002dc                SERCOM5_1_Handler
                0x000002dc                TCC1_1_Handler
                0x000002dc                DMAC_2_Handler
                0x000002dc                ADC0_0_Handler
                0x000002dc                SERCOM0_1_Handler
                0x000002dc                OSCCTRL_2_Handler
                0x000002dc                ADC1_0_Handler
                0x000002dc                TCC1_2_Handler
                0x000002dc                SERCOM7_1_Handler
                0x000002dc                USB_1_Handler
                0x000002dc                PM_Handler
                0x000002dc                SERCOM6_3_Handler
                0x000002dc                SERCOM2_3_Handler
                0x000002dc                DAC_4_Handler
                0x000002dc                TCC3_2_Handler
                0x000002dc                SERCOM7_0_Handler
                0x000002dc                TCC0_2_Handler
                0x000002dc                DMAC_1_Handler
                0x000002dc                TCC4_0_Handler
                0x000002dc                SERCOM7_3_Handler
                0x000002dc                GMAC_Handler
                0x000002dc                SDHC1_Handler
                0x000002dc                USB_3_Handler
                0x000002dc                SERCOM7_2_Handler
                0x000002dc                CAN1_Handler
                0x000002dc                TCC2_0_Handler
                0x000002dc                PDEC_1_Handler
                0x000002dc                TCC4_1_Handler
                0x000002dc                SERCOM5_3_Handler
                0x000002dc                USB_2_Handler
                0x000002dc                SERCOM6_1_Handler
                0x000002dc                SDHC0_Handler
                0x000002dc                SERCOM1_1_Handler
                0x000002dc                I2S_Handler
                0x000002dc                EIC_2_Handler
                0x000002dc                PCC_Handler
                0x000002dc                DAC_0_Handler
                0x000002dc                TCC0_1_Handler
                0x000002dc                SERCOM1_3_Handler
                0x000002dc                EIC_6_Handler
                0x000002dc                OSCCTRL_1_Handler
                0x000002dc                SERCOM1_0_Handler
                0x000002dc                PUKCC_Handler
                0x000002dc                SERCOM2_1_Handler
                0x000002dc                SERCOM1_2_Handler
                0x000002dc                SERCOM3_0_Handler
                0x000002dc                EIC_1_Handler
                0x000002dc                SERCOM4_2_Handler
                0x000002dc                EVSYS_4_Handler
                0x000002dc                EIC_7_Handler
                0x000002dc                NVMCTRL_1_Handler
                0x000002dc                SERCOM5_2_Handler
                0x000002dc                SERCOM3_3_Handler
                0x000002dc                ADC0_1_Handler
                0x000002dc                SERCOM2_2_Handler
                0x000002dc                TCC3_1_Handler
                0x000002dc                EIC_14_Handler
                0x000002dc                DAC_1_Handler
                0x000002dc                NVMCTRL_0_Handler
                0x000002dc                MCLK_Handler
                0x000002dc                EVSYS_2_Handler
                0x000002dc                SUPC_0_Handler
                0x000002dc                BusFault_Handler
                0x000002dc                FREQM_Handler
                0x000002dc                TC0_Handler
                0x000002dc                TCC0_3_Handler
                0x000002dc                DMAC_3_Handler
                0x000002dc                DebugMonitor_Handler
                0x000002dc                TCC0_4_Handler
                0x000002dc                TC5_Handler
                0x000002dc                SERCOM2_0_Handler
                0x000002dc                AES_Handler
                0x000002dc                ICM_Handler
 *fill*         0x000002de        0x2 
 .text.Reset_Handler
                0x000002e0       0x98 Device_Startup/startup_same54.o
                0x000002e0                Reset_Handler
 .text.system_init
                0x00000378        0xc driver_init.o
                0x00000378                system_init
 .text._init_chip
                0x00000384       0x3c hpl/core/hpl_init.o
                0x00000384                _init_chip
 .text._gclk_init_generators_by_fref
                0x000003c0        0x2 hpl/gclk/hpl_gclk.o
                0x000003c0                _gclk_init_generators_by_fref
 *fill*         0x000003c2        0x2 
 .text._mclk_init
                0x000003c4        0xc hpl/mclk/hpl_mclk.o
                0x000003c4                _mclk_init
 .text._osc32kctrl_init_sources
                0x000003d0       0x14 hpl/osc32kctrl/hpl_osc32kctrl.o
                0x000003d0                _osc32kctrl_init_sources
 .text._oscctrl_init_sources
                0x000003e4        0x2 hpl/oscctrl/hpl_oscctrl.o
                0x000003e4                _oscctrl_init_sources
 .text._oscctrl_init_referenced_generators
                0x000003e6        0x2 hpl/oscctrl/hpl_oscctrl.o
                0x000003e6                _oscctrl_init_referenced_generators
 .text.RAMECC_Handler
                0x000003e8       0x44 hpl/ramecc/hpl_ramecc.o
                0x000003e8                RAMECC_Handler
 .text.main     0x0000042c        0xc main.o
                0x0000042c                main
 .text.__libc_init_array
                0x00000438       0x48 d:/program files (x86)/atmel/studio/7.0/toolchain/arm/arm-gnu-toolchain/bin/../lib/gcc/arm-none-eabi/6.3.1/../../../../arm-none-eabi/lib/thumb/v7e-m\libc_nano.a(lib_a-init.o)
                0x00000438                __libc_init_array
 *(.glue_7t)
 .glue_7t       0x00000480        0x0 linker stubs
 *(.glue_7)
 .glue_7        0x00000480        0x0 linker stubs
 *(.rodata .rodata* .gnu.linkonce.r.*)
 *(.ARM.extab* .gnu.linkonce.armextab.*)
                0x00000480                . = ALIGN (0x4)
 *(.init)
 .init          0x00000480        0x4 d:/program files (x86)/atmel/studio/7.0/toolchain/arm/arm-gnu-toolchain/bin/../lib/gcc/arm-none-eabi/6.3.1/thumb/v7e-m/crti.o
                0x00000480                _init
 .init          0x00000484        0x8 d:/program files (x86)/atmel/studio/7.0/toolchain/arm/arm-gnu-toolchain/bin/../lib/gcc/arm-none-eabi/6.3.1/thumb/v7e-m/crtn.o
                0x0000048c                . = ALIGN (0x4)
                0x0000048c                __preinit_array_start = .
 *(.preinit_array)
                0x0000048c                __preinit_array_end = .
                0x0000048c                . = ALIGN (0x4)
                0x0000048c                __init_array_start = .
 *(SORT(.init_array.*))
 *(.init_array)
 .init_array    0x0000048c        0x4 d:/program files (x86)/atmel/studio/7.0/toolchain/arm/arm-gnu-toolchain/bin/../lib/gcc/arm-none-eabi/6.3.1/thumb/v7e-m/crtbegin.o
                0x00000490                __init_array_end = .
                0x00000490                . = ALIGN (0x4)
 *crtbegin.o(.ctors)
 *(EXCLUDE_FILE(*crtend.o) .ctors)
 *(SORT(.ctors.*))
 *crtend.o(.ctors)
                0x00000490                . = ALIGN (0x4)
 *(.fini)
 .fini          0x00000490        0x4 d:/program files (x86)/atmel/studio/7.0/toolchain/arm/arm-gnu-toolchain/bin/../lib/gcc/arm-none-eabi/6.3.1/thumb/v7e-m/crti.o
                0x00000490                _fini
 .fini          0x00000494        0x8 d:/program files (x86)/atmel/studio/7.0/toolchain/arm/arm-gnu-toolchain/bin/../lib/gcc/arm-none-eabi/6.3.1/thumb/v7e-m/crtn.o
                0x0000049c                . = ALIGN (0x4)
                0x0000049c                __fini_array_start = .
 *(.fini_array)
 .fini_array    0x0000049c        0x4 d:/program files (x86)/atmel/studio/7.0/toolchain/arm/arm-gnu-toolchain/bin/../lib/gcc/arm-none-eabi/6.3.1/thumb/v7e-m/crtbegin.o
 *(SORT(.fini_array.*))
                0x000004a0                __fini_array_end = .
 *crtbegin.o(.dtors)
 *(EXCLUDE_FILE(*crtend.o) .dtors)
 *(SORT(.dtors.*))
 *crtend.o(.dtors)
                0x000004a0                . = ALIGN (0x4)
                0x000004a0                _efixed = .
                [!provide]                PROVIDE (__exidx_start, .)

.vfp11_veneer   0x000004a0        0x0
 .vfp11_veneer  0x000004a0        0x0 linker stubs

.v4_bx          0x000004a0        0x0
 .v4_bx         0x000004a0        0x0 linker stubs

.iplt           0x000004a0        0x0
 .iplt          0x000004a0        0x0 d:/program files (x86)/atmel/studio/7.0/toolchain/arm/arm-gnu-toolchain/bin/../lib/gcc/arm-none-eabi/6.3.1/thumb/v7e-m/crtbegin.o

.eh_frame       0x000004a0        0x0
 .eh_frame      0x000004a0        0x0 d:/program files (x86)/atmel/studio/7.0/toolchain/arm/arm-gnu-toolchain/bin/../lib/gcc/arm-none-eabi/6.3.1/thumb/v7e-m/crtbegin.o

.rel.dyn        0x000004a0        0x0
 .rel.iplt      0x000004a0        0x0 d:/program files (x86)/atmel/studio/7.0/toolchain/arm/arm-gnu-toolchain/bin/../lib/gcc/arm-none-eabi/6.3.1/thumb/v7e-m/crtbegin.o

.jcr            0x000004a0        0x0
 .jcr           0x000004a0        0x0 d:/program files (x86)/atmel/studio/7.0/toolchain/arm/arm-gnu-toolchain/bin/../lib/gcc/arm-none-eabi/6.3.1/thumb/v7e-m/crtbegin.o

.igot.plt       0x000004a0        0x0
 .igot.plt      0x000004a0        0x0 d:/program files (x86)/atmel/studio/7.0/toolchain/arm/arm-gnu-toolchain/bin/../lib/gcc/arm-none-eabi/6.3.1/thumb/v7e-m/crtbegin.o

.ARM.exidx
 *(.ARM.exidx* .gnu.linkonce.armexidx.*)
                [!provide]                PROVIDE (__exidx_end, .)
                0x000004a0                . = ALIGN (0x4)
                0x000004a0                _etext = .

.relocate       0x20000000        0x0 load address 0x000004a0
                0x20000000                . = ALIGN (0x4)
                0x20000000                _srelocate = .
 *(.ramfunc .ramfunc.*)
 *(.data .data.*)
                0x20000000                . = ALIGN (0x4)
                0x20000000                _erelocate = .

.bkupram        0x47000000        0x0
                0x47000000                . = ALIGN (0x8)
                0x47000000                _sbkupram = .
 *(.bkupram .bkupram.*)
                0x47000000                . = ALIGN (0x8)
                0x47000000                _ebkupram = .

.qspi           0x04000000        0x0
                0x04000000                . = ALIGN (0x8)
                0x04000000                _sqspi = .
 *(.qspi .qspi.*)
                0x04000000                . = ALIGN (0x8)
                0x04000000                _eqspi = .

.bss            0x20000000       0x2c
                0x20000000                . = ALIGN (0x4)
                0x20000000                _sbss = .
                0x20000000                _szero = .
 *(.bss .bss.*)
 .bss           0x20000000       0x1c d:/program files (x86)/atmel/studio/7.0/toolchain/arm/arm-gnu-toolchain/bin/../lib/gcc/arm-none-eabi/6.3.1/thumb/v7e-m/crtbegin.o
 *(COMMON)
 COMMON         0x2000001c       0x10 hpl/ramecc/hpl_ramecc.o
                0x2000001c                device
                0x2000002c                . = ALIGN (0x4)
                0x2000002c                _ebss = .
                0x2000002c                _ezero = .

.stack          0x2000002c    0x10004
                0x20000030                . = ALIGN (0x8)
 *fill*         0x2000002c        0x4 
                0x20000030                _sstack = .
                0x20010030                . = (. + STACK_SIZE)
 *fill*         0x20000030    0x10000 
                0x20010030                . = ALIGN (0x8)
                0x20010030                _estack = .
                0x20010030                . = ALIGN (0x4)
                0x20010030                _end = .
OUTPUT(LAMS_SAM_E54.elf elf32-littlearm)

.ARM.attributes
                0x00000000       0x2e
 .ARM.attributes
                0x00000000       0x1e d:/program files (x86)/atmel/studio/7.0/toolchain/arm/arm-gnu-toolchain/bin/../lib/gcc/arm-none-eabi/6.3.1/thumb/v7e-m/crti.o
 .ARM.attributes
                0x0000001e       0x2e d:/program files (x86)/atmel/studio/7.0/toolchain/arm/arm-gnu-toolchain/bin/../lib/gcc/arm-none-eabi/6.3.1/thumb/v7e-m/crtbegin.o
 .ARM.attributes
                0x0000004c       0x37 atmel_start.o
 .ARM.attributes
                0x00000083       0x37 Device_Startup/startup_same54.o
 .ARM.attributes
                0x000000ba       0x37 driver_init.o
 .ARM.attributes
                0x000000f1       0x37 hpl/core/hpl_init.o
 .ARM.attributes
                0x00000128       0x37 hpl/gclk/hpl_gclk.o
 .ARM.attributes
                0x0000015f       0x37 hpl/mclk/hpl_mclk.o
 .ARM.attributes
                0x00000196       0x37 hpl/osc32kctrl/hpl_osc32kctrl.o
 .ARM.attributes
                0x000001cd       0x37 hpl/oscctrl/hpl_oscctrl.o
 .ARM.attributes
                0x00000204       0x37 hpl/ramecc/hpl_ramecc.o
 .ARM.attributes
                0x0000023b       0x37 main.o
 .ARM.attributes
                0x00000272       0x2e d:/program files (x86)/atmel/studio/7.0/toolchain/arm/arm-gnu-toolchain/bin/../lib/gcc/arm-none-eabi/6.3.1/../../../../arm-none-eabi/lib/thumb/v7e-m\libc_nano.a(lib_a-init.o)
 .ARM.attributes
                0x000002a0       0x1e d:/program files (x86)/atmel/studio/7.0/toolchain/arm/arm-gnu-toolchain/bin/../lib/gcc/arm-none-eabi/6.3.1/thumb/v7e-m/crtn.o

.comment        0x00000000       0x59
 .comment       0x00000000       0x59 atmel_start.o
                                 0x5a (size before relaxing)
 .comment       0x00000059       0x5a Device_Startup/startup_same54.o
 .comment       0x00000059       0x5a driver_init.o
 .comment       0x00000059       0x5a hpl/core/hpl_init.o
 .comment       0x00000059       0x5a hpl/gclk/hpl_gclk.o
 .comment       0x00000059       0x5a hpl/mclk/hpl_mclk.o
 .comment       0x00000059       0x5a hpl/osc32kctrl/hpl_osc32kctrl.o
 .comment       0x00000059       0x5a hpl/oscctrl/hpl_oscctrl.o
 .comment       0x00000059       0x5a hpl/ramecc/hpl_ramecc.o
 .comment       0x00000059       0x5a main.o

.debug_info     0x00000000     0x4b26
 .debug_info    0x00000000       0xf8 atmel_start.o
 .debug_info    0x000000f8      0xd7d Device_Startup/startup_same54.o
 .debug_info    0x00000e75      0x111 driver_init.o
 .debug_info    0x00000f86      0xbce hpl/core/hpl_init.o
 .debug_info    0x00001b54      0x102 hpl/gclk/hpl_gclk.o
 .debug_info    0x00001c56      0xa55 hpl/mclk/hpl_mclk.o
 .debug_info    0x000026ab      0x714 hpl/osc32kctrl/hpl_osc32kctrl.o
 .debug_info    0x00002dbf     0x1056 hpl/oscctrl/hpl_oscctrl.o
 .debug_info    0x00003e15      0xc15 hpl/ramecc/hpl_ramecc.o
 .debug_info    0x00004a2a       0xfc main.o

.debug_abbrev   0x00000000      0xdd8
 .debug_abbrev  0x00000000       0x9c atmel_start.o
 .debug_abbrev  0x0000009c      0x171 Device_Startup/startup_same54.o
 .debug_abbrev  0x0000020d       0xba driver_init.o
 .debug_abbrev  0x000002c7      0x1dd hpl/core/hpl_init.o
 .debug_abbrev  0x000004a4       0xa6 hpl/gclk/hpl_gclk.o
 .debug_abbrev  0x0000054a      0x1bd hpl/mclk/hpl_mclk.o
 .debug_abbrev  0x00000707      0x1fc hpl/osc32kctrl/hpl_osc32kctrl.o
 .debug_abbrev  0x00000903      0x16f hpl/oscctrl/hpl_oscctrl.o
 .debug_abbrev  0x00000a72      0x2c8 hpl/ramecc/hpl_ramecc.o
 .debug_abbrev  0x00000d3a       0x9e main.o

.debug_loc      0x00000000      0x308
 .debug_loc     0x00000000       0x20 atmel_start.o
 .debug_loc     0x00000020       0x6b Device_Startup/startup_same54.o
 .debug_loc     0x0000008b       0x20 driver_init.o
 .debug_loc     0x000000ab       0x4c hpl/core/hpl_init.o
 .debug_loc     0x000000f7       0x2c hpl/mclk/hpl_mclk.o
 .debug_loc     0x00000123       0x95 hpl/osc32kctrl/hpl_osc32kctrl.o
 .debug_loc     0x000001b8      0x130 hpl/ramecc/hpl_ramecc.o
 .debug_loc     0x000002e8       0x20 main.o

.debug_aranges  0x00000000      0x168
 .debug_aranges
                0x00000000       0x20 atmel_start.o
 .debug_aranges
                0x00000020       0x28 Device_Startup/startup_same54.o
 .debug_aranges
                0x00000048       0x20 driver_init.o
 .debug_aranges
                0x00000068       0x20 hpl/core/hpl_init.o
 .debug_aranges
                0x00000088       0x28 hpl/gclk/hpl_gclk.o
 .debug_aranges
                0x000000b0       0x20 hpl/mclk/hpl_mclk.o
 .debug_aranges
                0x000000d0       0x20 hpl/osc32kctrl/hpl_osc32kctrl.o
 .debug_aranges
                0x000000f0       0x28 hpl/oscctrl/hpl_oscctrl.o
 .debug_aranges
                0x00000118       0x30 hpl/ramecc/hpl_ramecc.o
 .debug_aranges
                0x00000148       0x20 main.o

.debug_ranges   0x00000000       0xe0
 .debug_ranges  0x00000000       0x10 atmel_start.o
 .debug_ranges  0x00000010       0x18 Device_Startup/startup_same54.o
 .debug_ranges  0x00000028       0x10 driver_init.o
 .debug_ranges  0x00000038       0x10 hpl/core/hpl_init.o
 .debug_ranges  0x00000048       0x18 hpl/gclk/hpl_gclk.o
 .debug_ranges  0x00000060       0x10 hpl/mclk/hpl_mclk.o
 .debug_ranges  0x00000070       0x10 hpl/osc32kctrl/hpl_osc32kctrl.o
 .debug_ranges  0x00000080       0x18 hpl/oscctrl/hpl_oscctrl.o
 .debug_ranges  0x00000098       0x38 hpl/ramecc/hpl_ramecc.o
 .debug_ranges  0x000000d0       0x10 main.o

.debug_macro    0x00000000    0x2caf3
 .debug_macro   0x00000000      0x737 atmel_start.o
 .debug_macro   0x00000737      0x8b0 atmel_start.o
 .debug_macro   0x00000fe7      0x16d atmel_start.o
 .debug_macro   0x00001154       0x22 atmel_start.o
 .debug_macro   0x00001176       0x87 atmel_start.o
 .debug_macro   0x000011fd       0x51 atmel_start.o
 .debug_macro   0x0000124e       0xef atmel_start.o
 .debug_macro   0x0000133d       0x6a atmel_start.o
 .debug_macro   0x000013a7      0x1df atmel_start.o
 .debug_macro   0x00001586       0x22 atmel_start.o
 .debug_macro   0x000015a8       0x54 atmel_start.o
 .debug_macro   0x000015fc       0x1c atmel_start.o
 .debug_macro   0x00001618       0x22 atmel_start.o
 .debug_macro   0x0000163a       0xdf atmel_start.o
 .debug_macro   0x00001719     0x102d atmel_start.o
 .debug_macro   0x00002746      0x11f atmel_start.o
 .debug_macro   0x00002865      0x706 atmel_start.o
 .debug_macro   0x00002f6b      0xb5b atmel_start.o
 .debug_macro   0x00003ac6      0x3c0 atmel_start.o
 .debug_macro   0x00003e86     0x2d61 atmel_start.o
 .debug_macro   0x00006be7      0x336 atmel_start.o
 .debug_macro   0x00006f1d      0x3b7 atmel_start.o
 .debug_macro   0x000072d4      0x668 atmel_start.o
 .debug_macro   0x0000793c     0x143f atmel_start.o
 .debug_macro   0x00008d7b      0x651 atmel_start.o
 .debug_macro   0x000093cc      0x67b atmel_start.o
 .debug_macro   0x00009a47      0x6d7 atmel_start.o
 .debug_macro   0x0000a11e      0x172 atmel_start.o
 .debug_macro   0x0000a290      0x395 atmel_start.o
 .debug_macro   0x0000a625     0x19dd atmel_start.o
 .debug_macro   0x0000c002       0x3a atmel_start.o
 .debug_macro   0x0000c03c      0x72a atmel_start.o
 .debug_macro   0x0000c766      0xb12 atmel_start.o
 .debug_macro   0x0000d278      0x5d7 atmel_start.o
 .debug_macro   0x0000d84f      0xbc0 atmel_start.o
 .debug_macro   0x0000e40f      0x9b9 atmel_start.o
 .debug_macro   0x0000edc8      0x2a3 atmel_start.o
 .debug_macro   0x0000f06b      0x8cb atmel_start.o
 .debug_macro   0x0000f936      0x1ea atmel_start.o
 .debug_macro   0x0000fb20      0x8f4 atmel_start.o
 .debug_macro   0x00010414      0x216 atmel_start.o
 .debug_macro   0x0001062a      0x3f9 atmel_start.o
 .debug_macro   0x00010a23      0x620 atmel_start.o
 .debug_macro   0x00011043      0x10d atmel_start.o
 .debug_macro   0x00011150       0xb8 atmel_start.o
 .debug_macro   0x00011208     0x1df7 atmel_start.o
 .debug_macro   0x00012fff     0x2e69 atmel_start.o
 .debug_macro   0x00015e68     0x11ed atmel_start.o
 .debug_macro   0x00017055      0x50e atmel_start.o
 .debug_macro   0x00017563      0x930 atmel_start.o
 .debug_macro   0x00017e93     0x1ad8 atmel_start.o
 .debug_macro   0x0001996b       0xe7 atmel_start.o
 .debug_macro   0x00019a52     0x13e6 atmel_start.o
 .debug_macro   0x0001ae38      0x36a atmel_start.o
 .debug_macro   0x0001b1a2       0x94 atmel_start.o
 .debug_macro   0x0001b236       0xdc atmel_start.o
 .debug_macro   0x0001b312       0xe2 atmel_start.o
 .debug_macro   0x0001b3f4       0xdc atmel_start.o
 .debug_macro   0x0001b4d0      0x149 atmel_start.o
 .debug_macro   0x0001b619      0x149 atmel_start.o
 .debug_macro   0x0001b762       0x46 atmel_start.o
 .debug_macro   0x0001b7a8       0x4c atmel_start.o
 .debug_macro   0x0001b7f4       0xc4 atmel_start.o
 .debug_macro   0x0001b8b8      0x7d5 atmel_start.o
 .debug_macro   0x0001c08d       0xb8 atmel_start.o
 .debug_macro   0x0001c145       0x7c atmel_start.o
 .debug_macro   0x0001c1c1      0xc20 atmel_start.o
 .debug_macro   0x0001cde1       0x46 atmel_start.o
 .debug_macro   0x0001ce27      0x25b atmel_start.o
 .debug_macro   0x0001d082      0x31a atmel_start.o
 .debug_macro   0x0001d39c      0x170 atmel_start.o
 .debug_macro   0x0001d50c       0x7c atmel_start.o
 .debug_macro   0x0001d588       0xbe atmel_start.o
 .debug_macro   0x0001d646       0x4c atmel_start.o
 .debug_macro   0x0001d692       0x82 atmel_start.o
 .debug_macro   0x0001d714      0x1a3 atmel_start.o
 .debug_macro   0x0001d8b7       0x46 atmel_start.o
 .debug_macro   0x0001d8fd       0x6a atmel_start.o
 .debug_macro   0x0001d967       0x46 atmel_start.o
 .debug_macro   0x0001d9ad       0x88 atmel_start.o
 .debug_macro   0x0001da35       0x46 atmel_start.o
 .debug_macro   0x0001da7b      0x24e atmel_start.o
 .debug_macro   0x0001dcc9       0x1c atmel_start.o
 .debug_macro   0x0001dce5       0x76 atmel_start.o
 .debug_macro   0x0001dd5b       0x3a atmel_start.o
 .debug_macro   0x0001dd95       0x2e atmel_start.o
 .debug_macro   0x0001ddc3      0x196 atmel_start.o
 .debug_macro   0x0001df59      0x16f atmel_start.o
 .debug_macro   0x0001e0c8      0x16f atmel_start.o
 .debug_macro   0x0001e237      0x25d atmel_start.o
 .debug_macro   0x0001e494      0x25d atmel_start.o
 .debug_macro   0x0001e6f1      0x25d atmel_start.o
 .debug_macro   0x0001e94e      0x25d atmel_start.o
 .debug_macro   0x0001ebab      0x25d atmel_start.o
 .debug_macro   0x0001ee08      0x25d atmel_start.o
 .debug_macro   0x0001f065      0x25d atmel_start.o
 .debug_macro   0x0001f2c2      0x25d atmel_start.o
 .debug_macro   0x0001f51f       0x52 atmel_start.o
 .debug_macro   0x0001f571       0xfa atmel_start.o
 .debug_macro   0x0001f66b       0xfa atmel_start.o
 .debug_macro   0x0001f765       0xfa atmel_start.o
 .debug_macro   0x0001f85f       0xfa atmel_start.o
 .debug_macro   0x0001f959       0xfa atmel_start.o
 .debug_macro   0x0001fa53       0xfa atmel_start.o
 .debug_macro   0x0001fb4d       0xfa atmel_start.o
 .debug_macro   0x0001fc47       0xfa atmel_start.o
 .debug_macro   0x0001fd41      0x148 atmel_start.o
 .debug_macro   0x0001fe89      0x124 atmel_start.o
 .debug_macro   0x0001ffad      0x106 atmel_start.o
 .debug_macro   0x000200b3       0xee atmel_start.o
 .debug_macro   0x000201a1       0xee atmel_start.o
 .debug_macro   0x0002028f       0x2e atmel_start.o
 .debug_macro   0x000202bd      0x46a atmel_start.o
 .debug_macro   0x00020727       0x3a atmel_start.o
 .debug_macro   0x00020761      0x59f atmel_start.o
 .debug_macro   0x00020d00     0x4725 atmel_start.o
 .debug_macro   0x00025425       0xcf atmel_start.o
 .debug_macro   0x000254f4       0x10 atmel_start.o
 .debug_macro   0x00025504       0x10 atmel_start.o
 .debug_macro   0x00025514       0x16 atmel_start.o
 .debug_macro   0x0002552a       0x16 atmel_start.o
 .debug_macro   0x00025540       0x16 atmel_start.o
 .debug_macro   0x00025556       0x16 atmel_start.o
 .debug_macro   0x0002556c       0x16 atmel_start.o
 .debug_macro   0x00025582       0x16 atmel_start.o
 .debug_macro   0x00025598       0x40 atmel_start.o
 .debug_macro   0x000255d8       0x16 atmel_start.o
 .debug_macro   0x000255ee       0x16 atmel_start.o
 .debug_macro   0x00025604       0x16 atmel_start.o
 .debug_macro   0x0002561a       0x16 atmel_start.o
 .debug_macro   0x00025630       0x16 atmel_start.o
 .debug_macro   0x00025646       0x16 atmel_start.o
 .debug_macro   0x0002565c       0x16 atmel_start.o
 .debug_macro   0x00025672       0x16 atmel_start.o
 .debug_macro   0x00025688       0x16 atmel_start.o
 .debug_macro   0x0002569e       0x16 atmel_start.o
 .debug_macro   0x000256b4       0x16 atmel_start.o
 .debug_macro   0x000256ca       0x16 atmel_start.o
 .debug_macro   0x000256e0       0x16 atmel_start.o
 .debug_macro   0x000256f6       0x16 atmel_start.o
 .debug_macro   0x0002570c       0x16 atmel_start.o
 .debug_macro   0x00025722       0x16 atmel_start.o
 .debug_macro   0x00025738       0x16 atmel_start.o
 .debug_macro   0x0002574e       0x16 atmel_start.o
 .debug_macro   0x00025764       0x16 atmel_start.o
 .debug_macro   0x0002577a       0x16 atmel_start.o
 .debug_macro   0x00025790       0x16 atmel_start.o
 .debug_macro   0x000257a6      0xe5c atmel_start.o
 .debug_macro   0x00026602      0x9b6 atmel_start.o
 .debug_macro   0x00026fb8       0x94 atmel_start.o
 .debug_macro   0x0002704c       0x16 atmel_start.o
 .debug_macro   0x00027062       0xbe atmel_start.o
 .debug_macro   0x00027120      0x28c atmel_start.o
 .debug_macro   0x000273ac       0x16 atmel_start.o
 .debug_macro   0x000273c2      0x4d8 atmel_start.o
 .debug_macro   0x0002789a       0x16 atmel_start.o
 .debug_macro   0x000278b0       0xca atmel_start.o
 .debug_macro   0x0002797a       0x1c atmel_start.o
 .debug_macro   0x00027996       0x16 atmel_start.o
 .debug_macro   0x000279ac      0x12a atmel_start.o
 .debug_macro   0x00027ad6       0x58 atmel_start.o
 .debug_macro   0x00027b2e      0x4b2 Device_Startup/startup_same54.o
 .debug_macro   0x00027fe0       0x4e Device_Startup/startup_same54.o
 .debug_macro   0x0002802e      0x740 driver_init.o
 .debug_macro   0x0002876e       0x10 driver_init.o
 .debug_macro   0x0002877e       0xc9 driver_init.o
 .debug_macro   0x00028847      0x729 hpl/core/hpl_init.o
 .debug_macro   0x00028f70       0x2e hpl/core/hpl_init.o
 .debug_macro   0x00028f9e      0xd7b hpl/core/hpl_init.o
 .debug_macro   0x00029d19      0x69f hpl/gclk/hpl_gclk.o
 .debug_macro   0x0002a3b8      0x2f0 hpl/gclk/hpl_gclk.o
 .debug_macro   0x0002a6a8      0x69a hpl/mclk/hpl_mclk.o
 .debug_macro   0x0002ad42      0x695 hpl/osc32kctrl/hpl_osc32kctrl.o
 .debug_macro   0x0002b3d7       0x80 hpl/osc32kctrl/hpl_osc32kctrl.o
 .debug_macro   0x0002b457      0x69f hpl/oscctrl/hpl_oscctrl.o
 .debug_macro   0x0002baf6      0x216 hpl/oscctrl/hpl_oscctrl.o
 .debug_macro   0x0002bd0c      0x6b0 hpl/ramecc/hpl_ramecc.o
 .debug_macro   0x0002c3bc      0x737 main.o

.debug_line     0x00000000     0x77e9
 .debug_line    0x00000000      0xcba atmel_start.o
 .debug_line    0x00000cba      0x89d Device_Startup/startup_same54.o
 .debug_line    0x00001557      0xccc driver_init.o
 .debug_line    0x00002223      0xccc hpl/core/hpl_init.o
 .debug_line    0x00002eef      0xbf0 hpl/gclk/hpl_gclk.o
 .debug_line    0x00003adf      0xbe1 hpl/mclk/hpl_mclk.o
 .debug_line    0x000046c0      0xbf6 hpl/osc32kctrl/hpl_osc32kctrl.o
 .debug_line    0x000052b6      0xbfc hpl/oscctrl/hpl_oscctrl.o
 .debug_line    0x00005eb2      0xc84 hpl/ramecc/hpl_ramecc.o
 .debug_line    0x00006b36      0xcb3 main.o

.debug_str      0x00000000   0x10a74e
 .debug_str     0x00000000   0x103d87 atmel_start.o
                             0x104237 (size before relaxing)
 .debug_str     0x00103d87      0xc05 Device_Startup/startup_same54.o
                              0xed9d9 (size before relaxing)
 .debug_str     0x0010498c      0x4dc driver_init.o
                             0x1046f2 (size before relaxing)
 .debug_str     0x00104e68     0x316f hpl/core/hpl_init.o
                             0x1071e7 (size before relaxing)
 .debug_str     0x00107fd7      0xb93 hpl/gclk/hpl_gclk.o
                             0x103f22 (size before relaxing)
 .debug_str     0x00108b6a      0x30f hpl/mclk/hpl_mclk.o
                             0x10376c (size before relaxing)
 .debug_str     0x00108e79      0x485 hpl/osc32kctrl/hpl_osc32kctrl.o
                             0x1037f4 (size before relaxing)
 .debug_str     0x001092fe      0xa56 hpl/oscctrl/hpl_oscctrl.o
                             0x104995 (size before relaxing)
 .debug_str     0x00109d54      0x9ee hpl/ramecc/hpl_ramecc.o
                             0x1042d2 (size before relaxing)
 .debug_str     0x0010a742        0xc main.o
                             0x104229 (size before relaxing)

.debug_frame    0x00000000      0x1f0
 .debug_frame   0x00000000       0x28 atmel_start.o
 .debug_frame   0x00000028       0x38 Device_Startup/startup_same54.o
 .debug_frame   0x00000060       0x28 driver_init.o
 .debug_frame   0x00000088       0x28 hpl/core/hpl_init.o
 .debug_frame   0x000000b0       0x30 hpl/gclk/hpl_gclk.o
 .debug_frame   0x000000e0       0x20 hpl/mclk/hpl_mclk.o
 .debug_frame   0x00000100       0x20 hpl/osc32kctrl/hpl_osc32kctrl.o
 .debug_frame   0x00000120       0x30 hpl/oscctrl/hpl_oscctrl.o
 .debug_frame   0x00000150       0x4c hpl/ramecc/hpl_ramecc.o
 .debug_frame   0x0000019c       0x28 main.o
 .debug_frame   0x000001c4       0x2c d:/program files (x86)/atmel/studio/7.0/toolchain/arm/arm-gnu-toolchain/bin/../lib/gcc/arm-none-eabi/6.3.1/../../../../arm-none-eabi/lib/thumb/v7e-m\libc_nano.a(lib_a-init.o)
