Archive member included to satisfy reference by file (symbol)

c:/program files (x86)/atmel/studio/7.0/toolchain/arm/arm-gnu-toolchain/bin/../lib/gcc/arm-none-eabi/6.3.1/thumb/v7e-m\libgcc.a(_arm_addsubdf3.o)
                              hpl/sercom/hpl_sercom.o (__aeabi_dsub)
c:/program files (x86)/atmel/studio/7.0/toolchain/arm/arm-gnu-toolchain/bin/../lib/gcc/arm-none-eabi/6.3.1/thumb/v7e-m\libgcc.a(_arm_muldivdf3.o)
                              hpl/sercom/hpl_sercom.o (__aeabi_dmul)
c:/program files (x86)/atmel/studio/7.0/toolchain/arm/arm-gnu-toolchain/bin/../lib/gcc/arm-none-eabi/6.3.1/thumb/v7e-m\libgcc.a(_arm_fixunsdfsi.o)
                              hpl/sercom/hpl_sercom.o (__aeabi_d2uiz)
c:/program files (x86)/atmel/studio/7.0/toolchain/arm/arm-gnu-toolchain/bin/../lib/gcc/arm-none-eabi/6.3.1/thumb/v7e-m\libgcc.a(_aeabi_uldivmod.o)
                              hpl/sdhc/hpl_sdhc.o (__aeabi_uldivmod)
c:/program files (x86)/atmel/studio/7.0/toolchain/arm/arm-gnu-toolchain/bin/../lib/gcc/arm-none-eabi/6.3.1/thumb/v7e-m\libgcc.a(_udivmoddi4.o)
                              c:/program files (x86)/atmel/studio/7.0/toolchain/arm/arm-gnu-toolchain/bin/../lib/gcc/arm-none-eabi/6.3.1/thumb/v7e-m\libgcc.a(_aeabi_uldivmod.o) (__udivmoddi4)
c:/program files (x86)/atmel/studio/7.0/toolchain/arm/arm-gnu-toolchain/bin/../lib/gcc/arm-none-eabi/6.3.1/thumb/v7e-m\libgcc.a(_dvmd_tls.o)
                              c:/program files (x86)/atmel/studio/7.0/toolchain/arm/arm-gnu-toolchain/bin/../lib/gcc/arm-none-eabi/6.3.1/thumb/v7e-m\libgcc.a(_aeabi_uldivmod.o) (__aeabi_ldiv0)
c:/program files (x86)/atmel/studio/7.0/toolchain/arm/arm-gnu-toolchain/bin/../lib/gcc/arm-none-eabi/6.3.1/../../../../arm-none-eabi/lib/thumb/v7e-m\libc_nano.a(lib_a-exit.o)
                              c:/program files (x86)/atmel/studio/7.0/toolchain/arm/arm-gnu-toolchain/bin/../lib/gcc/arm-none-eabi/6.3.1/../../../../arm-none-eabi/lib/thumb/v7e-m/crt0.o (exit)
c:/program files (x86)/atmel/studio/7.0/toolchain/arm/arm-gnu-toolchain/bin/../lib/gcc/arm-none-eabi/6.3.1/../../../../arm-none-eabi/lib/thumb/v7e-m\libc_nano.a(lib_a-fflush.o)
                              lidar.o (fflush)
c:/program files (x86)/atmel/studio/7.0/toolchain/arm/arm-gnu-toolchain/bin/../lib/gcc/arm-none-eabi/6.3.1/../../../../arm-none-eabi/lib/thumb/v7e-m\libc_nano.a(lib_a-findfp.o)
                              c:/program files (x86)/atmel/studio/7.0/toolchain/arm/arm-gnu-toolchain/bin/../lib/gcc/arm-none-eabi/6.3.1/../../../../arm-none-eabi/lib/thumb/v7e-m\libc_nano.a(lib_a-fflush.o) (__sinit)
c:/program files (x86)/atmel/studio/7.0/toolchain/arm/arm-gnu-toolchain/bin/../lib/gcc/arm-none-eabi/6.3.1/../../../../arm-none-eabi/lib/thumb/v7e-m\libc_nano.a(lib_a-fwalk.o)
                              c:/program files (x86)/atmel/studio/7.0/toolchain/arm/arm-gnu-toolchain/bin/../lib/gcc/arm-none-eabi/6.3.1/../../../../arm-none-eabi/lib/thumb/v7e-m\libc_nano.a(lib_a-findfp.o) (_fwalk)
c:/program files (x86)/atmel/studio/7.0/toolchain/arm/arm-gnu-toolchain/bin/../lib/gcc/arm-none-eabi/6.3.1/../../../../arm-none-eabi/lib/thumb/v7e-m\libc_nano.a(lib_a-impure.o)
                              c:/program files (x86)/atmel/studio/7.0/toolchain/arm/arm-gnu-toolchain/bin/../lib/gcc/arm-none-eabi/6.3.1/../../../../arm-none-eabi/lib/thumb/v7e-m\libc_nano.a(lib_a-exit.o) (_global_impure_ptr)
c:/program files (x86)/atmel/studio/7.0/toolchain/arm/arm-gnu-toolchain/bin/../lib/gcc/arm-none-eabi/6.3.1/../../../../arm-none-eabi/lib/thumb/v7e-m\libc_nano.a(lib_a-init.o)
                              c:/program files (x86)/atmel/studio/7.0/toolchain/arm/arm-gnu-toolchain/bin/../lib/gcc/arm-none-eabi/6.3.1/../../../../arm-none-eabi/lib/thumb/v7e-m/crt0.o (__libc_init_array)
c:/program files (x86)/atmel/studio/7.0/toolchain/arm/arm-gnu-toolchain/bin/../lib/gcc/arm-none-eabi/6.3.1/../../../../arm-none-eabi/lib/thumb/v7e-m\libc_nano.a(lib_a-memset.o)
                              c:/program files (x86)/atmel/studio/7.0/toolchain/arm/arm-gnu-toolchain/bin/../lib/gcc/arm-none-eabi/6.3.1/../../../../arm-none-eabi/lib/thumb/v7e-m/crt0.o (memset)
c:/program files (x86)/atmel/studio/7.0/toolchain/arm/arm-gnu-toolchain/bin/../lib/gcc/arm-none-eabi/6.3.1/../../../../arm-none-eabi/lib/thumb/v7e-m\libc_nano.a(lib_a-nano-freer.o)
                              c:/program files (x86)/atmel/studio/7.0/toolchain/arm/arm-gnu-toolchain/bin/../lib/gcc/arm-none-eabi/6.3.1/../../../../arm-none-eabi/lib/thumb/v7e-m\libc_nano.a(lib_a-fflush.o) (_free_r)
c:/program files (x86)/atmel/studio/7.0/toolchain/arm/arm-gnu-toolchain/bin/../lib/gcc/arm-none-eabi/6.3.1/../../../../arm-none-eabi/lib/thumb/v7e-m\libc_nano.a(lib_a-nano-mallocr.o)
                              c:/program files (x86)/atmel/studio/7.0/toolchain/arm/arm-gnu-toolchain/bin/../lib/gcc/arm-none-eabi/6.3.1/../../../../arm-none-eabi/lib/thumb/v7e-m\libc_nano.a(lib_a-findfp.o) (_malloc_r)
[...]
Memory Configuration

Name             Origin             Length             Attributes
rom              0x00000000         0x00100000         xr
ram              0x20000000         0x00040000         xrw
bkupram          0x47000000         0x00002000         xrw
qspi             0x04000000         0x01000000         xrw
*default*        0x00000000         0xffffffff

Linker script and memory map

LOAD c:/program files (x86)/atmel/studio/7.0/toolchain/arm/arm-gnu-toolchain/bin/../lib/gcc/arm-none-eabi/6.3.1/thumb/v7e-m/crti.o
LOAD c:/program files (x86)/atmel/studio/7.0/toolchain/arm/arm-gnu-toolchain/bin/../lib/gcc/arm-none-eabi/6.3.1/thumb/v7e-m/crtbegin.o
LOAD c:/program files (x86)/atmel/studio/7.0/toolchain/arm/arm-gnu-toolchain/bin/../lib/gcc/arm-none-eabi/6.3.1/../../../../arm-none-eabi/lib/thumb/v7e-m/crt0.o
LOAD atmel_start.o
LOAD Device_Startup/startup_same54.o
LOAD Device_Startup/system_same54.o
LOAD driver_init.o
LOAD examples/driver_examples.o
LOAD hal/src/hal_atomic.o
LOAD hal/src/hal_cache.o
LOAD hal/src/hal_delay.o
LOAD hal/src/hal_gpio.o
LOAD hal/src/hal_init.o
LOAD hal/src/hal_io.o
LOAD hal/src/hal_mci_sync.o
LOAD hal/src/hal_sleep.o
LOAD hal/src/hal_usart_sync.o
LOAD hal/utils/src/utils_assert.o
LOAD hal/utils/src/utils_event.o
LOAD hal/utils/src/utils_list.o
LOAD hal/utils/src/utils_syscalls.o
LOAD hpl/cmcc/hpl_cmcc.o
LOAD hpl/core/hpl_core_m4.o
LOAD hpl/core/hpl_init.o
LOAD hpl/dmac/hpl_dmac.o
LOAD hpl/gclk/hpl_gclk.o
LOAD hpl/mclk/hpl_mclk.o
LOAD hpl/osc32kctrl/hpl_osc32kctrl.o
LOAD hpl/oscctrl/hpl_oscctrl.o
LOAD hpl/pm/hpl_pm.o
LOAD hpl/ramecc/hpl_ramecc.o
LOAD hpl/sdhc/hpl_sdhc.o
LOAD hpl/sercom/hpl_sercom.o
LOAD lidar.o
LOAD main.o
LOAD sd_mmc/sd_mmc.o
LOAD sd_mmc_start.o
LOAD servo.o
LOAD smart_eeprom.o
LOAD stdio_redirect/gcc/read.o
LOAD stdio_redirect/gcc/write.o
LOAD stdio_redirect/stdio_io.o
LOAD stdio_start.o
START GROUP
LOAD c:/program files (x86)/atmel/studio/7.0/toolchain/arm/arm-gnu-toolchain/bin/../lib/gcc/arm-none-eabi/6.3.1/../../../../arm-none-eabi/lib/thumb/v7e-m\libm.a
END GROUP
START GROUP
LOAD c:/program files (x86)/atmel/studio/7.0/toolchain/arm/arm-gnu-toolchain/bin/../lib/gcc/arm-none-eabi/6.3.1/thumb/v7e-m\libgcc.a
LOAD c:/program files (x86)/atmel/studio/7.0/toolchain/arm/arm-gnu-toolchain/bin/../lib/gcc/arm-none-eabi/6.3.1/../../../../arm-none-eabi/lib/thumb/v7e-m\libc_nano.a
END GROUP
START GROUP
LOAD c:/program files (x86)/atmel/studio/7.0/toolchain/arm/arm-gnu-toolchain/bin/../lib/gcc/arm-none-eabi/6.3.1/thumb/v7e-m\libgcc.a
LOAD c:/program files (x86)/atmel/studio/7.0/toolchain/arm/arm-gnu-toolchain/bin/../lib/gcc/arm-none-eabi/6.3.1/../../../../arm-none-eabi/lib/thumb/v7e-m\libc_nano.a
END GROUP
LOAD c:/program files (x86)/atmel/studio/7.0/toolchain/arm/arm-gnu-toolchain/bin/../lib/gcc/arm-none-eabi/6.3.1/thumb/v7e-m/crtend.o
LOAD c:/program files (x86)/atmel/studio/7.0/toolchain/arm/arm-gnu-toolchain/bin/../lib/gcc/arm-none-eabi/6.3.1/thumb/v7e-m/crtn.o
                0x00010000                STACK_SIZE = DEFINED (STACK_SIZE)?STACK_SIZE:DEFINED (__stack_size__)?__stack_size__:0x10000

.text           0x00000000     0x43fc
                0x00000000                . = ALIGN (0x4)
                0x00000000                _sfixed = .
 *(.vectors .vectors.*)
 .vectors       0x00000000      0x264 Device_Startup/startup_same54.o
                0x00000000                exception_table
 *(.text .text.* .gnu.linkonce.t.*)
 .text          0x00000264       0x6c c:/program files (x86)/atmel/studio/7.0/toolchain/arm/arm-gnu-toolchain/bin/../lib/gcc/arm-none-eabi/6.3.1/thumb/v7e-m/crtbegin.o
 .text.atmel_start_init
                0x000002d0       0x1c atmel_start.o
                0x000002d0                atmel_start_init
 .text.Dummy_Handler
                0x000002ec        0x2 Device_Startup/startup_same54.o
                0x000002ec                EIC_5_Handler
                0x000002ec                SVCall_Handler
                0x000002ec                SERCOM0_2_Handler
                0x000002ec                EIC_13_Handler
                0x000002ec                EVSYS_0_Handler
                0x000002ec                TCC1_3_Handler
                0x000002ec                DAC_3_Handler
                0x000002ec                TRNG_Handler
                0x000002ec                TC2_Handler
                0x000002ec                PDEC_2_Handler
                0x000002ec                EIC_4_Handler
                0x000002ec                AC_Handler
                0x000002ec                SERCOM3_1_Handler
                0x000002ec                SysTick_Handler
                0x000002ec                TCC2_3_Handler
                0x000002ec                SERCOM3_2_Handler
                0x000002ec                PendSV_Handler
                0x000002ec                TC7_Handler
                0x000002ec                ADC1_1_Handler
                0x000002ec                EVSYS_3_Handler
                0x000002ec                PDEC_0_Handler
                0x000002ec                QSPI_Handler
                0x000002ec                NonMaskableInt_Handler
                0x000002ec                TCC0_0_Handler
                0x000002ec                EIC_3_Handler
                0x000002ec                MemManagement_Handler
                0x000002ec                DAC_2_Handler
                0x000002ec                SERCOM0_0_Handler
                0x000002ec                RTC_Handler
                0x000002ec                UsageFault_Handler
                0x000002ec                SERCOM4_0_Handler
                0x000002ec                EIC_10_Handler
                0x000002ec                SERCOM0_3_Handler
                0x000002ec                EIC_11_Handler
                0x000002ec                EIC_9_Handler
                0x000002ec                OSC32KCTRL_Handler
                0x000002ec                TCC2_1_Handler
                0x000002ec                SUPC_1_Handler
                0x000002ec                TCC0_5_Handler
                0x000002ec                TCC0_6_Handler
                0x000002ec                SERCOM6_2_Handler
                0x000002ec                EVSYS_1_Handler
                0x000002ec                TCC1_4_Handler
                0x000002ec                TC6_Handler
                0x000002ec                DMAC_0_Handler
                0x000002ec                WDT_Handler
                0x000002ec                CAN0_Handler
                0x000002ec                EIC_8_Handler
                0x000002ec                EIC_15_Handler
                0x000002ec                SERCOM6_0_Handler
                0x000002ec                SERCOM5_0_Handler
                0x000002ec                TC4_Handler
                0x000002ec                TC1_Handler
                0x000002ec                OSCCTRL_4_Handler
                0x000002ec                SERCOM4_3_Handler
                0x000002ec                EIC_12_Handler
                0x000002ec                DMAC_4_Handler
                0x000002ec                TCC4_2_Handler
                0x000002ec                PAC_Handler
                0x000002ec                TCC1_0_Handler
                0x000002ec                USB_0_Handler
                0x000002ec                OSCCTRL_0_Handler
                0x000002ec                EIC_0_Handler
                0x000002ec                OSCCTRL_3_Handler
                0x000002ec                SERCOM4_1_Handler
                0x000002ec                TC3_Handler
                0x000002ec                Dummy_Handler
                0x000002ec                TCC3_0_Handler
                0x000002ec                TCC2_2_Handler
                0x000002ec                SERCOM5_1_Handler
                0x000002ec                TCC1_1_Handler
                0x000002ec                DMAC_2_Handler
                0x000002ec                ADC0_0_Handler
                0x000002ec                SERCOM0_1_Handler
                0x000002ec                OSCCTRL_2_Handler
                0x000002ec                ADC1_0_Handler
                0x000002ec                TCC1_2_Handler
                0x000002ec                SERCOM7_1_Handler
                0x000002ec                USB_1_Handler
                0x000002ec                PM_Handler
                0x000002ec                SERCOM6_3_Handler
                0x000002ec                SERCOM2_3_Handler
                0x000002ec                DAC_4_Handler
                0x000002ec                TCC3_2_Handler
                0x000002ec                SERCOM7_0_Handler
                0x000002ec                TCC0_2_Handler
                0x000002ec                DMAC_1_Handler
                0x000002ec                TCC4_0_Handler
                0x000002ec                SERCOM7_3_Handler
                0x000002ec                GMAC_Handler
                0x000002ec                SDHC1_Handler
                0x000002ec                USB_3_Handler
                0x000002ec                SERCOM7_2_Handler
                0x000002ec                CAN1_Handler
                0x000002ec                TCC2_0_Handler
                0x000002ec                PDEC_1_Handler
                0x000002ec                TCC4_1_Handler
                0x000002ec                SERCOM5_3_Handler
                0x000002ec                USB_2_Handler
                0x000002ec                SERCOM6_1_Handler
                0x000002ec                SDHC0_Handler
                0x000002ec                SERCOM1_1_Handler
                0x000002ec                I2S_Handler
                0x000002ec                EIC_2_Handler
                0x000002ec                PCC_Handler
                0x000002ec                DAC_0_Handler
                0x000002ec                TCC0_1_Handler
                0x000002ec                SERCOM1_3_Handler
                0x000002ec                EIC_6_Handler
                0x000002ec                OSCCTRL_1_Handler
                0x000002ec                SERCOM1_0_Handler
                0x000002ec                PUKCC_Handler
                0x000002ec                SERCOM2_1_Handler
                0x000002ec                SERCOM1_2_Handler
                0x000002ec                SERCOM3_0_Handler
                0x000002ec                EIC_1_Handler
                0x000002ec                SERCOM4_2_Handler
                0x000002ec                EVSYS_4_Handler
                0x000002ec                EIC_7_Handler
                0x000002ec                NVMCTRL_1_Handler
                0x000002ec                SERCOM5_2_Handler
                0x000002ec                SERCOM3_3_Handler
                0x000002ec                ADC0_1_Handler
                0x000002ec                SERCOM2_2_Handler
                0x000002ec                TCC3_1_Handler
                0x000002ec                EIC_14_Handler
                0x000002ec                DAC_1_Handler
                0x000002ec                NVMCTRL_0_Handler
                0x000002ec                MCLK_Handler
                0x000002ec                EVSYS_2_Handler
                0x000002ec                SUPC_0_Handler
                0x000002ec                BusFault_Handler
                0x000002ec                FREQM_Handler
                0x000002ec                TC0_Handler
                0x000002ec                TCC0_3_Handler
                0x000002ec                DMAC_3_Handler
                0x000002ec                DebugMonitor_Handler
                0x000002ec                TCC0_4_Handler
                0x000002ec                TC5_Handler
                0x000002ec                SERCOM2_0_Handler
                0x000002ec                AES_Handler
                0x000002ec                ICM_Handler
 *fill*         0x000002ee        0x2 
 .text.Reset_Handler
                0x000002f0       0x98 Device_Startup/startup_same54.o
                0x000002f0                Reset_Handler
 .text.STDIO_IO_PORT_init
                0x00000388       0x48 driver_init.o
                0x00000388                STDIO_IO_PORT_init
 .text.STDIO_IO_CLOCK_init
                0x000003d0       0x24 driver_init.o
                0x000003d0                STDIO_IO_CLOCK_init
 .text.STDIO_IO_init
                0x000003f4       0x2c driver_init.o
                0x000003f4                STDIO_IO_init
 .text.SDHC_IO_BUS_PORT_init
                0x00000420      0x18c driver_init.o
                0x00000420                SDHC_IO_BUS_PORT_init
 .text.SDHC_IO_BUS_CLOCK_init
                0x000005ac       0x20 driver_init.o
                0x000005ac                SDHC_IO_BUS_CLOCK_init
 .text.SDHC_IO_BUS_init
                0x000005cc       0x28 driver_init.o
                0x000005cc                SDHC_IO_BUS_init
 .text.system_init
                0x000005f4       0xe8 driver_init.o
                0x000005f4                system_init
 .text.io_write
                0x000006dc       0x30 hal/src/hal_io.o
                0x000006dc                io_write
 .text.io_read  0x0000070c       0x30 hal/src/hal_io.o
                0x0000070c                io_read
 .text.mci_sync_init
                0x0000073c       0x30 hal/src/hal_mci_sync.o
                0x0000073c                mci_sync_init
 .text.usart_sync_write
                0x0000076c       0x74 hal/src/hal_usart_sync.o
 .text.usart_sync_read
                0x000007e0       0x60 hal/src/hal_usart_sync.o
 .text.usart_sync_init
                0x00000840       0x48 hal/src/hal_usart_sync.o
                0x00000840                usart_sync_init
 .text.usart_sync_enable
                0x00000888       0x2c hal/src/hal_usart_sync.o
                0x00000888                usart_sync_enable
 .text.assert   0x000008b4        0x6 hal/utils/src/utils_assert.o
                0x000008b4                assert
 *fill*         0x000008ba        0x2 
 .text._sbrk    0x000008bc       0x24 hal/utils/src/utils_syscalls.o
                0x000008bc                _sbrk
 .text._close   0x000008e0        0x6 hal/utils/src/utils_syscalls.o
                0x000008e0                _close
 .text._fstat   0x000008e6        0xa hal/utils/src/utils_syscalls.o
                0x000008e6                _fstat
 .text._isatty  0x000008f0        0x4 hal/utils/src/utils_syscalls.o
                0x000008f0                _isatty
 .text._lseek   0x000008f4        0x4 hal/utils/src/utils_syscalls.o
                0x000008f4                _lseek
 .text._init_chip
                0x000008f8       0x3c hpl/core/hpl_init.o
                0x000008f8                _init_chip
 .text._gclk_init_generators_by_fref
                0x00000934       0x24 hpl/gclk/hpl_gclk.o
                0x00000934                _gclk_init_generators_by_fref
 .text._mclk_init
                0x00000958        0xc hpl/mclk/hpl_mclk.o
                0x00000958                _mclk_init
 .text._osc32kctrl_init_sources
                0x00000964       0x14 hpl/osc32kctrl/hpl_osc32kctrl.o
                0x00000964                _osc32kctrl_init_sources
 .text._oscctrl_init_sources
                0x00000978       0x1c hpl/oscctrl/hpl_oscctrl.o
                0x00000978                _oscctrl_init_sources
 .text._oscctrl_init_referenced_generators
                0x00000994        0x2 hpl/oscctrl/hpl_oscctrl.o
                0x00000994                _oscctrl_init_referenced_generators
 *fill*         0x00000996        0x2 
 .text.RAMECC_Handler
                0x00000998       0x44 hpl/ramecc/hpl_ramecc.o
                0x00000998                RAMECC_Handler
 .text._mci_sync_init
                0x000009dc       0x68 hpl/sdhc/hpl_sdhc.o
                0x000009dc                _mci_sync_init
 .text._sercom_get_hardware_index
                0x00000a44       0x44 hpl/sercom/hpl_sercom.o
 .text._usart_init
                0x00000a88      0x11c hpl/sercom/hpl_sercom.o
 .text._usart_sync_init
                0x00000ba4       0x2c hpl/sercom/hpl_sercom.o
                0x00000ba4                _usart_sync_init
 .text._usart_sync_enable
                0x00000bd0       0x14 hpl/sercom/hpl_sercom.o
                0x00000bd0                _usart_sync_enable
 .text._usart_sync_write_byte
                0x00000be4        0x6 hpl/sercom/hpl_sercom.o
                0x00000be4                _usart_sync_write_byte
 .text._usart_sync_read_byte
                0x00000bea        0x8 hpl/sercom/hpl_sercom.o
                0x00000bea                _usart_sync_read_byte
 .text._usart_sync_is_ready_to_send
                0x00000bf2        0xa hpl/sercom/hpl_sercom.o
                0x00000bf2                _usart_sync_is_ready_to_send
 .text._usart_sync_is_transmit_done
                0x00000bfc        0xa hpl/sercom/hpl_sercom.o
                0x00000bfc                _usart_sync_is_transmit_done
 .text._usart_sync_is_byte_received
                0x00000c06        0xa hpl/sercom/hpl_sercom.o
                0x00000c06                _usart_sync_is_byte_received
 .text.LIDAR_USART_PORT_init
                0x00000c10       0x48 lidar.o
                0x00000c10                LIDAR_USART_PORT_init
 .text.LIDAR_USART_CLOCK_init
                0x00000c58       0x24 lidar.o
                0x00000c58                LIDAR_USART_CLOCK_init
 .text.LIDAR_USART_init
                0x00000c7c       0x2c lidar.o
                0x00000c7c                LIDAR_USART_init
 .text.LIDAR_PWM_PORT_init
                0x00000ca8       0x40 lidar.o
                0x00000ca8                LIDAR_PWM_PORT_init
 .text.LIDAR_PWM_CLOCK_init
                0x00000ce8       0x1c lidar.o
                0x00000ce8                LIDAR_PWM_CLOCK_init
 .text.LIDAR_PWM_init
                0x00000d04       0xac lidar.o
                0x00000d04                LIDAR_PWM_init
 .text.LIDAR_PWM_start
                0x00000db0       0x6c lidar.o
                0x00000db0                LIDAR_PWM_start
 .text.LIDAR_PWM_stop
                0x00000e1c       0x6c lidar.o
                0x00000e1c                LIDAR_PWM_stop
 .text.LIDAR_menu
                0x00000e88      0x134 lidar.o
                0x00000e88                LIDAR_menu
 .text.HardFault_Handler
                0x00000fbc       0x14 main.o
                0x00000fbc                HardFault_Handler
 .text.main     0x00000fd0       0xdc main.o
                0x00000fd0                main
 .text.sd_mmc_init
                0x000010ac       0x1c sd_mmc/sd_mmc.o
                0x000010ac                sd_mmc_init
 .text.sd_mmc_stack_init
                0x000010c8       0x1c sd_mmc_start.o
                0x000010c8                sd_mmc_stack_init
 .text.SERVO_PWM_PORT_init
                0x000010e4       0x28 servo.o
                0x000010e4                SERVO_PWM_PORT_init
 .text.SERVO_PWM_CLOCK_init
                0x0000110c       0x1c servo.o
                0x0000110c                SERVO_PWM_CLOCK_init
 .text.SERVO_PWM_init
                0x00001128       0xb0 servo.o
                0x00001128                SERVO_PWM_init
 .text.SERVO_set_angle
                0x000011d8       0xd4 servo.o
                0x000011d8                SERVO_set_angle
 .text.SERVO_menu
                0x000012ac       0xb8 servo.o
                0x000012ac                SERVO_menu
 .text.invert_seep_byte
                0x00001364       0x50 smart_eeprom.o
                0x00001364                invert_seep_byte
 .text.verify_seep_signature
                0x000013b4       0x40 smart_eeprom.o
                0x000013b4                verify_seep_signature
 .text.print_hex_array
                0x000013f4       0x54 smart_eeprom.o
                0x000013f4                print_hex_array
 .text.EEPROM_init
                0x00001448       0x90 smart_eeprom.o
                0x00001448                EEPROM_init
 .text.EEPROM_read
                0x000014d8       0x40 smart_eeprom.o
                0x000014d8                EEPROM_read
 .text.EEPROM_write
                0x00001518       0xa8 smart_eeprom.o
                0x00001518                EEPROM_write
 .text.EEPROM_menu
                0x000015c0       0xb4 smart_eeprom.o
                0x000015c0                EEPROM_menu
 .text._read    0x00001674       0x20 stdio_redirect/gcc/read.o
                0x00001674                _read
 .text._write   0x00001694       0x24 stdio_redirect/gcc/write.o
                0x00001694                _write
 .text.stdio_io_init
                0x000016b8       0x2c stdio_redirect/stdio_io.o
                0x000016b8                stdio_io_init
 .text.stdio_io_read
                0x000016e4       0x24 stdio_redirect/stdio_io.o
                0x000016e4                stdio_io_read
 .text.stdio_io_write
                0x00001708       0x24 stdio_redirect/stdio_io.o
                0x00001708                stdio_io_write
 .text.stdio_redirect_init
                0x0000172c       0x20 stdio_start.o
                0x0000172c                stdio_redirect_init
 .text          0x0000174c      0x370 c:/program files (x86)/atmel/studio/7.0/toolchain/arm/arm-gnu-toolchain/bin/../lib/gcc/arm-none-eabi/6.3.1/thumb/v7e-m\libgcc.a(_arm_addsubdf3.o)
                0x0000174c                __aeabi_drsub
                0x00001754                __aeabi_dsub
                0x00001754                __subdf3
                0x00001758                __aeabi_dadd
                0x00001758                __adddf3
                0x000019d0                __floatunsidf
                0x000019d0                __aeabi_ui2d
                0x000019f0                __floatsidf
                0x000019f0                __aeabi_i2d
                0x00001a14                __aeabi_f2d
                0x00001a14                __extendsfdf2
                0x00001a50                __floatundidf
                0x00001a50                __aeabi_ul2d
                0x00001a60                __floatdidf
                0x00001a60                __aeabi_l2d
 .text          0x00001abc      0x424 c:/program files (x86)/atmel/studio/7.0/toolchain/arm/arm-gnu-toolchain/bin/../lib/gcc/arm-none-eabi/6.3.1/thumb/v7e-m\libgcc.a(_arm_muldivdf3.o)
                0x00001abc                __aeabi_dmul
                0x00001abc                __muldf3
                0x00001d10                __divdf3
                0x00001d10                __aeabi_ddiv
 .text          0x00001ee0       0x40 c:/program files (x86)/atmel/studio/7.0/toolchain/arm/arm-gnu-toolchain/bin/../lib/gcc/arm-none-eabi/6.3.1/thumb/v7e-m\libgcc.a(_arm_fixunsdfsi.o)
                0x00001ee0                __aeabi_d2uiz
                0x00001ee0                __fixunsdfsi
 .text.__sflush_r
                0x00001f20      0x110 c:/program files (x86)/atmel/studio/7.0/toolchain/arm/arm-gnu-toolchain/bin/../lib/gcc/arm-none-eabi/6.3.1/../../../../arm-none-eabi/lib/thumb/v7e-m\libc_nano.a(lib_a-fflush.o)
                0x00001f20                __sflush_r
 .text._fflush_r
                0x00002030       0x54 c:/program files (x86)/atmel/studio/7.0/toolchain/arm/arm-gnu-toolchain/bin/../lib/gcc/arm-none-eabi/6.3.1/../../../../arm-none-eabi/lib/thumb/v7e-m\libc_nano.a(lib_a-fflush.o)
                0x00002030                _fflush_r
 .text.fflush   0x00002084       0x24 c:/program files (x86)/atmel/studio/7.0/toolchain/arm/arm-gnu-toolchain/bin/../lib/gcc/arm-none-eabi/6.3.1/../../../../arm-none-eabi/lib/thumb/v7e-m\libc_nano.a(lib_a-fflush.o)
                0x00002084                fflush
 .text._cleanup_r
                0x000020a8        0xc c:/program files (x86)/atmel/studio/7.0/toolchain/arm/arm-gnu-toolchain/bin/../lib/gcc/arm-none-eabi/6.3.1/../../../../arm-none-eabi/lib/thumb/v7e-m\libc_nano.a(lib_a-findfp.o)
                0x000020a8                _cleanup_r
 .text.std.isra.0
                0x000020b4       0x48 c:/program files (x86)/atmel/studio/7.0/toolchain/arm/arm-gnu-toolchain/bin/../lib/gcc/arm-none-eabi/6.3.1/../../../../arm-none-eabi/lib/thumb/v7e-m\libc_nano.a(lib_a-findfp.o)
 .text.__sfmoreglue
                0x000020fc       0x2c c:/program files (x86)/atmel/studio/7.0/toolchain/arm/arm-gnu-toolchain/bin/../lib/gcc/arm-none-eabi/6.3.1/../../../../arm-none-eabi/lib/thumb/v7e-m\libc_nano.a(lib_a-findfp.o)
                0x000020fc                __sfmoreglue
 .text.__sinit  0x00002128       0x60 c:/program files (x86)/atmel/studio/7.0/toolchain/arm/arm-gnu-toolchain/bin/../lib/gcc/arm-none-eabi/6.3.1/../../../../arm-none-eabi/lib/thumb/v7e-m\libc_nano.a(lib_a-findfp.o)
                0x00002128                __sinit
 .text.__sfp    0x00002188       0x78 c:/program files (x86)/atmel/studio/7.0/toolchain/arm/arm-gnu-toolchain/bin/../lib/gcc/arm-none-eabi/6.3.1/../../../../arm-none-eabi/lib/thumb/v7e-m\libc_nano.a(lib_a-findfp.o)
                0x00002188                __sfp
 .text._fwalk   0x00002200       0x38 c:/program files (x86)/atmel/studio/7.0/toolchain/arm/arm-gnu-toolchain/bin/../lib/gcc/arm-none-eabi/6.3.1/../../../../arm-none-eabi/lib/thumb/v7e-m\libc_nano.a(lib_a-fwalk.o)
                0x00002200                _fwalk
 .text._fwalk_reent
                0x00002238       0x3c c:/program files (x86)/atmel/studio/7.0/toolchain/arm/arm-gnu-toolchain/bin/../lib/gcc/arm-none-eabi/6.3.1/../../../../arm-none-eabi/lib/thumb/v7e-m\libc_nano.a(lib_a-fwalk.o)
                0x00002238                _fwalk_reent
 .text.__libc_init_array
                0x00002274       0x48 c:/program files (x86)/atmel/studio/7.0/toolchain/arm/arm-gnu-toolchain/bin/../lib/gcc/arm-none-eabi/6.3.1/../../../../arm-none-eabi/lib/thumb/v7e-m\libc_nano.a(lib_a-init.o)
                0x00002274                __libc_init_array
 .text.memset   0x000022bc       0x10 c:/program files (x86)/atmel/studio/7.0/toolchain/arm/arm-gnu-toolchain/bin/../lib/gcc/arm-none-eabi/6.3.1/../../../../arm-none-eabi/lib/thumb/v7e-m\libc_nano.a(lib_a-memset.o)
                0x000022bc                memset
 .text._free_r  0x000022cc       0x9c c:/program files (x86)/atmel/studio/7.0/toolchain/arm/arm-gnu-toolchain/bin/../lib/gcc/arm-none-eabi/6.3.1/../../../../arm-none-eabi/lib/thumb/v7e-m\libc_nano.a(lib_a-nano-freer.o)
                0x000022cc                _free_r
 .text._malloc_r
                0x00002368       0xbc c:/program files (x86)/atmel/studio/7.0/toolchain/arm/arm-gnu-toolchain/bin/../lib/gcc/arm-none-eabi/6.3.1/../../../../arm-none-eabi/lib/thumb/v7e-m\libc_nano.a(lib_a-nano-mallocr.o)
                0x00002368                _malloc_r
 .text.printf   0x00002424       0x30 c:/program files (x86)/atmel/studio/7.0/toolchain/arm/arm-gnu-toolchain/bin/../lib/gcc/arm-none-eabi/6.3.1/../../../../arm-none-eabi/lib/thumb/v7e-m\libc_nano.a(lib_a-printf.o)
                0x00002424                iprintf
                0x00002424                printf
 .text._puts_r  0x00002454       0xb8 c:/program files (x86)/atmel/studio/7.0/toolchain/arm/arm-gnu-toolchain/bin/../lib/gcc/arm-none-eabi/6.3.1/../../../../arm-none-eabi/lib/thumb/v7e-m\libc_nano.a(lib_a-puts.o)
                0x00002454                _puts_r
 .text.puts     0x0000250c       0x10 c:/program files (x86)/atmel/studio/7.0/toolchain/arm/arm-gnu-toolchain/bin/../lib/gcc/arm-none-eabi/6.3.1/../../../../arm-none-eabi/lib/thumb/v7e-m\libc_nano.a(lib_a-puts.o)
                0x0000250c                puts
 .text._sbrk_r  0x0000251c       0x20 c:/program files (x86)/atmel/studio/7.0/toolchain/arm/arm-gnu-toolchain/bin/../lib/gcc/arm-none-eabi/6.3.1/../../../../arm-none-eabi/lib/thumb/v7e-m\libc_nano.a(lib_a-sbrkr.o)
                0x0000251c                _sbrk_r
 .text.scanf    0x0000253c       0x30 c:/program files (x86)/atmel/studio/7.0/toolchain/arm/arm-gnu-toolchain/bin/../lib/gcc/arm-none-eabi/6.3.1/../../../../arm-none-eabi/lib/thumb/v7e-m\libc_nano.a(lib_a-scanf.o)
                0x0000253c                scanf
                0x0000253c                iscanf
 .text.setbuf   0x0000256c       0x10 c:/program files (x86)/atmel/studio/7.0/toolchain/arm/arm-gnu-toolchain/bin/../lib/gcc/arm-none-eabi/6.3.1/../../../../arm-none-eabi/lib/thumb/v7e-m\libc_nano.a(lib_a-setbuf.o)
                0x0000256c                setbuf
 .text.setvbuf  0x0000257c      0x15c c:/program files (x86)/atmel/studio/7.0/toolchain/arm/arm-gnu-toolchain/bin/../lib/gcc/arm-none-eabi/6.3.1/../../../../arm-none-eabi/lib/thumb/v7e-m\libc_nano.a(lib_a-setvbuf.o)
                0x0000257c                setvbuf
 .text.__sread  0x000026d8       0x22 c:/program files (x86)/atmel/studio/7.0/toolchain/arm/arm-gnu-toolchain/bin/../lib/gcc/arm-none-eabi/6.3.1/../../../../arm-none-eabi/lib/thumb/v7e-m\libc_nano.a(lib_a-stdio.o)
                0x000026d8                __sread
 .text.__swrite
                0x000026fa       0x38 c:/program files (x86)/atmel/studio/7.0/toolchain/arm/arm-gnu-toolchain/bin/../lib/gcc/arm-none-eabi/6.3.1/../../../../arm-none-eabi/lib/thumb/v7e-m\libc_nano.a(lib_a-stdio.o)
                0x000026fa                __swrite
 .text.__sseek  0x00002732       0x24 c:/program files (x86)/atmel/studio/7.0/toolchain/arm/arm-gnu-toolchain/bin/../lib/gcc/arm-none-eabi/6.3.1/../../../../arm-none-eabi/lib/thumb/v7e-m\libc_nano.a(lib_a-stdio.o)
                0x00002732                __sseek
 .text.__sclose
                0x00002756        0x8 c:/program files (x86)/atmel/studio/7.0/toolchain/arm/arm-gnu-toolchain/bin/../lib/gcc/arm-none-eabi/6.3.1/../../../../arm-none-eabi/lib/thumb/v7e-m\libc_nano.a(lib_a-stdio.o)
                0x00002756                __sclose
 *fill*         0x0000275e        0x2 
 .text.__swbuf_r
                0x00002760       0xa4 c:/program files (x86)/atmel/studio/7.0/toolchain/arm/arm-gnu-toolchain/bin/../lib/gcc/arm-none-eabi/6.3.1/../../../../arm-none-eabi/lib/thumb/v7e-m\libc_nano.a(lib_a-wbuf.o)
                0x00002760                __swbuf_r
 .text._write_r
                0x00002804       0x24 c:/program files (x86)/atmel/studio/7.0/toolchain/arm/arm-gnu-toolchain/bin/../lib/gcc/arm-none-eabi/6.3.1/../../../../arm-none-eabi/lib/thumb/v7e-m\libc_nano.a(lib_a-writer.o)
                0x00002804                _write_r
 .text.__swsetup_r
                0x00002828       0xdc c:/program files (x86)/atmel/studio/7.0/toolchain/arm/arm-gnu-toolchain/bin/../lib/gcc/arm-none-eabi/6.3.1/../../../../arm-none-eabi/lib/thumb/v7e-m\libc_nano.a(lib_a-wsetup.o)
                0x00002828                __swsetup_r
 .text._close_r
                0x00002904       0x20 c:/program files (x86)/atmel/studio/7.0/toolchain/arm/arm-gnu-toolchain/bin/../lib/gcc/arm-none-eabi/6.3.1/../../../../arm-none-eabi/lib/thumb/v7e-m\libc_nano.a(lib_a-closer.o)
                0x00002904                _close_r
 .text._lseek_r
                0x00002924       0x24 c:/program files (x86)/atmel/studio/7.0/toolchain/arm/arm-gnu-toolchain/bin/../lib/gcc/arm-none-eabi/6.3.1/../../../../arm-none-eabi/lib/thumb/v7e-m\libc_nano.a(lib_a-lseekr.o)
                0x00002924                _lseek_r
 .text.__swhatbuf_r
                0x00002948       0x48 c:/program files (x86)/atmel/studio/7.0/toolchain/arm/arm-gnu-toolchain/bin/../lib/gcc/arm-none-eabi/6.3.1/../../../../arm-none-eabi/lib/thumb/v7e-m\libc_nano.a(lib_a-makebuf.o)
                0x00002948                __swhatbuf_r
 .text.__smakebuf_r
                0x00002990       0x80 c:/program files (x86)/atmel/studio/7.0/toolchain/arm/arm-gnu-toolchain/bin/../lib/gcc/arm-none-eabi/6.3.1/../../../../arm-none-eabi/lib/thumb/v7e-m\libc_nano.a(lib_a-makebuf.o)
                0x00002990                __smakebuf_r
 .text.malloc   0x00002a10       0x10 c:/program files (x86)/atmel/studio/7.0/toolchain/arm/arm-gnu-toolchain/bin/../lib/gcc/arm-none-eabi/6.3.1/../../../../arm-none-eabi/lib/thumb/v7e-m\libc_nano.a(lib_a-malloc.o)
                0x00002a10                malloc
 .text.__malloc_lock
                0x00002a20        0x2 c:/program files (x86)/atmel/studio/7.0/toolchain/arm/arm-gnu-toolchain/bin/../lib/gcc/arm-none-eabi/6.3.1/../../../../arm-none-eabi/lib/thumb/v7e-m\libc_nano.a(lib_a-mlock.o)
                0x00002a20                __malloc_lock
 .text.__malloc_unlock
                0x00002a22        0x2 c:/program files (x86)/atmel/studio/7.0/toolchain/arm/arm-gnu-toolchain/bin/../lib/gcc/arm-none-eabi/6.3.1/../../../../arm-none-eabi/lib/thumb/v7e-m\libc_nano.a(lib_a-mlock.o)
                0x00002a22                __malloc_unlock
 .text.__sfputc_r
                0x00002a24       0x2c c:/program files (x86)/atmel/studio/7.0/toolchain/arm/arm-gnu-toolchain/bin/../lib/gcc/arm-none-eabi/6.3.1/../../../../arm-none-eabi/lib/thumb/v7e-m\libc_nano.a(lib_a-nano-vfprintf.o)
 .text.__sfputs_r
                0x00002a50       0x24 c:/program files (x86)/atmel/studio/7.0/toolchain/arm/arm-gnu-toolchain/bin/../lib/gcc/arm-none-eabi/6.3.1/../../../../arm-none-eabi/lib/thumb/v7e-m\libc_nano.a(lib_a-nano-vfprintf.o)
                0x00002a50                __sfputs_r
 .text._vfprintf_r
                0x00002a74      0x22c c:/program files (x86)/atmel/studio/7.0/toolchain/arm/arm-gnu-toolchain/bin/../lib/gcc/arm-none-eabi/6.3.1/../../../../arm-none-eabi/lib/thumb/v7e-m\libc_nano.a(lib_a-nano-vfprintf.o)
                0x00002a74                _vfprintf_r
                0x00002a74                _vfiprintf_r
 .text._printf_common
                0x00002ca0       0xec c:/program files (x86)/atmel/studio/7.0/toolchain/arm/arm-gnu-toolchain/bin/../lib/gcc/arm-none-eabi/6.3.1/../../../../arm-none-eabi/lib/thumb/v7e-m\libc_nano.a(lib_a-nano-vfprintf_i.o)
                0x00002ca0                _printf_common
 .text._printf_i
                0x00002d8c      0x240 c:/program files (x86)/atmel/studio/7.0/toolchain/arm/arm-gnu-toolchain/bin/../lib/gcc/arm-none-eabi/6.3.1/../../../../arm-none-eabi/lib/thumb/v7e-m\libc_nano.a(lib_a-nano-vfprintf_i.o)
                0x00002d8c                _printf_i
 .text.__svfscanf_r
                0x00002fcc      0x2a8 c:/program files (x86)/atmel/studio/7.0/toolchain/arm/arm-gnu-toolchain/bin/../lib/gcc/arm-none-eabi/6.3.1/../../../../arm-none-eabi/lib/thumb/v7e-m\libc_nano.a(lib_a-nano-vfscanf.o)
                0x00002fcc                __svfscanf_r
                0x00002fcc                __svfiscanf_r
 .text._vfscanf_r
                0x00003274       0x50 c:/program files (x86)/atmel/studio/7.0/toolchain/arm/arm-gnu-toolchain/bin/../lib/gcc/arm-none-eabi/6.3.1/../../../../arm-none-eabi/lib/thumb/v7e-m\libc_nano.a(lib_a-nano-vfscanf.o)
                0x00003274                _vfscanf_r
                0x00003274                _vfiscanf_r
 .text._scanf_chars
                0x000032c4       0xc8 c:/program files (x86)/atmel/studio/7.0/toolchain/arm/arm-gnu-toolchain/bin/../lib/gcc/arm-none-eabi/6.3.1/../../../../arm-none-eabi/lib/thumb/v7e-m\libc_nano.a(lib_a-nano-vfscanf_i.o)
                0x000032c4                _scanf_chars
 .text._scanf_i
                0x0000338c      0x1e8 c:/program files (x86)/atmel/studio/7.0/toolchain/arm/arm-gnu-toolchain/bin/../lib/gcc/arm-none-eabi/6.3.1/../../../../arm-none-eabi/lib/thumb/v7e-m\libc_nano.a(lib_a-nano-vfscanf_i.o)
                0x0000338c                _scanf_i
 .text._read_r  0x00003574       0x24 c:/program files (x86)/atmel/studio/7.0/toolchain/arm/arm-gnu-toolchain/bin/../lib/gcc/arm-none-eabi/6.3.1/../../../../arm-none-eabi/lib/thumb/v7e-m\libc_nano.a(lib_a-readr.o)
                0x00003574                _read_r
 .text.lflush   0x00003598       0x12 c:/program files (x86)/atmel/studio/7.0/toolchain/arm/arm-gnu-toolchain/bin/../lib/gcc/arm-none-eabi/6.3.1/../../../../arm-none-eabi/lib/thumb/v7e-m\libc_nano.a(lib_a-refill.o)
 *fill*         0x000035aa        0x2 
 .text.__srefill_r
                0x000035ac      0x114 c:/program files (x86)/atmel/studio/7.0/toolchain/arm/arm-gnu-toolchain/bin/../lib/gcc/arm-none-eabi/6.3.1/../../../../arm-none-eabi/lib/thumb/v7e-m\libc_nano.a(lib_a-refill.o)
                0x000035ac                __srefill_r
 .text.__sccl   0x000036c0       0x60 c:/program files (x86)/atmel/studio/7.0/toolchain/arm/arm-gnu-toolchain/bin/../lib/gcc/arm-none-eabi/6.3.1/../../../../arm-none-eabi/lib/thumb/v7e-m\libc_nano.a(lib_a-sccl.o)
                0x000036c0                __sccl
 .text._strtol_l.isra.0
                0x00003720      0x100 c:/program files (x86)/atmel/studio/7.0/toolchain/arm/arm-gnu-toolchain/bin/../lib/gcc/arm-none-eabi/6.3.1/../../../../arm-none-eabi/lib/thumb/v7e-m\libc_nano.a(lib_a-strtol.o)
 .text._strtol_r
                0x00003820       0x24 c:/program files (x86)/atmel/studio/7.0/toolchain/arm/arm-gnu-toolchain/bin/../lib/gcc/arm-none-eabi/6.3.1/../../../../arm-none-eabi/lib/thumb/v7e-m\libc_nano.a(lib_a-strtol.o)
                0x00003820                _strtol_r
 .text._strtoul_l.isra.0
                0x00003844       0xfa c:/program files (x86)/atmel/studio/7.0/toolchain/arm/arm-gnu-toolchain/bin/../lib/gcc/arm-none-eabi/6.3.1/../../../../arm-none-eabi/lib/thumb/v7e-m\libc_nano.a(lib_a-strtoul.o)
 *fill*         0x0000393e        0x2 
 .text._strtoul_r
                0x00003940       0x24 c:/program files (x86)/atmel/studio/7.0/toolchain/arm/arm-gnu-toolchain/bin/../lib/gcc/arm-none-eabi/6.3.1/../../../../arm-none-eabi/lib/thumb/v7e-m\libc_nano.a(lib_a-strtoul.o)
                0x00003940                _strtoul_r
 .text.__submore
                0x00003964       0x76 c:/program files (x86)/atmel/studio/7.0/toolchain/arm/arm-gnu-toolchain/bin/../lib/gcc/arm-none-eabi/6.3.1/../../../../arm-none-eabi/lib/thumb/v7e-m\libc_nano.a(lib_a-ungetc.o)
                0x00003964                __submore
 *fill*         0x000039da        0x2 
 .text._ungetc_r
                0x000039dc       0xe4 c:/program files (x86)/atmel/studio/7.0/toolchain/arm/arm-gnu-toolchain/bin/../lib/gcc/arm-none-eabi/6.3.1/../../../../arm-none-eabi/lib/thumb/v7e-m\libc_nano.a(lib_a-ungetc.o)
                0x000039dc                _ungetc_r
 .text._fstat_r
                0x00003ac0       0x24 c:/program files (x86)/atmel/studio/7.0/toolchain/arm/arm-gnu-toolchain/bin/../lib/gcc/arm-none-eabi/6.3.1/../../../../arm-none-eabi/lib/thumb/v7e-m\libc_nano.a(lib_a-fstatr.o)
                0x00003ac0                _fstat_r
 .text._isatty_r
                0x00003ae4       0x20 c:/program files (x86)/atmel/studio/7.0/toolchain/arm/arm-gnu-toolchain/bin/../lib/gcc/arm-none-eabi/6.3.1/../../../../arm-none-eabi/lib/thumb/v7e-m\libc_nano.a(lib_a-isattyr.o)
                0x00003ae4                _isatty_r
 .text.__locale_ctype_ptr_l
                0x00003b04        0x6 c:/program files (x86)/atmel/studio/7.0/toolchain/arm/arm-gnu-toolchain/bin/../lib/gcc/arm-none-eabi/6.3.1/../../../../arm-none-eabi/lib/thumb/v7e-m\libc_nano.a(lib_a-locale.o)
                0x00003b04                __locale_ctype_ptr_l
 *fill*         0x00003b0a        0x2 
 .text.__locale_ctype_ptr
                0x00003b0c       0x1c c:/program files (x86)/atmel/studio/7.0/toolchain/arm/arm-gnu-toolchain/bin/../lib/gcc/arm-none-eabi/6.3.1/../../../../arm-none-eabi/lib/thumb/v7e-m\libc_nano.a(lib_a-locale.o)
                0x00003b0c                __locale_ctype_ptr
 .text.__ascii_mbtowc
                0x00003b28       0x24 c:/program files (x86)/atmel/studio/7.0/toolchain/arm/arm-gnu-toolchain/bin/../lib/gcc/arm-none-eabi/6.3.1/../../../../arm-none-eabi/lib/thumb/v7e-m\libc_nano.a(lib_a-mbtowc_r.o)
                0x00003b28                __ascii_mbtowc
 *fill*         0x00003b4c        0x4 
 .text          0x00003b50       0xa0 c:/program files (x86)/atmel/studio/7.0/toolchain/arm/arm-gnu-toolchain/bin/../lib/gcc/arm-none-eabi/6.3.1/../../../../arm-none-eabi/lib/thumb/v7e-m\libc_nano.a(lib_a-memchr.o)
                0x00003b50                memchr
 .text.memcpy   0x00003bf0       0x16 c:/program files (x86)/atmel/studio/7.0/toolchain/arm/arm-gnu-toolchain/bin/../lib/gcc/arm-none-eabi/6.3.1/../../../../arm-none-eabi/lib/thumb/v7e-m\libc_nano.a(lib_a-memcpy-stub.o)
                0x00003bf0                memcpy
 .text._realloc_r
                0x00003c06       0x4c c:/program files (x86)/atmel/studio/7.0/toolchain/arm/arm-gnu-toolchain/bin/../lib/gcc/arm-none-eabi/6.3.1/../../../../arm-none-eabi/lib/thumb/v7e-m\libc_nano.a(lib_a-nano-reallocr.o)
                0x00003c06                _realloc_r
 .text.__ascii_wctomb
                0x00003c52       0x1a c:/program files (x86)/atmel/studio/7.0/toolchain/arm/arm-gnu-toolchain/bin/../lib/gcc/arm-none-eabi/6.3.1/../../../../arm-none-eabi/lib/thumb/v7e-m\libc_nano.a(lib_a-wctomb_r.o)
                0x00003c52                __ascii_wctomb
 .text._malloc_usable_size_r
                0x00003c6c       0x12 c:/program files (x86)/atmel/studio/7.0/toolchain/arm/arm-gnu-toolchain/bin/../lib/gcc/arm-none-eabi/6.3.1/../../../../arm-none-eabi/lib/thumb/v7e-m\libc_nano.a(lib_a-nano-msizer.o)
                0x00003c6c                _malloc_usable_size_r
 *(.glue_7t)
 .glue_7t       0x00003c7e        0x0 linker stubs
 *(.glue_7)
 .glue_7        0x00003c7e        0x0 linker stubs
 *(.rodata .rodata* .gnu.linkonce.r.*)
 *fill*         0x00003c7e        0x2 
 .rodata.str1.4
                0x00003c80       0x14 hal/src/hal_io.o
 .rodata.str1.4
                0x00003c94       0x1a hal/src/hal_mci_sync.o
 *fill*         0x00003cae        0x2 
 .rodata.str1.4
                0x00003cb0       0x1c hal/src/hal_usart_sync.o
 .rodata.str1.4
                0x00003ccc       0x17 hpl/sdhc/hpl_sdhc.o
 *fill*         0x00003ce3        0x1 
 .rodata        0x00003ce4       0x68 hpl/sercom/hpl_sercom.o
 .rodata.str1.4
                0x00003d4c       0x1b hpl/sercom/hpl_sercom.o
 *fill*         0x00003d67        0x1 
 .rodata.str1.4
                0x00003d68      0x19e lidar.o
                                0x1a2 (size before relaxing)
 *fill*         0x00003f06        0x2 
 .rodata.str1.4
                0x00003f08       0x7b main.o
                                 0x9f (size before relaxing)
 *fill*         0x00003f83        0x1 
 .rodata.str1.4
                0x00003f84       0x6f servo.o
                                 0xc2 (size before relaxing)
 *fill*         0x00003ff3        0x1 
 .rodata.str1.4
                0x00003ff4      0x21c smart_eeprom.o
                                0x272 (size before relaxing)
 .rodata.__sf_fake_stderr
                0x00004210       0x20 c:/program files (x86)/atmel/studio/7.0/toolchain/arm/arm-gnu-toolchain/bin/../lib/gcc/arm-none-eabi/6.3.1/../../../../arm-none-eabi/lib/thumb/v7e-m\libc_nano.a(lib_a-findfp.o)
                0x00004210                __sf_fake_stderr
 .rodata.__sf_fake_stdin
                0x00004230       0x20 c:/program files (x86)/atmel/studio/7.0/toolchain/arm/arm-gnu-toolchain/bin/../lib/gcc/arm-none-eabi/6.3.1/../../../../arm-none-eabi/lib/thumb/v7e-m\libc_nano.a(lib_a-findfp.o)
                0x00004230                __sf_fake_stdin
 .rodata.__sf_fake_stdout
                0x00004250       0x20 c:/program files (x86)/atmel/studio/7.0/toolchain/arm/arm-gnu-toolchain/bin/../lib/gcc/arm-none-eabi/6.3.1/../../../../arm-none-eabi/lib/thumb/v7e-m\libc_nano.a(lib_a-findfp.o)
                0x00004250                __sf_fake_stdout
 .rodata._global_impure_ptr
                0x00004270        0x4 c:/program files (x86)/atmel/studio/7.0/toolchain/arm/arm-gnu-toolchain/bin/../lib/gcc/arm-none-eabi/6.3.1/../../../../arm-none-eabi/lib/thumb/v7e-m\libc_nano.a(lib_a-impure.o)
                0x00004270                _global_impure_ptr
 .rodata._vfprintf_r.str1.1
                0x00004274       0x11 c:/program files (x86)/atmel/studio/7.0/toolchain/arm/arm-gnu-toolchain/bin/../lib/gcc/arm-none-eabi/6.3.1/../../../../arm-none-eabi/lib/thumb/v7e-m\libc_nano.a(lib_a-nano-vfprintf.o)
 .rodata._printf_i.str1.1
                0x00004285       0x22 c:/program files (x86)/atmel/studio/7.0/toolchain/arm/arm-gnu-toolchain/bin/../lib/gcc/arm-none-eabi/6.3.1/../../../../arm-none-eabi/lib/thumb/v7e-m\libc_nano.a(lib_a-nano-vfprintf_i.o)
 .rodata.__svfscanf_r.str1.1
                0x000042a7        0x4 c:/program files (x86)/atmel/studio/7.0/toolchain/arm/arm-gnu-toolchain/bin/../lib/gcc/arm-none-eabi/6.3.1/../../../../arm-none-eabi/lib/thumb/v7e-m\libc_nano.a(lib_a-nano-vfscanf.o)
 *fill*         0x000042a7        0x1 
 .rodata        0x000042a8        0xc c:/program files (x86)/atmel/studio/7.0/toolchain/arm/arm-gnu-toolchain/bin/../lib/gcc/arm-none-eabi/6.3.1/../../../../arm-none-eabi/lib/thumb/v7e-m\libc_nano.a(lib_a-nano-vfscanf_i.o)
 .rodata._scanf_i.str1.1
                0x000042b4       0x12 c:/program files (x86)/atmel/studio/7.0/toolchain/arm/arm-gnu-toolchain/bin/../lib/gcc/arm-none-eabi/6.3.1/../../../../arm-none-eabi/lib/thumb/v7e-m\libc_nano.a(lib_a-nano-vfscanf_i.o)
 .rodata.str1.1
                0x000042c6        0x9 c:/program files (x86)/atmel/studio/7.0/toolchain/arm/arm-gnu-toolchain/bin/../lib/gcc/arm-none-eabi/6.3.1/../../../../arm-none-eabi/lib/thumb/v7e-m\libc_nano.a(lib_a-nano-vfscanf_i.o)
 .rodata._setlocale_r.str1.1
                0x000042cf        0x8 c:/program files (x86)/atmel/studio/7.0/toolchain/arm/arm-gnu-toolchain/bin/../lib/gcc/arm-none-eabi/6.3.1/../../../../arm-none-eabi/lib/thumb/v7e-m\libc_nano.a(lib_a-locale.o)
                                  0x9 (size before relaxing)
 .rodata.str1.1
                0x000042d7        0x2 c:/program files (x86)/atmel/studio/7.0/toolchain/arm/arm-gnu-toolchain/bin/../lib/gcc/arm-none-eabi/6.3.1/../../../../arm-none-eabi/lib/thumb/v7e-m\libc_nano.a(lib_a-locale.o)
 .rodata._ctype_
                0x000042d9      0x101 c:/program files (x86)/atmel/studio/7.0/toolchain/arm/arm-gnu-toolchain/bin/../lib/gcc/arm-none-eabi/6.3.1/../../../../arm-none-eabi/lib/thumb/v7e-m\libc_nano.a(lib_a-ctype_.o)
                0x000042d9                _ctype_
 *(.ARM.extab* .gnu.linkonce.armextab.*)
                0x000043dc                . = ALIGN (0x4)
 *fill*         0x000043da        0x2 
 *(.init)
 .init          0x000043dc        0x4 c:/program files (x86)/atmel/studio/7.0/toolchain/arm/arm-gnu-toolchain/bin/../lib/gcc/arm-none-eabi/6.3.1/thumb/v7e-m/crti.o
                0x000043dc                _init
 .init          0x000043e0        0x8 c:/program files (x86)/atmel/studio/7.0/toolchain/arm/arm-gnu-toolchain/bin/../lib/gcc/arm-none-eabi/6.3.1/thumb/v7e-m/crtn.o
                0x000043e8                . = ALIGN (0x4)
                0x000043e8                __preinit_array_start = .
 *(.preinit_array)
                0x000043e8                __preinit_array_end = .
                0x000043e8                . = ALIGN (0x4)
                0x000043e8                __init_array_start = .
 *(SORT(.init_array.*))
 *(.init_array)
 .init_array    0x000043e8        0x4 c:/program files (x86)/atmel/studio/7.0/toolchain/arm/arm-gnu-toolchain/bin/../lib/gcc/arm-none-eabi/6.3.1/thumb/v7e-m/crtbegin.o
                0x000043ec                __init_array_end = .
                0x000043ec                . = ALIGN (0x4)
 *crtbegin.o(.ctors)
 *(EXCLUDE_FILE(*crtend.o) .ctors)
 *(SORT(.ctors.*))
 *crtend.o(.ctors)
                0x000043ec                . = ALIGN (0x4)
 *(.fini)
 .fini          0x000043ec        0x4 c:/program files (x86)/atmel/studio/7.0/toolchain/arm/arm-gnu-toolchain/bin/../lib/gcc/arm-none-eabi/6.3.1/thumb/v7e-m/crti.o
                0x000043ec                _fini
 .fini          0x000043f0        0x8 c:/program files (x86)/atmel/studio/7.0/toolchain/arm/arm-gnu-toolchain/bin/../lib/gcc/arm-none-eabi/6.3.1/thumb/v7e-m/crtn.o
                0x000043f8                . = ALIGN (0x4)
                0x000043f8                __fini_array_start = .
 *(.fini_array)
 .fini_array    0x000043f8        0x4 c:/program files (x86)/atmel/studio/7.0/toolchain/arm/arm-gnu-toolchain/bin/../lib/gcc/arm-none-eabi/6.3.1/thumb/v7e-m/crtbegin.o
 *(SORT(.fini_array.*))
                0x000043fc                __fini_array_end = .
 *crtbegin.o(.dtors)
 *(EXCLUDE_FILE(*crtend.o) .dtors)
 *(SORT(.dtors.*))
 *crtend.o(.dtors)
                0x000043fc                . = ALIGN (0x4)
                0x000043fc                _efixed = .
                [!provide]                PROVIDE (__exidx_start, .)

.vfp11_veneer   0x000043fc        0x0
 .vfp11_veneer  0x000043fc        0x0 linker stubs

.v4_bx          0x000043fc        0x0
 .v4_bx         0x000043fc        0x0 linker stubs

.iplt           0x000043fc        0x0
 .iplt          0x000043fc        0x0 c:/program files (x86)/atmel/studio/7.0/toolchain/arm/arm-gnu-toolchain/bin/../lib/gcc/arm-none-eabi/6.3.1/thumb/v7e-m/crtbegin.o

.eh_frame       0x000043fc        0x0
 .eh_frame      0x000043fc        0x0 c:/program files (x86)/atmel/studio/7.0/toolchain/arm/arm-gnu-toolchain/bin/../lib/gcc/arm-none-eabi/6.3.1/thumb/v7e-m/crtbegin.o

.rel.dyn        0x000043fc        0x0
 .rel.iplt      0x000043fc        0x0 c:/program files (x86)/atmel/studio/7.0/toolchain/arm/arm-gnu-toolchain/bin/../lib/gcc/arm-none-eabi/6.3.1/thumb/v7e-m/crtbegin.o

.jcr            0x000043fc        0x0
 .jcr           0x000043fc        0x0 c:/program files (x86)/atmel/studio/7.0/toolchain/arm/arm-gnu-toolchain/bin/../lib/gcc/arm-none-eabi/6.3.1/thumb/v7e-m/crtbegin.o

.igot.plt       0x000043fc        0x0
 .igot.plt      0x000043fc        0x0 c:/program files (x86)/atmel/studio/7.0/toolchain/arm/arm-gnu-toolchain/bin/../lib/gcc/arm-none-eabi/6.3.1/thumb/v7e-m/crtbegin.o

.ARM.exidx
 *(.ARM.exidx* .gnu.linkonce.armexidx.*)
                [!provide]                PROVIDE (__exidx_end, .)
                0x000043fc                . = ALIGN (0x4)
                0x000043fc                _etext = .

.relocate       0x20000000      0x448 load address 0x000043fc
                0x20000000                . = ALIGN (0x4)
                0x20000000                _srelocate = .
 *(.ramfunc .ramfunc.*)
 *(.data .data.*)
 .data          0x20000000      0x142 lidar.o
                0x20000000                lidar_menu_txt
 *fill*         0x20000142        0x2 
 .data          0x20000144       0x58 main.o
                0x20000144                menu_txt
 .data          0x2000019c        0x8 sd_mmc_start.o
 .data          0x200001a4       0x50 servo.o
                0x200001a4                servo_menu_txt
 .data          0x200001f4       0x82 smart_eeprom.o
                0x200001f4                SmartEEPROM8
                0x200001f8                SmartEEPROM32
                0x200001fc                eeprom_menu_txt
 *fill*         0x20000276        0x2 
 .data._impure_ptr
                0x20000278        0x4 c:/program files (x86)/atmel/studio/7.0/toolchain/arm/arm-gnu-toolchain/bin/../lib/gcc/arm-none-eabi/6.3.1/../../../../arm-none-eabi/lib/thumb/v7e-m\libc_nano.a(lib_a-impure.o)
                0x20000278                _impure_ptr
 .data.impure_data
                0x2000027c       0x60 c:/program files (x86)/atmel/studio/7.0/toolchain/arm/arm-gnu-toolchain/bin/../lib/gcc/arm-none-eabi/6.3.1/../../../../arm-none-eabi/lib/thumb/v7e-m\libc_nano.a(lib_a-impure.o)
 .data.__global_locale
                0x200002dc      0x16c c:/program files (x86)/atmel/studio/7.0/toolchain/arm/arm-gnu-toolchain/bin/../lib/gcc/arm-none-eabi/6.3.1/../../../../arm-none-eabi/lib/thumb/v7e-m\libc_nano.a(lib_a-locale.o)
                0x200002dc                __global_locale
                0x20000448                . = ALIGN (0x4)
                0x20000448                _erelocate = .

.bkupram        0x47000000        0x0
                0x47000000                . = ALIGN (0x8)
                0x47000000                _sbkupram = .
 *(.bkupram .bkupram.*)
                0x47000000                . = ALIGN (0x8)
                0x47000000                _ebkupram = .

.qspi           0x04000000        0x0
                0x04000000                . = ALIGN (0x8)
                0x04000000                _sqspi = .
 *(.qspi .qspi.*)
                0x04000000                . = ALIGN (0x8)
                0x04000000                _eqspi = .

.bss            0x20000448      0x12c load address 0x00004848
                0x20000448                . = ALIGN (0x4)
                0x20000448                _sbss = .
                0x20000448                _szero = .
 *(.bss .bss.*)
 .bss           0x20000448       0x1c c:/program files (x86)/atmel/studio/7.0/toolchain/arm/arm-gnu-toolchain/bin/../lib/gcc/arm-none-eabi/6.3.1/thumb/v7e-m/crtbegin.o
 .bss           0x20000464        0x4 hal/utils/src/utils_syscalls.o
 .bss           0x20000468       0x3a sd_mmc/sd_mmc.o
 *fill*         0x200004a2        0x2 
 .bss           0x200004a4       0x64 smart_eeprom.o
                0x200004a4                ee_data_buffer
 .bss           0x20000508        0x4 stdio_redirect/stdio_io.o
 .bss.__malloc_free_list
                0x2000050c        0x4 c:/program files (x86)/atmel/studio/7.0/toolchain/arm/arm-gnu-toolchain/bin/../lib/gcc/arm-none-eabi/6.3.1/../../../../arm-none-eabi/lib/thumb/v7e-m\libc_nano.a(lib_a-nano-mallocr.o)
                0x2000050c                __malloc_free_list
 .bss.__malloc_sbrk_start
                0x20000510        0x4 c:/program files (x86)/atmel/studio/7.0/toolchain/arm/arm-gnu-toolchain/bin/../lib/gcc/arm-none-eabi/6.3.1/../../../../arm-none-eabi/lib/thumb/v7e-m\libc_nano.a(lib_a-nano-mallocr.o)
                0x20000510                __malloc_sbrk_start
 *(COMMON)
 *fill*         0x20000514        0x4 
 COMMON         0x20000518       0x28 driver_init.o
                0x20000518                STDIO_IO
                0x20000528                SDHC_IO_BUS
 COMMON         0x20000540       0x10 hpl/ramecc/hpl_ramecc.o
                0x20000540                device
 COMMON         0x20000550       0x1c lidar.o
                0x20000550                lidar_request
                0x20000551                lidar_timer
                0x20000552                lidar_timing
                0x20000554                resp_desc
                0x20000560                LIDAR_USART
 COMMON         0x2000056c        0x1 smart_eeprom.o
                0x2000056c                data_8
 *fill*         0x2000056d        0x3 
 COMMON         0x20000570        0x4 c:/program files (x86)/atmel/studio/7.0/toolchain/arm/arm-gnu-toolchain/bin/../lib/gcc/arm-none-eabi/6.3.1/../../../../arm-none-eabi/lib/thumb/v7e-m\libc_nano.a(lib_a-reent.o)
                0x20000570                errno
                0x20000574                . = ALIGN (0x4)
                0x20000574                _ebss = .
                0x20000574                _ezero = .

.stack          0x20000574    0x10004 load address 0x00004974
                0x20000578                . = ALIGN (0x8)
 *fill*         0x20000574        0x4 
                0x20000578                _sstack = .
                0x20010578                . = (. + STACK_SIZE)
 *fill*         0x20000578    0x10000 
                0x20010578                . = ALIGN (0x8)
                0x20010578                _estack = .
                0x20010578                . = ALIGN (0x4)
                0x20010578                _end = .
OUTPUT(lams-xplained-pro.elf elf32-littlearm)

.ARM.attributes
                0x00000000       0x2e
 .ARM.attributes
                0x00000000       0x1e c:/program files (x86)/atmel/studio/7.0/toolchain/arm/arm-gnu-toolchain/bin/../lib/gcc/arm-none-eabi/6.3.1/thumb/v7e-m/crti.o
 .ARM.attributes
                0x0000001e       0x2e c:/program files (x86)/atmel/studio/7.0/toolchain/arm/arm-gnu-toolchain/bin/../lib/gcc/arm-none-eabi/6.3.1/thumb/v7e-m/crtbegin.o
 .ARM.attributes
                0x0000004c       0x37 atmel_start.o
 .ARM.attributes
                0x00000083       0x37 Device_Startup/startup_same54.o
 .ARM.attributes
                0x000000ba       0x37 driver_init.o
 .ARM.attributes
                0x000000f1       0x37 hal/src/hal_io.o
 .ARM.attributes
                0x00000128       0x37 hal/src/hal_mci_sync.o
 .ARM.attributes
                0x0000015f       0x37 hal/src/hal_usart_sync.o
 .ARM.attributes
                0x00000196       0x37 hal/utils/src/utils_assert.o
 .ARM.attributes
                0x000001cd       0x37 hal/utils/src/utils_syscalls.o
 .ARM.attributes
                0x00000204       0x37 hpl/core/hpl_init.o
 .ARM.attributes
                0x0000023b       0x37 hpl/gclk/hpl_gclk.o
 .ARM.attributes
                0x00000272       0x37 hpl/mclk/hpl_mclk.o
 .ARM.attributes
                0x000002a9       0x37 hpl/osc32kctrl/hpl_osc32kctrl.o
 .ARM.attributes
                0x000002e0       0x37 hpl/oscctrl/hpl_oscctrl.o
 .ARM.attributes
                0x00000317       0x37 hpl/ramecc/hpl_ramecc.o
 .ARM.attributes
                0x0000034e       0x37 hpl/sdhc/hpl_sdhc.o
 .ARM.attributes
                0x00000385       0x37 hpl/sercom/hpl_sercom.o
 .ARM.attributes
                0x000003bc       0x37 lidar.o
 .ARM.attributes
                0x000003f3       0x37 main.o
 .ARM.attributes
                0x0000042a       0x37 sd_mmc/sd_mmc.o
 .ARM.attributes
                0x00000461       0x37 sd_mmc_start.o
 .ARM.attributes
                0x00000498       0x37 servo.o
 .ARM.attributes
                0x000004cf       0x37 smart_eeprom.o
 .ARM.attributes
                0x00000506       0x37 stdio_redirect/gcc/read.o
 .ARM.attributes
                0x0000053d       0x37 stdio_redirect/gcc/write.o
 .ARM.attributes
                0x00000574       0x37 stdio_redirect/stdio_io.o
 .ARM.attributes
                0x000005ab       0x37 stdio_start.o
 .ARM.attributes
                0x000005e2       0x1e c:/program files (x86)/atmel/studio/7.0/toolchain/arm/arm-gnu-toolchain/bin/../lib/gcc/arm-none-eabi/6.3.1/thumb/v7e-m\libgcc.a(_arm_addsubdf3.o)
 .ARM.attributes
                0x00000600       0x1e c:/program files (x86)/atmel/studio/7.0/toolchain/arm/arm-gnu-toolchain/bin/../lib/gcc/arm-none-eabi/6.3.1/thumb/v7e-m\libgcc.a(_arm_muldivdf3.o)
 .ARM.attributes
                0x0000061e       0x1e c:/program files (x86)/atmel/studio/7.0/toolchain/arm/arm-gnu-toolchain/bin/../lib/gcc/arm-none-eabi/6.3.1/thumb/v7e-m\libgcc.a(_arm_fixunsdfsi.o)
 .ARM.attributes
                0x0000063c       0x2e c:/program files (x86)/atmel/studio/7.0/toolchain/arm/arm-gnu-toolchain/bin/../lib/gcc/arm-none-eabi/6.3.1/../../../../arm-none-eabi/lib/thumb/v7e-m\libc_nano.a(lib_a-fflush.o)
 .ARM.attributes
                0x0000066a       0x2e c:/program files (x86)/atmel/studio/7.0/toolchain/arm/arm-gnu-toolchain/bin/../lib/gcc/arm-none-eabi/6.3.1/../../../../arm-none-eabi/lib/thumb/v7e-m\libc_nano.a(lib_a-findfp.o)
 .ARM.attributes
                0x00000698       0x2e c:/program files (x86)/atmel/studio/7.0/toolchain/arm/arm-gnu-toolchain/bin/../lib/gcc/arm-none-eabi/6.3.1/../../../../arm-none-eabi/lib/thumb/v7e-m\libc_nano.a(lib_a-fwalk.o)
 .ARM.attributes
                0x000006c6       0x2e c:/program files (x86)/atmel/studio/7.0/toolchain/arm/arm-gnu-toolchain/bin/../lib/gcc/arm-none-eabi/6.3.1/../../../../arm-none-eabi/lib/thumb/v7e-m\libc_nano.a(lib_a-impure.o)
 .ARM.attributes
                0x000006f4       0x2e c:/program files (x86)/atmel/studio/7.0/toolchain/arm/arm-gnu-toolchain/bin/../lib/gcc/arm-none-eabi/6.3.1/../../../../arm-none-eabi/lib/thumb/v7e-m\libc_nano.a(lib_a-init.o)
 .ARM.attributes
                0x00000722       0x2e c:/program files (x86)/atmel/studio/7.0/toolchain/arm/arm-gnu-toolchain/bin/../lib/gcc/arm-none-eabi/6.3.1/../../../../arm-none-eabi/lib/thumb/v7e-m\libc_nano.a(lib_a-memset.o)
 .ARM.attributes
                0x00000750       0x2e c:/program files (x86)/atmel/studio/7.0/toolchain/arm/arm-gnu-toolchain/bin/../lib/gcc/arm-none-eabi/6.3.1/../../../../arm-none-eabi/lib/thumb/v7e-m\libc_nano.a(lib_a-nano-freer.o)
 .ARM.attributes
                0x0000077e       0x2e c:/program files (x86)/atmel/studio/7.0/toolchain/arm/arm-gnu-toolchain/bin/../lib/gcc/arm-none-eabi/6.3.1/../../../../arm-none-eabi/lib/thumb/v7e-m\libc_nano.a(lib_a-nano-mallocr.o)
 .ARM.attributes
                0x000007ac       0x2e c:/program files (x86)/atmel/studio/7.0/toolchain/arm/arm-gnu-toolchain/bin/../lib/gcc/arm-none-eabi/6.3.1/../../../../arm-none-eabi/lib/thumb/v7e-m\libc_nano.a(lib_a-printf.o)
 .ARM.attributes
                0x000007da       0x2e c:/program files (x86)/atmel/studio/7.0/toolchain/arm/arm-gnu-toolchain/bin/../lib/gcc/arm-none-eabi/6.3.1/../../../../arm-none-eabi/lib/thumb/v7e-m\libc_nano.a(lib_a-puts.o)
 .ARM.attributes
                0x00000808       0x2e c:/program files (x86)/atmel/studio/7.0/toolchain/arm/arm-gnu-toolchain/bin/../lib/gcc/arm-none-eabi/6.3.1/../../../../arm-none-eabi/lib/thumb/v7e-m\libc_nano.a(lib_a-sbrkr.o)
 .ARM.attributes
                0x00000836       0x2e c:/program files (x86)/atmel/studio/7.0/toolchain/arm/arm-gnu-toolchain/bin/../lib/gcc/arm-none-eabi/6.3.1/../../../../arm-none-eabi/lib/thumb/v7e-m\libc_nano.a(lib_a-scanf.o)
 .ARM.attributes
                0x00000864       0x2e c:/program files (x86)/atmel/studio/7.0/toolchain/arm/arm-gnu-toolchain/bin/../lib/gcc/arm-none-eabi/6.3.1/../../../../arm-none-eabi/lib/thumb/v7e-m\libc_nano.a(lib_a-setbuf.o)
 .ARM.attributes
                0x00000892       0x2e c:/program files (x86)/atmel/studio/7.0/toolchain/arm/arm-gnu-toolchain/bin/../lib/gcc/arm-none-eabi/6.3.1/../../../../arm-none-eabi/lib/thumb/v7e-m\libc_nano.a(lib_a-setvbuf.o)
 .ARM.attributes
                0x000008c0       0x2e c:/program files (x86)/atmel/studio/7.0/toolchain/arm/arm-gnu-toolchain/bin/../lib/gcc/arm-none-eabi/6.3.1/../../../../arm-none-eabi/lib/thumb/v7e-m\libc_nano.a(lib_a-stdio.o)
 .ARM.attributes
                0x000008ee       0x2e c:/program files (x86)/atmel/studio/7.0/toolchain/arm/arm-gnu-toolchain/bin/../lib/gcc/arm-none-eabi/6.3.1/../../../../arm-none-eabi/lib/thumb/v7e-m\libc_nano.a(lib_a-wbuf.o)
 .ARM.attributes
                0x0000091c       0x2e c:/program files (x86)/atmel/studio/7.0/toolchain/arm/arm-gnu-toolchain/bin/../lib/gcc/arm-none-eabi/6.3.1/../../../../arm-none-eabi/lib/thumb/v7e-m\libc_nano.a(lib_a-writer.o)
 .ARM.attributes
                0x0000094a       0x2e c:/program files (x86)/atmel/studio/7.0/toolchain/arm/arm-gnu-toolchain/bin/../lib/gcc/arm-none-eabi/6.3.1/../../../../arm-none-eabi/lib/thumb/v7e-m\libc_nano.a(lib_a-wsetup.o)
 .ARM.attributes
                0x00000978       0x2e c:/program files (x86)/atmel/studio/7.0/toolchain/arm/arm-gnu-toolchain/bin/../lib/gcc/arm-none-eabi/6.3.1/../../../../arm-none-eabi/lib/thumb/v7e-m\libc_nano.a(lib_a-closer.o)
 .ARM.attributes
                0x000009a6       0x2e c:/program files (x86)/atmel/studio/7.0/toolchain/arm/arm-gnu-toolchain/bin/../lib/gcc/arm-none-eabi/6.3.1/../../../../arm-none-eabi/lib/thumb/v7e-m\libc_nano.a(lib_a-lseekr.o)
 .ARM.attributes
                0x000009d4       0x2e c:/program files (x86)/atmel/studio/7.0/toolchain/arm/arm-gnu-toolchain/bin/../lib/gcc/arm-none-eabi/6.3.1/../../../../arm-none-eabi/lib/thumb/v7e-m\libc_nano.a(lib_a-makebuf.o)
 .ARM.attributes
                0x00000a02       0x2e c:/program files (x86)/atmel/studio/7.0/toolchain/arm/arm-gnu-toolchain/bin/../lib/gcc/arm-none-eabi/6.3.1/../../../../arm-none-eabi/lib/thumb/v7e-m\libc_nano.a(lib_a-malloc.o)
 .ARM.attributes
                0x00000a30       0x2e c:/program files (x86)/atmel/studio/7.0/toolchain/arm/arm-gnu-toolchain/bin/../lib/gcc/arm-none-eabi/6.3.1/../../../../arm-none-eabi/lib/thumb/v7e-m\libc_nano.a(lib_a-mlock.o)
 .ARM.attributes
                0x00000a5e       0x2e c:/program files (x86)/atmel/studio/7.0/toolchain/arm/arm-gnu-toolchain/bin/../lib/gcc/arm-none-eabi/6.3.1/../../../../arm-none-eabi/lib/thumb/v7e-m\libc_nano.a(lib_a-nano-vfprintf.o)
 .ARM.attributes
                0x00000a8c       0x2e c:/program files (x86)/atmel/studio/7.0/toolchain/arm/arm-gnu-toolchain/bin/../lib/gcc/arm-none-eabi/6.3.1/../../../../arm-none-eabi/lib/thumb/v7e-m\libc_nano.a(lib_a-nano-vfprintf_i.o)
 .ARM.attributes
                0x00000aba       0x2e c:/program files (x86)/atmel/studio/7.0/toolchain/arm/arm-gnu-toolchain/bin/../lib/gcc/arm-none-eabi/6.3.1/../../../../arm-none-eabi/lib/thumb/v7e-m\libc_nano.a(lib_a-nano-vfscanf.o)
 .ARM.attributes
                0x00000ae8       0x2e c:/program files (x86)/atmel/studio/7.0/toolchain/arm/arm-gnu-toolchain/bin/../lib/gcc/arm-none-eabi/6.3.1/../../../../arm-none-eabi/lib/thumb/v7e-m\libc_nano.a(lib_a-nano-vfscanf_i.o)
 .ARM.attributes
                0x00000b16       0x2e c:/program files (x86)/atmel/studio/7.0/toolchain/arm/arm-gnu-toolchain/bin/../lib/gcc/arm-none-eabi/6.3.1/../../../../arm-none-eabi/lib/thumb/v7e-m\libc_nano.a(lib_a-readr.o)
 .ARM.attributes
                0x00000b44       0x2e c:/program files (x86)/atmel/studio/7.0/toolchain/arm/arm-gnu-toolchain/bin/../lib/gcc/arm-none-eabi/6.3.1/../../../../arm-none-eabi/lib/thumb/v7e-m\libc_nano.a(lib_a-reent.o)
 .ARM.attributes
                0x00000b72       0x2e c:/program files (x86)/atmel/studio/7.0/toolchain/arm/arm-gnu-toolchain/bin/../lib/gcc/arm-none-eabi/6.3.1/../../../../arm-none-eabi/lib/thumb/v7e-m\libc_nano.a(lib_a-refill.o)
 .ARM.attributes
                0x00000ba0       0x2e c:/program files (x86)/atmel/studio/7.0/toolchain/arm/arm-gnu-toolchain/bin/../lib/gcc/arm-none-eabi/6.3.1/../../../../arm-none-eabi/lib/thumb/v7e-m\libc_nano.a(lib_a-sccl.o)
 .ARM.attributes
                0x00000bce       0x2e c:/program files (x86)/atmel/studio/7.0/toolchain/arm/arm-gnu-toolchain/bin/../lib/gcc/arm-none-eabi/6.3.1/../../../../arm-none-eabi/lib/thumb/v7e-m\libc_nano.a(lib_a-strtol.o)
 .ARM.attributes
                0x00000bfc       0x2e c:/program files (x86)/atmel/studio/7.0/toolchain/arm/arm-gnu-toolchain/bin/../lib/gcc/arm-none-eabi/6.3.1/../../../../arm-none-eabi/lib/thumb/v7e-m\libc_nano.a(lib_a-strtoul.o)
 .ARM.attributes
                0x00000c2a       0x2e c:/program files (x86)/atmel/studio/7.0/toolchain/arm/arm-gnu-toolchain/bin/../lib/gcc/arm-none-eabi/6.3.1/../../../../arm-none-eabi/lib/thumb/v7e-m\libc_nano.a(lib_a-ungetc.o)
 .ARM.attributes
                0x00000c58       0x2e c:/program files (x86)/atmel/studio/7.0/toolchain/arm/arm-gnu-toolchain/bin/../lib/gcc/arm-none-eabi/6.3.1/../../../../arm-none-eabi/lib/thumb/v7e-m\libc_nano.a(lib_a-fstatr.o)
 .ARM.attributes
                0x00000c86       0x2e c:/program files (x86)/atmel/studio/7.0/toolchain/arm/arm-gnu-toolchain/bin/../lib/gcc/arm-none-eabi/6.3.1/../../../../arm-none-eabi/lib/thumb/v7e-m\libc_nano.a(lib_a-isattyr.o)
 .ARM.attributes
                0x00000cb4       0x2e c:/program files (x86)/atmel/studio/7.0/toolchain/arm/arm-gnu-toolchain/bin/../lib/gcc/arm-none-eabi/6.3.1/../../../../arm-none-eabi/lib/thumb/v7e-m\libc_nano.a(lib_a-locale.o)
 .ARM.attributes
                0x00000ce2       0x2e c:/program files (x86)/atmel/studio/7.0/toolchain/arm/arm-gnu-toolchain/bin/../lib/gcc/arm-none-eabi/6.3.1/../../../../arm-none-eabi/lib/thumb/v7e-m\libc_nano.a(lib_a-mbtowc_r.o)
 .ARM.attributes
                0x00000d10       0x1c c:/program files (x86)/atmel/studio/7.0/toolchain/arm/arm-gnu-toolchain/bin/../lib/gcc/arm-none-eabi/6.3.1/../../../../arm-none-eabi/lib/thumb/v7e-m\libc_nano.a(lib_a-memchr.o)
 .ARM.attributes
                0x00000d2c       0x2e c:/program files (x86)/atmel/studio/7.0/toolchain/arm/arm-gnu-toolchain/bin/../lib/gcc/arm-none-eabi/6.3.1/../../../../arm-none-eabi/lib/thumb/v7e-m\libc_nano.a(lib_a-memcpy-stub.o)
 .ARM.attributes
                0x00000d5a       0x2e c:/program files (x86)/atmel/studio/7.0/toolchain/arm/arm-gnu-toolchain/bin/../lib/gcc/arm-none-eabi/6.3.1/../../../../arm-none-eabi/lib/thumb/v7e-m\libc_nano.a(lib_a-nano-reallocr.o)
 .ARM.attributes
                0x00000d88       0x2e c:/program files (x86)/atmel/studio/7.0/toolchain/arm/arm-gnu-toolchain/bin/../lib/gcc/arm-none-eabi/6.3.1/../../../../arm-none-eabi/lib/thumb/v7e-m\libc_nano.a(lib_a-wctomb_r.o)
 .ARM.attributes
                0x00000db6       0x2e c:/program files (x86)/atmel/studio/7.0/toolchain/arm/arm-gnu-toolchain/bin/../lib/gcc/arm-none-eabi/6.3.1/../../../../arm-none-eabi/lib/thumb/v7e-m\libc_nano.a(lib_a-ctype_.o)
 .ARM.attributes
                0x00000de4       0x2e c:/program files (x86)/atmel/studio/7.0/toolchain/arm/arm-gnu-toolchain/bin/../lib/gcc/arm-none-eabi/6.3.1/../../../../arm-none-eabi/lib/thumb/v7e-m\libc_nano.a(lib_a-nano-msizer.o)
 .ARM.attributes
                0x00000e12       0x1e c:/program files (x86)/atmel/studio/7.0/toolchain/arm/arm-gnu-toolchain/bin/../lib/gcc/arm-none-eabi/6.3.1/thumb/v7e-m/crtn.o

.comment        0x00000000       0x59
 .comment       0x00000000       0x59 atmel_start.o
                                 0x5a (size before relaxing)
 .comment       0x00000059       0x5a Device_Startup/startup_same54.o
 .comment       0x00000059       0x5a driver_init.o
 .comment       0x00000059       0x5a hal/src/hal_io.o
 .comment       0x00000059       0x5a hal/src/hal_mci_sync.o
 .comment       0x00000059       0x5a hal/src/hal_usart_sync.o
 .comment       0x00000059       0x5a hal/utils/src/utils_assert.o
 .comment       0x00000059       0x5a hal/utils/src/utils_syscalls.o
 .comment       0x00000059       0x5a hpl/core/hpl_init.o
 .comment       0x00000059       0x5a hpl/gclk/hpl_gclk.o
 .comment       0x00000059       0x5a hpl/mclk/hpl_mclk.o
 .comment       0x00000059       0x5a hpl/osc32kctrl/hpl_osc32kctrl.o
 .comment       0x00000059       0x5a hpl/oscctrl/hpl_oscctrl.o
 .comment       0x00000059       0x5a hpl/ramecc/hpl_ramecc.o
 .comment       0x00000059       0x5a hpl/sdhc/hpl_sdhc.o
 .comment       0x00000059       0x5a hpl/sercom/hpl_sercom.o
 .comment       0x00000059       0x5a lidar.o
 .comment       0x00000059       0x5a main.o
 .comment       0x00000059       0x5a sd_mmc/sd_mmc.o
 .comment       0x00000059       0x5a sd_mmc_start.o
 .comment       0x00000059       0x5a servo.o
 .comment       0x00000059       0x5a smart_eeprom.o
 .comment       0x00000059       0x5a stdio_redirect/gcc/read.o
 .comment       0x00000059       0x5a stdio_redirect/gcc/write.o
 .comment       0x00000059       0x5a stdio_redirect/stdio_io.o
 .comment       0x00000059       0x5a stdio_start.o

.debug_info     0x00000000    0x33076
 .debug_info    0x00000000      0xbda atmel_start.o
 .debug_info    0x00000bda      0xd7d Device_Startup/startup_same54.o
 .debug_info    0x00001957     0x7781 driver_init.o
 .debug_info    0x000090d8      0x2c5 hal/src/hal_io.o
 .debug_info    0x0000939d      0xbb5 hal/src/hal_mci_sync.o
 .debug_info    0x00009f52      0xcc9 hal/src/hal_usart_sync.o
 .debug_info    0x0000ac1b      0x130 hal/utils/src/utils_assert.o
 .debug_info    0x0000ad4b      0xdca hal/utils/src/utils_syscalls.o
 .debug_info    0x0000bb15      0xbce hpl/core/hpl_init.o
 .debug_info    0x0000c6e3      0x5e7 hpl/gclk/hpl_gclk.o
 .debug_info    0x0000ccca      0xa55 hpl/mclk/hpl_mclk.o
 .debug_info    0x0000d71f      0x714 hpl/osc32kctrl/hpl_osc32kctrl.o
 .debug_info    0x0000de33     0x110d hpl/oscctrl/hpl_oscctrl.o
 .debug_info    0x0000ef40      0xc15 hpl/ramecc/hpl_ramecc.o
 .debug_info    0x0000fb55     0x3c89 hpl/sdhc/hpl_sdhc.o
 .debug_info    0x000137de     0xbae2 hpl/sercom/hpl_sercom.o
 .debug_info    0x0001f2c0     0x64e0 lidar.o
 .debug_info    0x000257a0      0xf75 main.o
 .debug_info    0x00026715     0x2de5 sd_mmc/sd_mmc.o
 .debug_info    0x000294fa      0xd7a sd_mmc_start.o
 .debug_info    0x0002a274     0x3b01 servo.o
 .debug_info    0x0002dd75     0x263b smart_eeprom.o
 .debug_info    0x000303b0      0xa5d stdio_redirect/gcc/read.o
 .debug_info    0x00030e0d      0xa5d stdio_redirect/gcc/write.o
 .debug_info    0x0003186a      0xbf7 stdio_redirect/stdio_io.o
 .debug_info    0x00032461      0xc15 stdio_start.o

.debug_abbrev   0x00000000     0x41e0
 .debug_abbrev  0x00000000      0x1b4 atmel_start.o
 .debug_abbrev  0x000001b4      0x171 Device_Startup/startup_same54.o
 .debug_abbrev  0x00000325      0x39f driver_init.o
 .debug_abbrev  0x000006c4      0x12d hal/src/hal_io.o
 .debug_abbrev  0x000007f1      0x14b hal/src/hal_mci_sync.o
 .debug_abbrev  0x0000093c      0x22f hal/src/hal_usart_sync.o
 .debug_abbrev  0x00000b6b       0x9e hal/utils/src/utils_assert.o
 .debug_abbrev  0x00000c09      0x269 hal/utils/src/utils_syscalls.o
 .debug_abbrev  0x00000e72      0x1dd hpl/core/hpl_init.o
 .debug_abbrev  0x0000104f      0x1b8 hpl/gclk/hpl_gclk.o
 .debug_abbrev  0x00001207      0x1bd hpl/mclk/hpl_mclk.o
 .debug_abbrev  0x000013c4      0x1fc hpl/osc32kctrl/hpl_osc32kctrl.o
 .debug_abbrev  0x000015c0      0x1de hpl/oscctrl/hpl_oscctrl.o
 .debug_abbrev  0x0000179e      0x2c8 hpl/ramecc/hpl_ramecc.o
 .debug_abbrev  0x00001a66      0x45d hpl/sdhc/hpl_sdhc.o
 .debug_abbrev  0x00001ec3      0x5d4 hpl/sercom/hpl_sercom.o
 .debug_abbrev  0x00002497      0x412 lidar.o
 .debug_abbrev  0x000028a9      0x284 main.o
 .debug_abbrev  0x00002b2d      0x4b5 sd_mmc/sd_mmc.o
 .debug_abbrev  0x00002fe2      0x202 sd_mmc_start.o
 .debug_abbrev  0x000031e4      0x42a servo.o
 .debug_abbrev  0x0000360e      0x3e2 smart_eeprom.o
 .debug_abbrev  0x000039f0      0x1ef stdio_redirect/gcc/read.o
 .debug_abbrev  0x00003bdf      0x1ef stdio_redirect/gcc/write.o
 .debug_abbrev  0x00003dce      0x230 stdio_redirect/stdio_io.o
 .debug_abbrev  0x00003ffe      0x1e2 stdio_start.o

.debug_loc      0x00000000     0xec54
 .debug_loc     0x00000000       0x20 atmel_start.o
 .debug_loc     0x00000020       0x6b Device_Startup/startup_same54.o
 .debug_loc     0x0000008b     0x1458 driver_init.o
 .debug_loc     0x000014e3      0x152 hal/src/hal_io.o
 .debug_loc     0x00001635      0x950 hal/src/hal_mci_sync.o
 .debug_loc     0x00001f85      0x912 hal/src/hal_usart_sync.o
 .debug_loc     0x00002897      0x13b hal/utils/src/utils_syscalls.o
 .debug_loc     0x000029d2       0x4c hpl/core/hpl_init.o
 .debug_loc     0x00002a1e       0x72 hpl/gclk/hpl_gclk.o
 .debug_loc     0x00002a90       0x2c hpl/mclk/hpl_mclk.o
 .debug_loc     0x00002abc       0x95 hpl/osc32kctrl/hpl_osc32kctrl.o
 .debug_loc     0x00002b51       0x18 hpl/oscctrl/hpl_oscctrl.o
 .debug_loc     0x00002b69      0x130 hpl/ramecc/hpl_ramecc.o
 .debug_loc     0x00002c99     0x1707 hpl/sdhc/hpl_sdhc.o
 .debug_loc     0x000043a0     0x7a76 hpl/sercom/hpl_sercom.o
 .debug_loc     0x0000be16      0x940 lidar.o
 .debug_loc     0x0000c756       0x4c main.o
 .debug_loc     0x0000c7a2     0x16d9 sd_mmc/sd_mmc.o
 .debug_loc     0x0000de7b       0x64 sd_mmc_start.o
 .debug_loc     0x0000dedf      0x626 servo.o
 .debug_loc     0x0000e505      0x398 smart_eeprom.o
 .debug_loc     0x0000e89d       0xff stdio_redirect/gcc/read.o
 .debug_loc     0x0000e99c       0xf3 stdio_redirect/gcc/write.o
 .debug_loc     0x0000ea8f      0x185 stdio_redirect/stdio_io.o
 .debug_loc     0x0000ec14       0x40 stdio_start.o

.debug_aranges  0x00000000      0xbb8
 .debug_aranges
                0x00000000       0x20 atmel_start.o
 .debug_aranges
                0x00000020       0x28 Device_Startup/startup_same54.o
 .debug_aranges
                0x00000048       0x50 driver_init.o
 .debug_aranges
                0x00000098       0x30 hal/src/hal_io.o
 .debug_aranges
                0x000000c8       0xb0 hal/src/hal_mci_sync.o
 .debug_aranges
                0x00000178       0xa8 hal/src/hal_usart_sync.o
 .debug_aranges
                0x00000220       0x20 hal/utils/src/utils_assert.o
 .debug_aranges
                0x00000240       0x60 hal/utils/src/utils_syscalls.o
 .debug_aranges
                0x000002a0       0x20 hpl/core/hpl_init.o
 .debug_aranges
                0x000002c0       0x28 hpl/gclk/hpl_gclk.o
 .debug_aranges
                0x000002e8       0x20 hpl/mclk/hpl_mclk.o
 .debug_aranges
                0x00000308       0x20 hpl/osc32kctrl/hpl_osc32kctrl.o
 .debug_aranges
                0x00000328       0x28 hpl/oscctrl/hpl_oscctrl.o
 .debug_aranges
                0x00000350       0x30 hpl/ramecc/hpl_ramecc.o
 .debug_aranges
                0x00000380       0xb8 hpl/sdhc/hpl_sdhc.o
 .debug_aranges
                0x00000438      0x4d8 hpl/sercom/hpl_sercom.o
 .debug_aranges
                0x00000910       0x60 lidar.o
 .debug_aranges
                0x00000970       0x28 main.o
 .debug_aranges
                0x00000998       0xc8 sd_mmc/sd_mmc.o
 .debug_aranges
                0x00000a60       0x28 sd_mmc_start.o
 .debug_aranges
                0x00000a88       0x40 servo.o
 .debug_aranges
                0x00000ac8       0x50 smart_eeprom.o
 .debug_aranges
                0x00000b18       0x20 stdio_redirect/gcc/read.o
 .debug_aranges
                0x00000b38       0x20 stdio_redirect/gcc/write.o
 .debug_aranges
                0x00000b58       0x38 stdio_redirect/stdio_io.o
 .debug_aranges
                0x00000b90       0x28 stdio_start.o

.debug_ranges   0x00000000      0xfb8
 .debug_ranges  0x00000000       0x10 atmel_start.o
 .debug_ranges  0x00000010       0x18 Device_Startup/startup_same54.o
 .debug_ranges  0x00000028       0x40 driver_init.o
 .debug_ranges  0x00000068       0x20 hal/src/hal_io.o
 .debug_ranges  0x00000088       0xa0 hal/src/hal_mci_sync.o
 .debug_ranges  0x00000128       0x98 hal/src/hal_usart_sync.o
 .debug_ranges  0x000001c0       0x10 hal/utils/src/utils_assert.o
 .debug_ranges  0x000001d0       0x50 hal/utils/src/utils_syscalls.o
 .debug_ranges  0x00000220       0x10 hpl/core/hpl_init.o
 .debug_ranges  0x00000230       0x18 hpl/gclk/hpl_gclk.o
 .debug_ranges  0x00000248       0x10 hpl/mclk/hpl_mclk.o
 .debug_ranges  0x00000258       0x10 hpl/osc32kctrl/hpl_osc32kctrl.o
 .debug_ranges  0x00000268       0x18 hpl/oscctrl/hpl_oscctrl.o
 .debug_ranges  0x00000280       0x38 hpl/ramecc/hpl_ramecc.o
 .debug_ranges  0x000002b8       0xc0 hpl/sdhc/hpl_sdhc.o
 .debug_ranges  0x00000378      0x968 hpl/sercom/hpl_sercom.o
 .debug_ranges  0x00000ce0       0x50 lidar.o
 .debug_ranges  0x00000d30       0x18 main.o
 .debug_ranges  0x00000d48      0x188 sd_mmc/sd_mmc.o
 .debug_ranges  0x00000ed0       0x18 sd_mmc_start.o
 .debug_ranges  0x00000ee8       0x30 servo.o
 .debug_ranges  0x00000f18       0x40 smart_eeprom.o
 .debug_ranges  0x00000f58       0x10 stdio_redirect/gcc/read.o
 .debug_ranges  0x00000f68       0x10 stdio_redirect/gcc/write.o
 .debug_ranges  0x00000f78       0x28 stdio_redirect/stdio_io.o
 .debug_ranges  0x00000fa0       0x18 stdio_start.o

.debug_macro    0x00000000    0x37a78
 .debug_macro   0x00000000      0x918 atmel_start.o
 .debug_macro   0x00000918      0x8b0 atmel_start.o
 .debug_macro   0x000011c8      0x16d atmel_start.o
 .debug_macro   0x00001335       0x22 atmel_start.o
 .debug_macro   0x00001357       0x87 atmel_start.o
 .debug_macro   0x000013de       0x51 atmel_start.o
 .debug_macro   0x0000142f       0xef atmel_start.o
 .debug_macro   0x0000151e       0x6a atmel_start.o
 .debug_macro   0x00001588      0x1df atmel_start.o
 .debug_macro   0x00001767       0x22 atmel_start.o
 .debug_macro   0x00001789       0x54 atmel_start.o
 .debug_macro   0x000017dd       0x1c atmel_start.o
 .debug_macro   0x000017f9       0x22 atmel_start.o
 .debug_macro   0x0000181b       0xdf atmel_start.o
 .debug_macro   0x000018fa     0x102d atmel_start.o
 .debug_macro   0x00002927      0x11f atmel_start.o
 .debug_macro   0x00002a46      0x706 atmel_start.o
 .debug_macro   0x0000314c      0xb5b atmel_start.o
 .debug_macro   0x00003ca7      0x3c0 atmel_start.o
 .debug_macro   0x00004067     0x2d61 atmel_start.o
 .debug_macro   0x00006dc8      0x336 atmel_start.o
 .debug_macro   0x000070fe      0x3b7 atmel_start.o
 .debug_macro   0x000074b5      0x668 atmel_start.o
 .debug_macro   0x00007b1d     0x143f atmel_start.o
 .debug_macro   0x00008f5c      0x651 atmel_start.o
 .debug_macro   0x000095ad      0x67b atmel_start.o
 .debug_macro   0x00009c28      0x6d7 atmel_start.o
 .debug_macro   0x0000a2ff      0x172 atmel_start.o
 .debug_macro   0x0000a471      0x395 atmel_start.o
 .debug_macro   0x0000a806     0x19dd atmel_start.o
 .debug_macro   0x0000c1e3       0x3a atmel_start.o
 .debug_macro   0x0000c21d      0x72a atmel_start.o
 .debug_macro   0x0000c947      0xb12 atmel_start.o
 .debug_macro   0x0000d459      0x5d7 atmel_start.o
 .debug_macro   0x0000da30      0xbc0 atmel_start.o
 .debug_macro   0x0000e5f0      0x9b9 atmel_start.o
 .debug_macro   0x0000efa9      0x2a3 atmel_start.o
 .debug_macro   0x0000f24c      0x8cb atmel_start.o
 .debug_macro   0x0000fb17      0x1ea atmel_start.o
 .debug_macro   0x0000fd01      0x8f4 atmel_start.o
 .debug_macro   0x000105f5      0x216 atmel_start.o
 .debug_macro   0x0001080b      0x3f9 atmel_start.o
 .debug_macro   0x00010c04      0x620 atmel_start.o
 .debug_macro   0x00011224      0x10d atmel_start.o
 .debug_macro   0x00011331       0xb8 atmel_start.o
 .debug_macro   0x000113e9     0x1df7 atmel_start.o
 .debug_macro   0x000131e0     0x2e69 atmel_start.o
 .debug_macro   0x00016049     0x11ed atmel_start.o
 .debug_macro   0x00017236      0x50e atmel_start.o
 .debug_macro   0x00017744      0x930 atmel_start.o
 .debug_macro   0x00018074     0x1ad8 atmel_start.o
 .debug_macro   0x00019b4c       0xe7 atmel_start.o
 .debug_macro   0x00019c33     0x13e6 atmel_start.o
 .debug_macro   0x0001b019      0x36a atmel_start.o
 .debug_macro   0x0001b383       0x94 atmel_start.o
 .debug_macro   0x0001b417       0xdc atmel_start.o
 .debug_macro   0x0001b4f3       0xe2 atmel_start.o
 .debug_macro   0x0001b5d5       0xdc atmel_start.o
 .debug_macro   0x0001b6b1      0x149 atmel_start.o
 .debug_macro   0x0001b7fa      0x149 atmel_start.o
 .debug_macro   0x0001b943       0x46 atmel_start.o
 .debug_macro   0x0001b989       0x4c atmel_start.o
 .debug_macro   0x0001b9d5       0xc4 atmel_start.o
 .debug_macro   0x0001ba99      0x7d5 atmel_start.o
 .debug_macro   0x0001c26e       0xb8 atmel_start.o
 .debug_macro   0x0001c326       0x7c atmel_start.o
 .debug_macro   0x0001c3a2      0xc20 atmel_start.o
 .debug_macro   0x0001cfc2       0x46 atmel_start.o
 .debug_macro   0x0001d008      0x25b atmel_start.o
 .debug_macro   0x0001d263      0x31a atmel_start.o
 .debug_macro   0x0001d57d      0x170 atmel_start.o
 .debug_macro   0x0001d6ed       0x7c atmel_start.o
 .debug_macro   0x0001d769       0xbe atmel_start.o
 .debug_macro   0x0001d827       0x4c atmel_start.o
 .debug_macro   0x0001d873       0x82 atmel_start.o
 .debug_macro   0x0001d8f5      0x1a3 atmel_start.o
 .debug_macro   0x0001da98       0x46 atmel_start.o
 .debug_macro   0x0001dade       0x6a atmel_start.o
 .debug_macro   0x0001db48       0x46 atmel_start.o
 .debug_macro   0x0001db8e       0x88 atmel_start.o
 .debug_macro   0x0001dc16       0x46 atmel_start.o
 .debug_macro   0x0001dc5c      0x24e atmel_start.o
 .debug_macro   0x0001deaa       0x1c atmel_start.o
 .debug_macro   0x0001dec6       0x76 atmel_start.o
 .debug_macro   0x0001df3c       0x3a atmel_start.o
 .debug_macro   0x0001df76       0x2e atmel_start.o
 .debug_macro   0x0001dfa4      0x196 atmel_start.o
 .debug_macro   0x0001e13a      0x16f atmel_start.o
 .debug_macro   0x0001e2a9      0x16f atmel_start.o
 .debug_macro   0x0001e418      0x25d atmel_start.o
 .debug_macro   0x0001e675      0x25d atmel_start.o
 .debug_macro   0x0001e8d2      0x25d atmel_start.o
 .debug_macro   0x0001eb2f      0x25d atmel_start.o
 .debug_macro   0x0001ed8c      0x25d atmel_start.o
 .debug_macro   0x0001efe9      0x25d atmel_start.o
 .debug_macro   0x0001f246      0x25d atmel_start.o
 .debug_macro   0x0001f4a3      0x25d atmel_start.o
 .debug_macro   0x0001f700       0x52 atmel_start.o
 .debug_macro   0x0001f752       0xfa atmel_start.o
 .debug_macro   0x0001f84c       0xfa atmel_start.o
 .debug_macro   0x0001f946       0xfa atmel_start.o
 .debug_macro   0x0001fa40       0xfa atmel_start.o
 .debug_macro   0x0001fb3a       0xfa atmel_start.o
 .debug_macro   0x0001fc34       0xfa atmel_start.o
 .debug_macro   0x0001fd2e       0xfa atmel_start.o
 .debug_macro   0x0001fe28       0xfa atmel_start.o
 .debug_macro   0x0001ff22      0x148 atmel_start.o
 .debug_macro   0x0002006a      0x124 atmel_start.o
 .debug_macro   0x0002018e      0x106 atmel_start.o
 .debug_macro   0x00020294       0xee atmel_start.o
 .debug_macro   0x00020382       0xee atmel_start.o
 .debug_macro   0x00020470       0x2e atmel_start.o
 .debug_macro   0x0002049e      0x46a atmel_start.o
 .debug_macro   0x00020908       0x3a atmel_start.o
 .debug_macro   0x00020942      0x59f atmel_start.o
 .debug_macro   0x00020ee1     0x4ff3 atmel_start.o
 .debug_macro   0x00025ed4       0xcf atmel_start.o
 .debug_macro   0x00025fa3       0x10 atmel_start.o
 .debug_macro   0x00025fb3       0x10 atmel_start.o
 .debug_macro   0x00025fc3       0x16 atmel_start.o
 .debug_macro   0x00025fd9       0x16 atmel_start.o
 .debug_macro   0x00025fef       0x16 atmel_start.o
 .debug_macro   0x00026005       0x16 atmel_start.o
 .debug_macro   0x0002601b       0x16 atmel_start.o
 .debug_macro   0x00026031       0x16 atmel_start.o
 .debug_macro   0x00026047       0x40 atmel_start.o
 .debug_macro   0x00026087       0x16 atmel_start.o
 .debug_macro   0x0002609d       0x16 atmel_start.o
 .debug_macro   0x000260b3       0x16 atmel_start.o
 .debug_macro   0x000260c9       0x16 atmel_start.o
 .debug_macro   0x000260df       0x16 atmel_start.o
 .debug_macro   0x000260f5       0x16 atmel_start.o
 .debug_macro   0x0002610b       0x16 atmel_start.o
 .debug_macro   0x00026121       0x16 atmel_start.o
 .debug_macro   0x00026137       0x16 atmel_start.o
 .debug_macro   0x0002614d       0x16 atmel_start.o
 .debug_macro   0x00026163       0x16 atmel_start.o
 .debug_macro   0x00026179       0x16 atmel_start.o
 .debug_macro   0x0002618f       0x16 atmel_start.o
 .debug_macro   0x000261a5       0x16 atmel_start.o
 .debug_macro   0x000261bb       0x16 atmel_start.o
 .debug_macro   0x000261d1       0x16 atmel_start.o
 .debug_macro   0x000261e7       0x16 atmel_start.o
 .debug_macro   0x000261fd       0x16 atmel_start.o
 .debug_macro   0x00026213       0x16 atmel_start.o
 .debug_macro   0x00026229       0x16 atmel_start.o
 .debug_macro   0x0002623f       0x16 atmel_start.o
 .debug_macro   0x00026255      0xe5c atmel_start.o
 .debug_macro   0x000270b1      0x9b6 atmel_start.o
 .debug_macro   0x00027a67       0x94 atmel_start.o
 .debug_macro   0x00027afb       0x16 atmel_start.o
 .debug_macro   0x00027b11       0xbe atmel_start.o
 .debug_macro   0x00027bcf      0x28c atmel_start.o
 .debug_macro   0x00027e5b       0x16 atmel_start.o
 .debug_macro   0x00027e71      0x4d8 atmel_start.o
 .debug_macro   0x00028349       0x16 atmel_start.o
 .debug_macro   0x0002835f       0xca atmel_start.o
 .debug_macro   0x00028429       0x1c atmel_start.o
 .debug_macro   0x00028445       0x16 atmel_start.o
 .debug_macro   0x0002845b      0x185 atmel_start.o
 .debug_macro   0x000285e0       0xbe atmel_start.o
 .debug_macro   0x0002869e       0xc9 atmel_start.o
 .debug_macro   0x00028767       0x46 atmel_start.o
 .debug_macro   0x000287ad       0x58 atmel_start.o
 .debug_macro   0x00028805       0x35 atmel_start.o
 .debug_macro   0x0002883a       0x9c atmel_start.o
 .debug_macro   0x000288d6       0x16 atmel_start.o
 .debug_macro   0x000288ec       0x35 atmel_start.o
 .debug_macro   0x00028921      0x34d atmel_start.o
 .debug_macro   0x00028c6e       0x10 atmel_start.o
 .debug_macro   0x00028c7e       0x58 atmel_start.o
 .debug_macro   0x00028cd6       0x1f atmel_start.o
 .debug_macro   0x00028cf5       0x43 atmel_start.o
 .debug_macro   0x00028d38       0x20 atmel_start.o
 .debug_macro   0x00028d58      0x187 atmel_start.o
 .debug_macro   0x00028edf       0x10 atmel_start.o
 .debug_macro   0x00028eef       0x1c atmel_start.o
 .debug_macro   0x00028f0b       0x52 atmel_start.o
 .debug_macro   0x00028f5d       0x40 atmel_start.o
 .debug_macro   0x00028f9d       0x10 atmel_start.o
 .debug_macro   0x00028fad       0x40 atmel_start.o
 .debug_macro   0x00028fed       0xd7 atmel_start.o
 .debug_macro   0x000290c4       0x16 atmel_start.o
 .debug_macro   0x000290da      0x18b atmel_start.o
 .debug_macro   0x00029265      0x4b2 Device_Startup/startup_same54.o
 .debug_macro   0x00029717       0x4e Device_Startup/startup_same54.o
 .debug_macro   0x00029765      0x796 driver_init.o
 .debug_macro   0x00029efb       0x7b driver_init.o
 .debug_macro   0x00029f76      0x69b hal/src/hal_io.o
 .debug_macro   0x0002a611      0x6b5 hal/src/hal_mci_sync.o
 .debug_macro   0x0002acc6      0x6c6 hal/src/hal_usart_sync.o
 .debug_macro   0x0002b38c      0x690 hal/utils/src/utils_assert.o
 .debug_macro   0x0002ba1c       0x10 hal/utils/src/utils_assert.o
 .debug_macro   0x0002ba2c      0x1d6 hal/utils/src/utils_syscalls.o
 .debug_macro   0x0002bc02       0x52 hal/utils/src/utils_syscalls.o
 .debug_macro   0x0002bc54       0x8d hal/utils/src/utils_syscalls.o
 .debug_macro   0x0002bce1       0x57 hal/utils/src/utils_syscalls.o
 .debug_macro   0x0002bd38       0x97 hal/utils/src/utils_syscalls.o
 .debug_macro   0x0002bdcf      0x353 hal/utils/src/utils_syscalls.o
 .debug_macro   0x0002c122       0xf6 hal/utils/src/utils_syscalls.o
 .debug_macro   0x0002c218       0x4c hal/utils/src/utils_syscalls.o
 .debug_macro   0x0002c264       0x16 hal/utils/src/utils_syscalls.o
 .debug_macro   0x0002c27a       0x10 hal/utils/src/utils_syscalls.o
 .debug_macro   0x0002c28a       0x10 hal/utils/src/utils_syscalls.o
 .debug_macro   0x0002c29a       0x35 hal/utils/src/utils_syscalls.o
 .debug_macro   0x0002c2cf      0x122 hal/utils/src/utils_syscalls.o
 .debug_macro   0x0002c3f1      0x729 hpl/core/hpl_init.o
 .debug_macro   0x0002cb1a       0x2e hpl/core/hpl_init.o
 .debug_macro   0x0002cb48      0xd7b hpl/core/hpl_init.o
 .debug_macro   0x0002d8c3      0x69f hpl/gclk/hpl_gclk.o
 .debug_macro   0x0002df62      0x2f0 hpl/gclk/hpl_gclk.o
 .debug_macro   0x0002e252      0x69a hpl/mclk/hpl_mclk.o
 .debug_macro   0x0002e8ec      0x695 hpl/osc32kctrl/hpl_osc32kctrl.o
 .debug_macro   0x0002ef81       0x80 hpl/osc32kctrl/hpl_osc32kctrl.o
 .debug_macro   0x0002f001      0x69f hpl/oscctrl/hpl_oscctrl.o
 .debug_macro   0x0002f6a0      0x216 hpl/oscctrl/hpl_oscctrl.o
 .debug_macro   0x0002f8b6      0x6b0 hpl/ramecc/hpl_ramecc.o
 .debug_macro   0x0002ff66      0x6ca hpl/sdhc/hpl_sdhc.o
 .debug_macro   0x00030630       0x10 hpl/sdhc/hpl_sdhc.o
 .debug_macro   0x00030640      0x8e3 hpl/sercom/hpl_sercom.o
 .debug_macro   0x00030f23       0x70 hpl/sercom/hpl_sercom.o
 .debug_macro   0x00030f93      0x1d2 hpl/sercom/hpl_sercom.o
 .debug_macro   0x00031165       0x10 hpl/sercom/hpl_sercom.o
 .debug_macro   0x00031175       0x1c hpl/sercom/hpl_sercom.o
 .debug_macro   0x00031191       0x22 hpl/sercom/hpl_sercom.o
 .debug_macro   0x000311b3       0x10 hpl/sercom/hpl_sercom.o
 .debug_macro   0x000311c3      0x98d lidar.o
 .debug_macro   0x00031b50      0x92e main.o
 .debug_macro   0x0003247e      0x857 sd_mmc/sd_mmc.o
 .debug_macro   0x00032cd5       0x4c sd_mmc/sd_mmc.o
 .debug_macro   0x00032d21       0xd9 sd_mmc/sd_mmc.o
 .debug_macro   0x00032dfa      0xe29 sd_mmc/sd_mmc.o
 .debug_macro   0x00033c23       0xa0 sd_mmc/sd_mmc.o
 .debug_macro   0x00033cc3       0x22 sd_mmc/sd_mmc.o
 .debug_macro   0x00033ce5       0x4c sd_mmc/sd_mmc.o
 .debug_macro   0x00033d31      0x932 sd_mmc_start.o
 .debug_macro   0x00034663       0x9a sd_mmc_start.o
 .debug_macro   0x000346fd      0x94b servo.o
 .debug_macro   0x00035048      0x93c smart_eeprom.o
 .debug_macro   0x00035984      0x7f6 stdio_redirect/gcc/read.o
 .debug_macro   0x0003617a      0x7f6 stdio_redirect/gcc/write.o
 .debug_macro   0x00036970      0x7ef stdio_redirect/stdio_io.o
 .debug_macro   0x0003715f      0x919 stdio_start.o

.debug_line     0x00000000    0x17819
 .debug_line    0x00000000      0xe96 atmel_start.o
 .debug_line    0x00000e96      0x89d Device_Startup/startup_same54.o
 .debug_line    0x00001733      0xed9 driver_init.o
 .debug_line    0x0000260c      0xc09 hal/src/hal_io.o
 .debug_line    0x00003215      0xd99 hal/src/hal_mci_sync.o
 .debug_line    0x00003fae      0xde2 hal/src/hal_usart_sync.o
 .debug_line    0x00004d90      0xbbe hal/utils/src/utils_assert.o
 .debug_line    0x0000594e      0x40a hal/utils/src/utils_syscalls.o
 .debug_line    0x00005d58      0xccc hpl/core/hpl_init.o
 .debug_line    0x00006a24      0xc0b hpl/gclk/hpl_gclk.o
 .debug_line    0x0000762f      0xbe1 hpl/mclk/hpl_mclk.o
 .debug_line    0x00008210      0xbf6 hpl/osc32kctrl/hpl_osc32kctrl.o
 .debug_line    0x00008e06      0xc1a hpl/oscctrl/hpl_oscctrl.o
 .debug_line    0x00009a20      0xc84 hpl/ramecc/hpl_ramecc.o
 .debug_line    0x0000a6a4     0x115e hpl/sdhc/hpl_sdhc.o
 .debug_line    0x0000b802     0x2af9 hpl/sercom/hpl_sercom.o
 .debug_line    0x0000e2fb     0x10b0 lidar.o
 .debug_line    0x0000f3ab      0xf07 main.o
 .debug_line    0x000102b2     0x1147 sd_mmc/sd_mmc.o
 .debug_line    0x000113f9      0xeca sd_mmc_start.o
 .debug_line    0x000122c3      0xfdf servo.o
 .debug_line    0x000132a2     0x1000 smart_eeprom.o
 .debug_line    0x000142a2      0xce6 stdio_redirect/gcc/read.o
 .debug_line    0x00014f88      0xce7 stdio_redirect/gcc/write.o
 .debug_line    0x00015c6f      0xd0a stdio_redirect/stdio_io.o
 .debug_line    0x00016979      0xea0 stdio_start.o

.debug_str      0x00000000   0x125636
 .debug_str     0x00000000   0x10bb54 atmel_start.o
                             0x10c0e8 (size before relaxing)
 .debug_str     0x0010bb54      0xbfb Device_Startup/startup_same54.o
                              0xf0d1f (size before relaxing)
 .debug_str     0x0010c74f     0x1aac driver_init.o
                             0x109e15 (size before relaxing)
 .debug_str     0x0010e1fb       0x55 hal/src/hal_io.o
                             0x10676d (size before relaxing)
 .debug_str     0x0010e250      0x1f0 hal/src/hal_mci_sync.o
                             0x107133 (size before relaxing)
 .debug_str     0x0010e440      0x4aa hal/src/hal_usart_sync.o
                             0x10720d (size before relaxing)
 .debug_str     0x0010e8ea       0x2a hal/utils/src/utils_assert.o
                             0x1066e2 (size before relaxing)
 .debug_str     0x0010e914      0x77f hal/utils/src/utils_syscalls.o
                               0x73b5 (size before relaxing)
 .debug_str     0x0010f093     0x3108 hpl/core/hpl_init.o
                             0x10aba9 (size before relaxing)
 .debug_str     0x0011219b      0xbf4 hpl/gclk/hpl_gclk.o
                             0x10740d (size before relaxing)
 .debug_str     0x00112d8f       0x47 hpl/mclk/hpl_mclk.o
                             0x106d6c (size before relaxing)
 .debug_str     0x00112dd6      0x466 hpl/osc32kctrl/hpl_osc32kctrl.o
                             0x106b3a (size before relaxing)