Archive member included to satisfy reference by file (symbol)

c:/program files (x86)/atmel/studio/7.0/toolchain/arm/arm-gnu-toolchain/bin/../lib/gcc/arm-none-eabi/6.3.1/thumb/v7e-m\libgcc.a(_arm_addsubdf3.o)
                              hpl/sercom/hpl_sercom.o (__aeabi_dsub)
c:/program files (x86)/atmel/studio/7.0/toolchain/arm/arm-gnu-toolchain/bin/../lib/gcc/arm-none-eabi/6.3.1/thumb/v7e-m\libgcc.a(_arm_muldivdf3.o)
                              hpl/sercom/hpl_sercom.o (__aeabi_dmul)
c:/program files (x86)/atmel/studio/7.0/toolchain/arm/arm-gnu-toolchain/bin/../lib/gcc/arm-none-eabi/6.3.1/thumb/v7e-m\libgcc.a(_arm_fixunsdfsi.o)
                              hpl/sercom/hpl_sercom.o (__aeabi_d2uiz)
c:/program files (x86)/atmel/studio/7.0/toolchain/arm/arm-gnu-toolchain/bin/../lib/gcc/arm-none-eabi/6.3.1/thumb/v7e-m\libgcc.a(_aeabi_uldivmod.o)
                              hpl/sdhc/hpl_sdhc.o (__aeabi_uldivmod)
c:/program files (x86)/atmel/studio/7.0/toolchain/arm/arm-gnu-toolchain/bin/../lib/gcc/arm-none-eabi/6.3.1/thumb/v7e-m\libgcc.a(_udivmoddi4.o)
                              c:/program files (x86)/atmel/studio/7.0/toolchain/arm/arm-gnu-toolchain/bin/../lib/gcc/arm-none-eabi/6.3.1/thumb/v7e-m\libgcc.a(_aeabi_uldivmod.o) (__udivmoddi4)
c:/program files (x86)/atmel/studio/7.0/toolchain/arm/arm-gnu-toolchain/bin/../lib/gcc/arm-none-eabi/6.3.1/thumb/v7e-m\libgcc.a(_dvmd_tls.o)
                              c:/program files (x86)/atmel/studio/7.0/toolchain/arm/arm-gnu-toolchain/bin/../lib/gcc/arm-none-eabi/6.3.1/thumb/v7e-m\libgcc.a(_aeabi_uldivmod.o) (__aeabi_ldiv0)
c:/program files (x86)/atmel/studio/7.0/toolchain/arm/arm-gnu-toolchain/bin/../lib/gcc/arm-none-eabi/6.3.1/../../../../arm-none-eabi/lib/thumb/v7e-m\libc_nano.a(lib_a-exit.o)
                              c:/program files (x86)/atmel/studio/7.0/toolchain/arm/arm-gnu-toolchain/bin/../lib/gcc/arm-none-eabi/6.3.1/../../../../arm-none-eabi/lib/thumb/v7e-m/crt0.o (exit)
c:/program files (x86)/atmel/studio/7.0/toolchain/arm/arm-gnu-toolchain/bin/../lib/gcc/arm-none-eabi/6.3.1/../../../../arm-none-eabi/lib/thumb/v7e-m\libc_nano.a(lib_a-fflush.o)
                              main.o (fflush)
c:/program files (x86)/atmel/studio/7.0/toolchain/arm/arm-gnu-toolchain/bin/../lib/gcc/arm-none-eabi/6.3.1/../../../../arm-none-eabi/lib/thumb/v7e-m\libc_nano.a(lib_a-findfp.o)
                              c:/program files (x86)/atmel/studio/7.0/toolchain/arm/arm-gnu-toolchain/bin/../lib/gcc/arm-none-eabi/6.3.1/../../../../arm-none-eabi/lib/thumb/v7e-m\libc_nano.a(lib_a-fflush.o) (__sinit)
c:/program files (x86)/atmel/studio/7.0/toolchain/arm/arm-gnu-toolchain/bin/../lib/gcc/arm-none-eabi/6.3.1/../../../../arm-none-eabi/lib/thumb/v7e-m\libc_nano.a(lib_a-fwalk.o)
                              c:/program files (x86)/atmel/studio/7.0/toolchain/arm/arm-gnu-toolchain/bin/../lib/gcc/arm-none-eabi/6.3.1/../../../../arm-none-eabi/lib/thumb/v7e-m\libc_nano.a(lib_a-findfp.o) (_fwalk)
c:/program files (x86)/atmel/studio/7.0/toolchain/arm/arm-gnu-toolchain/bin/../lib/gcc/arm-none-eabi/6.3.1/../../../../arm-none-eabi/lib/thumb/v7e-m\libc_nano.a(lib_a-impure.o)
                              c:/program files (x86)/atmel/studio/7.0/toolchain/arm/arm-gnu-toolchain/bin/../lib/gcc/arm-none-eabi/6.3.1/../../../../arm-none-eabi/lib/thumb/v7e-m\libc_nano.a(lib_a-exit.o) (_global_impure_ptr)
c:/program files (x86)/atmel/studio/7.0/toolchain/arm/arm-gnu-toolchain/bin/../lib/gcc/arm-none-eabi/6.3.1/../../../../arm-none-eabi/lib/thumb/v7e-m\libc_nano.a(lib_a-init.o)
                              c:/program files (x86)/atmel/studio/7.0/toolchain/arm/arm-gnu-toolchain/bin/../lib/gcc/arm-none-eabi/6.3.1/../../../../arm-none-eabi/lib/thumb/v7e-m/crt0.o (__libc_init_array)
c:/program files (x86)/atmel/studio/7.0/toolchain/arm/arm-gnu-toolchain/bin/../lib/gcc/arm-none-eabi/6.3.1/../../../../arm-none-eabi/lib/thumb/v7e-m\libc_nano.a(lib_a-memset.o)
                              c:/program files (x86)/atmel/studio/7.0/toolchain/arm/arm-gnu-toolchain/bin/../lib/gcc/arm-none-eabi/6.3.1/../../../../arm-none-eabi/lib/thumb/v7e-m/crt0.o (memset)
c:/program files (x86)/atmel/studio/7.0/toolchain/arm/arm-gnu-toolchain/bin/../lib/gcc/arm-none-eabi/6.3.1/../../../../arm-none-eabi/lib/thumb/v7e-m\libc_nano.a(lib_a-nano-freer.o)
                              c:/program files (x86)/atmel/studio/7.0/toolchain/arm/arm-gnu-toolchain/bin/../lib/gcc/arm-none-eabi/6.3.1/../../../../arm-none-eabi/lib/thumb/v7e-m\libc_nano.a(lib_a-fflush.o) (_free_r)
c:/program files (x86)/atmel/studio/7.0/toolchain/arm/arm-gnu-toolchain/bin/../lib/gcc/arm-none-eabi/6.3.1/../../../../arm-none-eabi/lib/thumb/v7e-m\libc_nano.a(lib_a-nano-mallocr.o)
                              c:/program files (x86)/atmel/studio/7.0/toolchain/arm/arm-gnu-toolchain/bin/../lib/gcc/arm-none-eabi/6.3.1/../../../../arm-none-eabi/lib/thumb/v7e-m\libc_nano.a(lib_a-findfp.o) (_malloc_r)
[...]
Memory Configuration

Name             Origin             Length             Attributes
rom              0x00000000         0x00100000         xr
ram              0x20000000         0x00040000         xrw
bkupram          0x47000000         0x00002000         xrw
qspi             0x04000000         0x01000000         xrw
*default*        0x00000000         0xffffffff

Linker script and memory map

LOAD c:/program files (x86)/atmel/studio/7.0/toolchain/arm/arm-gnu-toolchain/bin/../lib/gcc/arm-none-eabi/6.3.1/thumb/v7e-m/crti.o
LOAD c:/program files (x86)/atmel/studio/7.0/toolchain/arm/arm-gnu-toolchain/bin/../lib/gcc/arm-none-eabi/6.3.1/thumb/v7e-m/crtbegin.o
LOAD c:/program files (x86)/atmel/studio/7.0/toolchain/arm/arm-gnu-toolchain/bin/../lib/gcc/arm-none-eabi/6.3.1/../../../../arm-none-eabi/lib/thumb/v7e-m/crt0.o
LOAD atmel_start.o
LOAD Device_Startup/startup_same54.o
LOAD Device_Startup/system_same54.o
LOAD driver_init.o
LOAD examples/driver_examples.o
LOAD hal/src/hal_atomic.o
LOAD hal/src/hal_cache.o
LOAD hal/src/hal_delay.o
LOAD hal/src/hal_gpio.o
LOAD hal/src/hal_init.o
LOAD hal/src/hal_io.o
LOAD hal/src/hal_mci_sync.o
LOAD hal/src/hal_sleep.o
LOAD hal/src/hal_usart_sync.o
LOAD hal/utils/src/utils_assert.o
LOAD hal/utils/src/utils_event.o
LOAD hal/utils/src/utils_list.o
LOAD hal/utils/src/utils_syscalls.o
LOAD hpl/cmcc/hpl_cmcc.o
LOAD hpl/core/hpl_core_m4.o
LOAD hpl/core/hpl_init.o
LOAD hpl/dmac/hpl_dmac.o
LOAD hpl/gclk/hpl_gclk.o
LOAD hpl/mclk/hpl_mclk.o
LOAD hpl/osc32kctrl/hpl_osc32kctrl.o
LOAD hpl/oscctrl/hpl_oscctrl.o
LOAD hpl/pm/hpl_pm.o
LOAD hpl/ramecc/hpl_ramecc.o
LOAD hpl/sdhc/hpl_sdhc.o
LOAD hpl/sercom/hpl_sercom.o
LOAD hpl/tc/tc_lite.o
LOAD main.o
LOAD sd_mmc/sd_mmc.o
LOAD sd_mmc_start.o
LOAD servo.o
LOAD smart_eeprom.o
LOAD stdio_redirect/gcc/read.o
LOAD stdio_redirect/gcc/write.o
LOAD stdio_redirect/stdio_io.o
LOAD stdio_start.o
START GROUP
LOAD c:/program files (x86)/atmel/studio/7.0/toolchain/arm/arm-gnu-toolchain/bin/../lib/gcc/arm-none-eabi/6.3.1/../../../../arm-none-eabi/lib/thumb/v7e-m\libm.a
END GROUP
START GROUP
LOAD c:/program files (x86)/atmel/studio/7.0/toolchain/arm/arm-gnu-toolchain/bin/../lib/gcc/arm-none-eabi/6.3.1/thumb/v7e-m\libgcc.a
LOAD c:/program files (x86)/atmel/studio/7.0/toolchain/arm/arm-gnu-toolchain/bin/../lib/gcc/arm-none-eabi/6.3.1/../../../../arm-none-eabi/lib/thumb/v7e-m\libc_nano.a
END GROUP
START GROUP
LOAD c:/program files (x86)/atmel/studio/7.0/toolchain/arm/arm-gnu-toolchain/bin/../lib/gcc/arm-none-eabi/6.3.1/thumb/v7e-m\libgcc.a
LOAD c:/program files (x86)/atmel/studio/7.0/toolchain/arm/arm-gnu-toolchain/bin/../lib/gcc/arm-none-eabi/6.3.1/../../../../arm-none-eabi/lib/thumb/v7e-m\libc_nano.a
END GROUP
LOAD c:/program files (x86)/atmel/studio/7.0/toolchain/arm/arm-gnu-toolchain/bin/../lib/gcc/arm-none-eabi/6.3.1/thumb/v7e-m/crtend.o
LOAD c:/program files (x86)/atmel/studio/7.0/toolchain/arm/arm-gnu-toolchain/bin/../lib/gcc/arm-none-eabi/6.3.1/thumb/v7e-m/crtn.o
                0x00010000                STACK_SIZE = DEFINED (STACK_SIZE)?STACK_SIZE:DEFINED (__stack_size__)?__stack_size__:0x10000

.text           0x00000000     0x407c
                0x00000000                . = ALIGN (0x4)
                0x00000000                _sfixed = .
 *(.vectors .vectors.*)
 .vectors       0x00000000      0x264 Device_Startup/startup_same54.o
                0x00000000                exception_table
 *(.text .text.* .gnu.linkonce.t.*)
 .text          0x00000264       0x6c c:/program files (x86)/atmel/studio/7.0/toolchain/arm/arm-gnu-toolchain/bin/../lib/gcc/arm-none-eabi/6.3.1/thumb/v7e-m/crtbegin.o
 .text.atmel_start_init
                0x000002d0       0x1c atmel_start.o
                0x000002d0                atmel_start_init
 .text.Dummy_Handler
                0x000002ec        0x2 Device_Startup/startup_same54.o
                0x000002ec                EIC_5_Handler
                0x000002ec                SVCall_Handler
                0x000002ec                SERCOM0_2_Handler
                0x000002ec                EIC_13_Handler
                0x000002ec                EVSYS_0_Handler
                0x000002ec                TCC1_3_Handler
                0x000002ec                DAC_3_Handler
                0x000002ec                TRNG_Handler
                0x000002ec                TC2_Handler
                0x000002ec                PDEC_2_Handler
                0x000002ec                EIC_4_Handler
                0x000002ec                AC_Handler
                0x000002ec                SERCOM3_1_Handler
                0x000002ec                SysTick_Handler
                0x000002ec                TCC2_3_Handler
                0x000002ec                SERCOM3_2_Handler
                0x000002ec                PendSV_Handler
                0x000002ec                TC7_Handler
                0x000002ec                ADC1_1_Handler
                0x000002ec                EVSYS_3_Handler
                0x000002ec                PDEC_0_Handler
                0x000002ec                QSPI_Handler
                0x000002ec                NonMaskableInt_Handler
                0x000002ec                TCC0_0_Handler
                0x000002ec                EIC_3_Handler
                0x000002ec                MemManagement_Handler
                0x000002ec                DAC_2_Handler
                0x000002ec                SERCOM0_0_Handler
                0x000002ec                RTC_Handler
                0x000002ec                UsageFault_Handler
                0x000002ec                SERCOM4_0_Handler
                0x000002ec                EIC_10_Handler
                0x000002ec                SERCOM0_3_Handler
                0x000002ec                EIC_11_Handler
                0x000002ec                EIC_9_Handler
                0x000002ec                OSC32KCTRL_Handler
                0x000002ec                TCC2_1_Handler
                0x000002ec                SUPC_1_Handler
                0x000002ec                TCC0_5_Handler
                0x000002ec                TCC0_6_Handler
                0x000002ec                SERCOM6_2_Handler
                0x000002ec                EVSYS_1_Handler
                0x000002ec                TCC1_4_Handler
                0x000002ec                TC6_Handler
                0x000002ec                DMAC_0_Handler
                0x000002ec                WDT_Handler
                0x000002ec                CAN0_Handler
                0x000002ec                EIC_8_Handler
                0x000002ec                EIC_15_Handler
                0x000002ec                SERCOM6_0_Handler
                0x000002ec                SERCOM5_0_Handler
                0x000002ec                TC4_Handler
                0x000002ec                TC1_Handler
                0x000002ec                OSCCTRL_4_Handler
                0x000002ec                SERCOM4_3_Handler
                0x000002ec                EIC_12_Handler
                0x000002ec                DMAC_4_Handler
                0x000002ec                TCC4_2_Handler
                0x000002ec                PAC_Handler
                0x000002ec                TCC1_0_Handler
                0x000002ec                USB_0_Handler
                0x000002ec                OSCCTRL_0_Handler
                0x000002ec                EIC_0_Handler
                0x000002ec                OSCCTRL_3_Handler
                0x000002ec                SERCOM4_1_Handler
                0x000002ec                TC3_Handler
                0x000002ec                Dummy_Handler
                0x000002ec                TCC3_0_Handler
                0x000002ec                TCC2_2_Handler
                0x000002ec                SERCOM5_1_Handler
                0x000002ec                TCC1_1_Handler
                0x000002ec                DMAC_2_Handler
                0x000002ec                ADC0_0_Handler
                0x000002ec                SERCOM0_1_Handler
                0x000002ec                OSCCTRL_2_Handler
                0x000002ec                ADC1_0_Handler
                0x000002ec                TCC1_2_Handler
                0x000002ec                SERCOM7_1_Handler
                0x000002ec                USB_1_Handler
                0x000002ec                PM_Handler
                0x000002ec                SERCOM6_3_Handler
                0x000002ec                SERCOM2_3_Handler
                0x000002ec                DAC_4_Handler
                0x000002ec                TCC3_2_Handler
                0x000002ec                SERCOM7_0_Handler
                0x000002ec                TCC0_2_Handler
                0x000002ec                DMAC_1_Handler
                0x000002ec                TCC4_0_Handler
                0x000002ec                SERCOM7_3_Handler
                0x000002ec                GMAC_Handler
                0x000002ec                SDHC1_Handler
                0x000002ec                USB_3_Handler
                0x000002ec                SERCOM7_2_Handler
                0x000002ec                CAN1_Handler
                0x000002ec                TCC2_0_Handler
                0x000002ec                PDEC_1_Handler
                0x000002ec                TCC4_1_Handler
                0x000002ec                SERCOM5_3_Handler
                0x000002ec                USB_2_Handler
                0x000002ec                SERCOM6_1_Handler
                0x000002ec                SDHC0_Handler
                0x000002ec                SERCOM1_1_Handler
                0x000002ec                I2S_Handler
                0x000002ec                EIC_2_Handler
                0x000002ec                PCC_Handler
                0x000002ec                DAC_0_Handler
                0x000002ec                TCC0_1_Handler
                0x000002ec                SERCOM1_3_Handler
                0x000002ec                EIC_6_Handler
                0x000002ec                OSCCTRL_1_Handler
                0x000002ec                SERCOM1_0_Handler
                0x000002ec                PUKCC_Handler
                0x000002ec                SERCOM2_1_Handler
                0x000002ec                SERCOM1_2_Handler
                0x000002ec                SERCOM3_0_Handler
                0x000002ec                EIC_1_Handler
                0x000002ec                SERCOM4_2_Handler
                0x000002ec                EVSYS_4_Handler
                0x000002ec                EIC_7_Handler
                0x000002ec                NVMCTRL_1_Handler
                0x000002ec                SERCOM5_2_Handler
                0x000002ec                SERCOM3_3_Handler
                0x000002ec                ADC0_1_Handler
                0x000002ec                SERCOM2_2_Handler
                0x000002ec                TCC3_1_Handler
                0x000002ec                EIC_14_Handler
                0x000002ec                DAC_1_Handler
                0x000002ec                NVMCTRL_0_Handler
                0x000002ec                MCLK_Handler
                0x000002ec                EVSYS_2_Handler
                0x000002ec                SUPC_0_Handler
                0x000002ec                BusFault_Handler
                0x000002ec                FREQM_Handler
                0x000002ec                TC0_Handler
                0x000002ec                TCC0_3_Handler
                0x000002ec                DMAC_3_Handler
                0x000002ec                DebugMonitor_Handler
                0x000002ec                TCC0_4_Handler
                0x000002ec                TC5_Handler
                0x000002ec                SERCOM2_0_Handler
                0x000002ec                AES_Handler
                0x000002ec                ICM_Handler
 *fill*         0x000002ee        0x2 
 .text.Reset_Handler
                0x000002f0       0x98 Device_Startup/startup_same54.o
                0x000002f0                Reset_Handler
 .text.LIDAR_USART_PORT_init
                0x00000388       0x48 driver_init.o
                0x00000388                LIDAR_USART_PORT_init
 .text.LIDAR_USART_CLOCK_init
                0x000003d0       0x24 driver_init.o
                0x000003d0                LIDAR_USART_CLOCK_init
 .text.LIDAR_USART_init
                0x000003f4       0x2c driver_init.o
                0x000003f4                LIDAR_USART_init
 .text.STDIO_IO_PORT_init
                0x00000420       0x48 driver_init.o
                0x00000420                STDIO_IO_PORT_init
 .text.STDIO_IO_CLOCK_init
                0x00000468       0x24 driver_init.o
                0x00000468                STDIO_IO_CLOCK_init
 .text.STDIO_IO_init
                0x0000048c       0x2c driver_init.o
                0x0000048c                STDIO_IO_init
 .text.SDHC_IO_BUS_PORT_init
                0x000004b8      0x18c driver_init.o
                0x000004b8                SDHC_IO_BUS_PORT_init
 .text.SDHC_IO_BUS_CLOCK_init
                0x00000644       0x20 driver_init.o
                0x00000644                SDHC_IO_BUS_CLOCK_init
 .text.SDHC_IO_BUS_init
                0x00000664       0x28 driver_init.o
                0x00000664                SDHC_IO_BUS_init
 .text.SERVO_PWM_PORT_init
                0x0000068c       0x28 driver_init.o
                0x0000068c                SERVO_PWM_PORT_init
 .text.SERVO_PWM_CLOCK_init
                0x000006b4       0x1c driver_init.o
                0x000006b4                SERVO_PWM_CLOCK_init
 .text.LIDAR_PWM_PORT_init
                0x000006d0       0x48 driver_init.o
                0x000006d0                LIDAR_PWM_PORT_init
 .text.LIDAR_PWM_CLOCK_init
                0x00000718       0x1c driver_init.o
                0x00000718                LIDAR_PWM_CLOCK_init
 .text.system_init
                0x00000734       0xe8 driver_init.o
                0x00000734                system_init
 .text.io_write
                0x0000081c       0x30 hal/src/hal_io.o
                0x0000081c                io_write
 .text.io_read  0x0000084c       0x30 hal/src/hal_io.o
                0x0000084c                io_read
 .text.mci_sync_init
                0x0000087c       0x30 hal/src/hal_mci_sync.o
                0x0000087c                mci_sync_init
 .text.usart_sync_write
                0x000008ac       0x74 hal/src/hal_usart_sync.o
 .text.usart_sync_read
                0x00000920       0x60 hal/src/hal_usart_sync.o
 .text.usart_sync_init
                0x00000980       0x48 hal/src/hal_usart_sync.o
                0x00000980                usart_sync_init
 .text.usart_sync_enable
                0x000009c8       0x2c hal/src/hal_usart_sync.o
                0x000009c8                usart_sync_enable
 .text.assert   0x000009f4        0x6 hal/utils/src/utils_assert.o
                0x000009f4                assert
 *fill*         0x000009fa        0x2 
 .text._sbrk    0x000009fc       0x24 hal/utils/src/utils_syscalls.o
                0x000009fc                _sbrk
 .text._close   0x00000a20        0x6 hal/utils/src/utils_syscalls.o
                0x00000a20                _close
 .text._fstat   0x00000a26        0xa hal/utils/src/utils_syscalls.o
                0x00000a26                _fstat
 .text._isatty  0x00000a30        0x4 hal/utils/src/utils_syscalls.o
                0x00000a30                _isatty
 .text._lseek   0x00000a34        0x4 hal/utils/src/utils_syscalls.o
                0x00000a34                _lseek
 .text._init_chip
                0x00000a38       0x3c hpl/core/hpl_init.o
                0x00000a38                _init_chip
 .text._gclk_init_generators_by_fref
                0x00000a74       0x24 hpl/gclk/hpl_gclk.o
                0x00000a74                _gclk_init_generators_by_fref
 .text._mclk_init
                0x00000a98        0xc hpl/mclk/hpl_mclk.o
                0x00000a98                _mclk_init
 .text._osc32kctrl_init_sources
                0x00000aa4       0x14 hpl/osc32kctrl/hpl_osc32kctrl.o
                0x00000aa4                _osc32kctrl_init_sources
 .text._oscctrl_init_sources
                0x00000ab8       0x1c hpl/oscctrl/hpl_oscctrl.o
                0x00000ab8                _oscctrl_init_sources
 .text._oscctrl_init_referenced_generators
                0x00000ad4        0x2 hpl/oscctrl/hpl_oscctrl.o
                0x00000ad4                _oscctrl_init_referenced_generators
 *fill*         0x00000ad6        0x2 
 .text.RAMECC_Handler
                0x00000ad8       0x44 hpl/ramecc/hpl_ramecc.o
                0x00000ad8                RAMECC_Handler
 .text._mci_sync_init
                0x00000b1c       0x68 hpl/sdhc/hpl_sdhc.o
                0x00000b1c                _mci_sync_init
 .text._sercom_get_hardware_index
                0x00000b84       0x44 hpl/sercom/hpl_sercom.o
 .text._usart_init
                0x00000bc8      0x11c hpl/sercom/hpl_sercom.o
 .text._usart_sync_init
                0x00000ce4       0x2c hpl/sercom/hpl_sercom.o
                0x00000ce4                _usart_sync_init
 .text._usart_sync_enable
                0x00000d10       0x14 hpl/sercom/hpl_sercom.o
                0x00000d10                _usart_sync_enable
 .text._usart_sync_write_byte
                0x00000d24        0x6 hpl/sercom/hpl_sercom.o
                0x00000d24                _usart_sync_write_byte
 .text._usart_sync_read_byte
                0x00000d2a        0x8 hpl/sercom/hpl_sercom.o
                0x00000d2a                _usart_sync_read_byte
 .text._usart_sync_is_ready_to_send
                0x00000d32        0xa hpl/sercom/hpl_sercom.o
                0x00000d32                _usart_sync_is_ready_to_send
 .text._usart_sync_is_transmit_done
                0x00000d3c        0xa hpl/sercom/hpl_sercom.o
                0x00000d3c                _usart_sync_is_transmit_done
 .text._usart_sync_is_byte_received
                0x00000d46        0xa hpl/sercom/hpl_sercom.o
                0x00000d46                _usart_sync_is_byte_received
 .text.SERVO_PWM_init
                0x00000d50       0xc4 hpl/tc/tc_lite.o
                0x00000d50                SERVO_PWM_init
 .text.LIDAR_PWM_init
                0x00000e14       0x78 hpl/tc/tc_lite.o
                0x00000e14                LIDAR_PWM_init
 .text.HardFault_Handler
                0x00000e8c       0x14 main.o
                0x00000e8c                HardFault_Handler
 .text.main     0x00000ea0       0xd0 main.o
                0x00000ea0                main
 .text.sd_mmc_init
                0x00000f70       0x1c sd_mmc/sd_mmc.o
                0x00000f70                sd_mmc_init
 .text.sd_mmc_stack_init
                0x00000f8c       0x1c sd_mmc_start.o
                0x00000f8c                sd_mmc_stack_init
 .text.SERVO_set_angle
                0x00000fa8       0xd4 servo.o
                0x00000fa8                SERVO_set_angle
 .text.SERVO_menu
                0x0000107c       0xb8 servo.o
                0x0000107c                SERVO_menu
 .text.invert_seep_byte
                0x00001134       0x50 smart_eeprom.o
                0x00001134                invert_seep_byte
 .text.verify_seep_signature
                0x00001184       0x40 smart_eeprom.o
                0x00001184                verify_seep_signature
 .text.print_hex_array
                0x000011c4       0x54 smart_eeprom.o
                0x000011c4                print_hex_array
 .text.EEPROM_init
                0x00001218       0x90 smart_eeprom.o
                0x00001218                EEPROM_init
 .text.EEPROM_read
                0x000012a8       0x40 smart_eeprom.o
                0x000012a8                EEPROM_read
 .text.EEPROM_write
                0x000012e8       0xa8 smart_eeprom.o
                0x000012e8                EEPROM_write
 .text.EEPROM_menu
                0x00001390       0xb4 smart_eeprom.o
                0x00001390                EEPROM_menu
 .text._read    0x00001444       0x20 stdio_redirect/gcc/read.o
                0x00001444                _read
 .text._write   0x00001464       0x24 stdio_redirect/gcc/write.o
                0x00001464                _write
 .text.stdio_io_init
                0x00001488       0x2c stdio_redirect/stdio_io.o
                0x00001488                stdio_io_init
 .text.stdio_io_read
                0x000014b4       0x24 stdio_redirect/stdio_io.o
                0x000014b4                stdio_io_read
 .text.stdio_io_write
                0x000014d8       0x24 stdio_redirect/stdio_io.o
                0x000014d8                stdio_io_write
 .text.stdio_redirect_init
                0x000014fc       0x20 stdio_start.o
                0x000014fc                stdio_redirect_init
 .text          0x0000151c      0x370 c:/program files (x86)/atmel/studio/7.0/toolchain/arm/arm-gnu-toolchain/bin/../lib/gcc/arm-none-eabi/6.3.1/thumb/v7e-m\libgcc.a(_arm_addsubdf3.o)
                0x0000151c                __aeabi_drsub
                0x00001524                __aeabi_dsub
                0x00001524                __subdf3
                0x00001528                __aeabi_dadd
                0x00001528                __adddf3
                0x000017a0                __floatunsidf
                0x000017a0                __aeabi_ui2d
                0x000017c0                __floatsidf
                0x000017c0                __aeabi_i2d
                0x000017e4                __aeabi_f2d
                0x000017e4                __extendsfdf2
                0x00001820                __floatundidf
                0x00001820                __aeabi_ul2d
                0x00001830                __floatdidf
                0x00001830                __aeabi_l2d
 .text          0x0000188c      0x424 c:/program files (x86)/atmel/studio/7.0/toolchain/arm/arm-gnu-toolchain/bin/../lib/gcc/arm-none-eabi/6.3.1/thumb/v7e-m\libgcc.a(_arm_muldivdf3.o)
                0x0000188c                __aeabi_dmul
                0x0000188c                __muldf3
                0x00001ae0                __divdf3
                0x00001ae0                __aeabi_ddiv
 .text          0x00001cb0       0x40 c:/program files (x86)/atmel/studio/7.0/toolchain/arm/arm-gnu-toolchain/bin/../lib/gcc/arm-none-eabi/6.3.1/thumb/v7e-m\libgcc.a(_arm_fixunsdfsi.o)
                0x00001cb0                __aeabi_d2uiz
                0x00001cb0                __fixunsdfsi
 .text.__sflush_r
                0x00001cf0      0x110 c:/program files (x86)/atmel/studio/7.0/toolchain/arm/arm-gnu-toolchain/bin/../lib/gcc/arm-none-eabi/6.3.1/../../../../arm-none-eabi/lib/thumb/v7e-m\libc_nano.a(lib_a-fflush.o)
                0x00001cf0                __sflush_r
 .text._fflush_r
                0x00001e00       0x54 c:/program files (x86)/atmel/studio/7.0/toolchain/arm/arm-gnu-toolchain/bin/../lib/gcc/arm-none-eabi/6.3.1/../../../../arm-none-eabi/lib/thumb/v7e-m\libc_nano.a(lib_a-fflush.o)
                0x00001e00                _fflush_r
 .text.fflush   0x00001e54       0x24 c:/program files (x86)/atmel/studio/7.0/toolchain/arm/arm-gnu-toolchain/bin/../lib/gcc/arm-none-eabi/6.3.1/../../../../arm-none-eabi/lib/thumb/v7e-m\libc_nano.a(lib_a-fflush.o)
                0x00001e54                fflush
 .text._cleanup_r
                0x00001e78        0xc c:/program files (x86)/atmel/studio/7.0/toolchain/arm/arm-gnu-toolchain/bin/../lib/gcc/arm-none-eabi/6.3.1/../../../../arm-none-eabi/lib/thumb/v7e-m\libc_nano.a(lib_a-findfp.o)
                0x00001e78                _cleanup_r
 .text.std.isra.0
                0x00001e84       0x48 c:/program files (x86)/atmel/studio/7.0/toolchain/arm/arm-gnu-toolchain/bin/../lib/gcc/arm-none-eabi/6.3.1/../../../../arm-none-eabi/lib/thumb/v7e-m\libc_nano.a(lib_a-findfp.o)
 .text.__sfmoreglue
                0x00001ecc       0x2c c:/program files (x86)/atmel/studio/7.0/toolchain/arm/arm-gnu-toolchain/bin/../lib/gcc/arm-none-eabi/6.3.1/../../../../arm-none-eabi/lib/thumb/v7e-m\libc_nano.a(lib_a-findfp.o)
                0x00001ecc                __sfmoreglue
 .text.__sinit  0x00001ef8       0x60 c:/program files (x86)/atmel/studio/7.0/toolchain/arm/arm-gnu-toolchain/bin/../lib/gcc/arm-none-eabi/6.3.1/../../../../arm-none-eabi/lib/thumb/v7e-m\libc_nano.a(lib_a-findfp.o)
                0x00001ef8                __sinit
 .text.__sfp    0x00001f58       0x78 c:/program files (x86)/atmel/studio/7.0/toolchain/arm/arm-gnu-toolchain/bin/../lib/gcc/arm-none-eabi/6.3.1/../../../../arm-none-eabi/lib/thumb/v7e-m\libc_nano.a(lib_a-findfp.o)
                0x00001f58                __sfp
 .text._fwalk   0x00001fd0       0x38 c:/program files (x86)/atmel/studio/7.0/toolchain/arm/arm-gnu-toolchain/bin/../lib/gcc/arm-none-eabi/6.3.1/../../../../arm-none-eabi/lib/thumb/v7e-m\libc_nano.a(lib_a-fwalk.o)
                0x00001fd0                _fwalk
 .text._fwalk_reent
                0x00002008       0x3c c:/program files (x86)/atmel/studio/7.0/toolchain/arm/arm-gnu-toolchain/bin/../lib/gcc/arm-none-eabi/6.3.1/../../../../arm-none-eabi/lib/thumb/v7e-m\libc_nano.a(lib_a-fwalk.o)
                0x00002008                _fwalk_reent
 .text.__libc_init_array
                0x00002044       0x48 c:/program files (x86)/atmel/studio/7.0/toolchain/arm/arm-gnu-toolchain/bin/../lib/gcc/arm-none-eabi/6.3.1/../../../../arm-none-eabi/lib/thumb/v7e-m\libc_nano.a(lib_a-init.o)
                0x00002044                __libc_init_array
 .text.memset   0x0000208c       0x10 c:/program files (x86)/atmel/studio/7.0/toolchain/arm/arm-gnu-toolchain/bin/../lib/gcc/arm-none-eabi/6.3.1/../../../../arm-none-eabi/lib/thumb/v7e-m\libc_nano.a(lib_a-memset.o)
                0x0000208c                memset
 .text._free_r  0x0000209c       0x9c c:/program files (x86)/atmel/studio/7.0/toolchain/arm/arm-gnu-toolchain/bin/../lib/gcc/arm-none-eabi/6.3.1/../../../../arm-none-eabi/lib/thumb/v7e-m\libc_nano.a(lib_a-nano-freer.o)
                0x0000209c                _free_r
 .text._malloc_r
                0x00002138       0xbc c:/program files (x86)/atmel/studio/7.0/toolchain/arm/arm-gnu-toolchain/bin/../lib/gcc/arm-none-eabi/6.3.1/../../../../arm-none-eabi/lib/thumb/v7e-m\libc_nano.a(lib_a-nano-mallocr.o)
                0x00002138                _malloc_r
 .text.printf   0x000021f4       0x30 c:/program files (x86)/atmel/studio/7.0/toolchain/arm/arm-gnu-toolchain/bin/../lib/gcc/arm-none-eabi/6.3.1/../../../../arm-none-eabi/lib/thumb/v7e-m\libc_nano.a(lib_a-printf.o)
                0x000021f4                iprintf
                0x000021f4                printf
 .text._puts_r  0x00002224       0xb8 c:/program files (x86)/atmel/studio/7.0/toolchain/arm/arm-gnu-toolchain/bin/../lib/gcc/arm-none-eabi/6.3.1/../../../../arm-none-eabi/lib/thumb/v7e-m\libc_nano.a(lib_a-puts.o)
                0x00002224                _puts_r
 .text.puts     0x000022dc       0x10 c:/program files (x86)/atmel/studio/7.0/toolchain/arm/arm-gnu-toolchain/bin/../lib/gcc/arm-none-eabi/6.3.1/../../../../arm-none-eabi/lib/thumb/v7e-m\libc_nano.a(lib_a-puts.o)
                0x000022dc                puts
 .text._sbrk_r  0x000022ec       0x20 c:/program files (x86)/atmel/studio/7.0/toolchain/arm/arm-gnu-toolchain/bin/../lib/gcc/arm-none-eabi/6.3.1/../../../../arm-none-eabi/lib/thumb/v7e-m\libc_nano.a(lib_a-sbrkr.o)
                0x000022ec                _sbrk_r
 .text.scanf    0x0000230c       0x30 c:/program files (x86)/atmel/studio/7.0/toolchain/arm/arm-gnu-toolchain/bin/../lib/gcc/arm-none-eabi/6.3.1/../../../../arm-none-eabi/lib/thumb/v7e-m\libc_nano.a(lib_a-scanf.o)
                0x0000230c                scanf
                0x0000230c                iscanf
 .text.setbuf   0x0000233c       0x10 c:/program files (x86)/atmel/studio/7.0/toolchain/arm/arm-gnu-toolchain/bin/../lib/gcc/arm-none-eabi/6.3.1/../../../../arm-none-eabi/lib/thumb/v7e-m\libc_nano.a(lib_a-setbuf.o)
                0x0000233c                setbuf
 .text.setvbuf  0x0000234c      0x15c c:/program files (x86)/atmel/studio/7.0/toolchain/arm/arm-gnu-toolchain/bin/../lib/gcc/arm-none-eabi/6.3.1/../../../../arm-none-eabi/lib/thumb/v7e-m\libc_nano.a(lib_a-setvbuf.o)
                0x0000234c                setvbuf
 .text.__sread  0x000024a8       0x22 c:/program files (x86)/atmel/studio/7.0/toolchain/arm/arm-gnu-toolchain/bin/../lib/gcc/arm-none-eabi/6.3.1/../../../../arm-none-eabi/lib/thumb/v7e-m\libc_nano.a(lib_a-stdio.o)
                0x000024a8                __sread
 .text.__swrite
                0x000024ca       0x38 c:/program files (x86)/atmel/studio/7.0/toolchain/arm/arm-gnu-toolchain/bin/../lib/gcc/arm-none-eabi/6.3.1/../../../../arm-none-eabi/lib/thumb/v7e-m\libc_nano.a(lib_a-stdio.o)
                0x000024ca                __swrite
 .text.__sseek  0x00002502       0x24 c:/program files (x86)/atmel/studio/7.0/toolchain/arm/arm-gnu-toolchain/bin/../lib/gcc/arm-none-eabi/6.3.1/../../../../arm-none-eabi/lib/thumb/v7e-m\libc_nano.a(lib_a-stdio.o)
                0x00002502                __sseek
 .text.__sclose
                0x00002526        0x8 c:/program files (x86)/atmel/studio/7.0/toolchain/arm/arm-gnu-toolchain/bin/../lib/gcc/arm-none-eabi/6.3.1/../../../../arm-none-eabi/lib/thumb/v7e-m\libc_nano.a(lib_a-stdio.o)
                0x00002526                __sclose
 *fill*         0x0000252e        0x2 
 .text.__swbuf_r
                0x00002530       0xa4 c:/program files (x86)/atmel/studio/7.0/toolchain/arm/arm-gnu-toolchain/bin/../lib/gcc/arm-none-eabi/6.3.1/../../../../arm-none-eabi/lib/thumb/v7e-m\libc_nano.a(lib_a-wbuf.o)
                0x00002530                __swbuf_r
 .text._write_r
                0x000025d4       0x24 c:/program files (x86)/atmel/studio/7.0/toolchain/arm/arm-gnu-toolchain/bin/../lib/gcc/arm-none-eabi/6.3.1/../../../../arm-none-eabi/lib/thumb/v7e-m\libc_nano.a(lib_a-writer.o)
                0x000025d4                _write_r
 .text.__swsetup_r
                0x000025f8       0xdc c:/program files (x86)/atmel/studio/7.0/toolchain/arm/arm-gnu-toolchain/bin/../lib/gcc/arm-none-eabi/6.3.1/../../../../arm-none-eabi/lib/thumb/v7e-m\libc_nano.a(lib_a-wsetup.o)
                0x000025f8                __swsetup_r
 .text._close_r
                0x000026d4       0x20 c:/program files (x86)/atmel/studio/7.0/toolchain/arm/arm-gnu-toolchain/bin/../lib/gcc/arm-none-eabi/6.3.1/../../../../arm-none-eabi/lib/thumb/v7e-m\libc_nano.a(lib_a-closer.o)
                0x000026d4                _close_r
 .text._lseek_r
                0x000026f4       0x24 c:/program files (x86)/atmel/studio/7.0/toolchain/arm/arm-gnu-toolchain/bin/../lib/gcc/arm-none-eabi/6.3.1/../../../../arm-none-eabi/lib/thumb/v7e-m\libc_nano.a(lib_a-lseekr.o)
                0x000026f4                _lseek_r
 .text.__swhatbuf_r
                0x00002718       0x48 c:/program files (x86)/atmel/studio/7.0/toolchain/arm/arm-gnu-toolchain/bin/../lib/gcc/arm-none-eabi/6.3.1/../../../../arm-none-eabi/lib/thumb/v7e-m\libc_nano.a(lib_a-makebuf.o)
                0x00002718                __swhatbuf_r
 .text.__smakebuf_r
                0x00002760       0x80 c:/program files (x86)/atmel/studio/7.0/toolchain/arm/arm-gnu-toolchain/bin/../lib/gcc/arm-none-eabi/6.3.1/../../../../arm-none-eabi/lib/thumb/v7e-m\libc_nano.a(lib_a-makebuf.o)
                0x00002760                __smakebuf_r
 .text.malloc   0x000027e0       0x10 c:/program files (x86)/atmel/studio/7.0/toolchain/arm/arm-gnu-toolchain/bin/../lib/gcc/arm-none-eabi/6.3.1/../../../../arm-none-eabi/lib/thumb/v7e-m\libc_nano.a(lib_a-malloc.o)
                0x000027e0                malloc
 .text.__malloc_lock
                0x000027f0        0x2 c:/program files (x86)/atmel/studio/7.0/toolchain/arm/arm-gnu-toolchain/bin/../lib/gcc/arm-none-eabi/6.3.1/../../../../arm-none-eabi/lib/thumb/v7e-m\libc_nano.a(lib_a-mlock.o)
                0x000027f0                __malloc_lock
 .text.__malloc_unlock
                0x000027f2        0x2 c:/program files (x86)/atmel/studio/7.0/toolchain/arm/arm-gnu-toolchain/bin/../lib/gcc/arm-none-eabi/6.3.1/../../../../arm-none-eabi/lib/thumb/v7e-m\libc_nano.a(lib_a-mlock.o)
                0x000027f2                __malloc_unlock
 .text.__sfputc_r
                0x000027f4       0x2c c:/program files (x86)/atmel/studio/7.0/toolchain/arm/arm-gnu-toolchain/bin/../lib/gcc/arm-none-eabi/6.3.1/../../../../arm-none-eabi/lib/thumb/v7e-m\libc_nano.a(lib_a-nano-vfprintf.o)
 .text.__sfputs_r
                0x00002820       0x24 c:/program files (x86)/atmel/studio/7.0/toolchain/arm/arm-gnu-toolchain/bin/../lib/gcc/arm-none-eabi/6.3.1/../../../../arm-none-eabi/lib/thumb/v7e-m\libc_nano.a(lib_a-nano-vfprintf.o)
                0x00002820                __sfputs_r
 .text._vfprintf_r
                0x00002844      0x22c c:/program files (x86)/atmel/studio/7.0/toolchain/arm/arm-gnu-toolchain/bin/../lib/gcc/arm-none-eabi/6.3.1/../../../../arm-none-eabi/lib/thumb/v7e-m\libc_nano.a(lib_a-nano-vfprintf.o)
                0x00002844                _vfprintf_r
                0x00002844                _vfiprintf_r
 .text._printf_common
                0x00002a70       0xec c:/program files (x86)/atmel/studio/7.0/toolchain/arm/arm-gnu-toolchain/bin/../lib/gcc/arm-none-eabi/6.3.1/../../../../arm-none-eabi/lib/thumb/v7e-m\libc_nano.a(lib_a-nano-vfprintf_i.o)
                0x00002a70                _printf_common
 .text._printf_i
                0x00002b5c      0x240 c:/program files (x86)/atmel/studio/7.0/toolchain/arm/arm-gnu-toolchain/bin/../lib/gcc/arm-none-eabi/6.3.1/../../../../arm-none-eabi/lib/thumb/v7e-m\libc_nano.a(lib_a-nano-vfprintf_i.o)
                0x00002b5c                _printf_i
 .text.__svfscanf_r
                0x00002d9c      0x2a8 c:/program files (x86)/atmel/studio/7.0/toolchain/arm/arm-gnu-toolchain/bin/../lib/gcc/arm-none-eabi/6.3.1/../../../../arm-none-eabi/lib/thumb/v7e-m\libc_nano.a(lib_a-nano-vfscanf.o)
                0x00002d9c                __svfscanf_r
                0x00002d9c                __svfiscanf_r
 .text._vfscanf_r
                0x00003044       0x50 c:/program files (x86)/atmel/studio/7.0/toolchain/arm/arm-gnu-toolchain/bin/../lib/gcc/arm-none-eabi/6.3.1/../../../../arm-none-eabi/lib/thumb/v7e-m\libc_nano.a(lib_a-nano-vfscanf.o)
                0x00003044                _vfscanf_r
                0x00003044                _vfiscanf_r
 .text._scanf_chars
                0x00003094       0xc8 c:/program files (x86)/atmel/studio/7.0/toolchain/arm/arm-gnu-toolchain/bin/../lib/gcc/arm-none-eabi/6.3.1/../../../../arm-none-eabi/lib/thumb/v7e-m\libc_nano.a(lib_a-nano-vfscanf_i.o)
                0x00003094                _scanf_chars
 .text._scanf_i
                0x0000315c      0x1e8 c:/program files (x86)/atmel/studio/7.0/toolchain/arm/arm-gnu-toolchain/bin/../lib/gcc/arm-none-eabi/6.3.1/../../../../arm-none-eabi/lib/thumb/v7e-m\libc_nano.a(lib_a-nano-vfscanf_i.o)
                0x0000315c                _scanf_i
 .text._read_r  0x00003344       0x24 c:/program files (x86)/atmel/studio/7.0/toolchain/arm/arm-gnu-toolchain/bin/../lib/gcc/arm-none-eabi/6.3.1/../../../../arm-none-eabi/lib/thumb/v7e-m\libc_nano.a(lib_a-readr.o)
                0x00003344                _read_r
 .text.lflush   0x00003368       0x12 c:/program files (x86)/atmel/studio/7.0/toolchain/arm/arm-gnu-toolchain/bin/../lib/gcc/arm-none-eabi/6.3.1/../../../../arm-none-eabi/lib/thumb/v7e-m\libc_nano.a(lib_a-refill.o)
 *fill*         0x0000337a        0x2 
 .text.__srefill_r
                0x0000337c      0x114 c:/program files (x86)/atmel/studio/7.0/toolchain/arm/arm-gnu-toolchain/bin/../lib/gcc/arm-none-eabi/6.3.1/../../../../arm-none-eabi/lib/thumb/v7e-m\libc_nano.a(lib_a-refill.o)
                0x0000337c                __srefill_r
 .text.__sccl   0x00003490       0x60 c:/program files (x86)/atmel/studio/7.0/toolchain/arm/arm-gnu-toolchain/bin/../lib/gcc/arm-none-eabi/6.3.1/../../../../arm-none-eabi/lib/thumb/v7e-m\libc_nano.a(lib_a-sccl.o)
                0x00003490                __sccl
 .text._strtol_l.isra.0
                0x000034f0      0x100 c:/program files (x86)/atmel/studio/7.0/toolchain/arm/arm-gnu-toolchain/bin/../lib/gcc/arm-none-eabi/6.3.1/../../../../arm-none-eabi/lib/thumb/v7e-m\libc_nano.a(lib_a-strtol.o)
 .text._strtol_r
                0x000035f0       0x24 c:/program files (x86)/atmel/studio/7.0/toolchain/arm/arm-gnu-toolchain/bin/../lib/gcc/arm-none-eabi/6.3.1/../../../../arm-none-eabi/lib/thumb/v7e-m\libc_nano.a(lib_a-strtol.o)
                0x000035f0                _strtol_r
 .text._strtoul_l.isra.0
                0x00003614       0xfa c:/program files (x86)/atmel/studio/7.0/toolchain/arm/arm-gnu-toolchain/bin/../lib/gcc/arm-none-eabi/6.3.1/../../../../arm-none-eabi/lib/thumb/v7e-m\libc_nano.a(lib_a-strtoul.o)
 *fill*         0x0000370e        0x2 
 .text._strtoul_r
                0x00003710       0x24 c:/program files (x86)/atmel/studio/7.0/toolchain/arm/arm-gnu-toolchain/bin/../lib/gcc/arm-none-eabi/6.3.1/../../../../arm-none-eabi/lib/thumb/v7e-m\libc_nano.a(lib_a-strtoul.o)
                0x00003710                _strtoul_r
 .text.__submore
                0x00003734       0x76 c:/program files (x86)/atmel/studio/7.0/toolchain/arm/arm-gnu-toolchain/bin/../lib/gcc/arm-none-eabi/6.3.1/../../../../arm-none-eabi/lib/thumb/v7e-m\libc_nano.a(lib_a-ungetc.o)
                0x00003734                __submore
 *fill*         0x000037aa        0x2 
 .text._ungetc_r
                0x000037ac       0xe4 c:/program files (x86)/atmel/studio/7.0/toolchain/arm/arm-gnu-toolchain/bin/../lib/gcc/arm-none-eabi/6.3.1/../../../../arm-none-eabi/lib/thumb/v7e-m\libc_nano.a(lib_a-ungetc.o)
                0x000037ac                _ungetc_r
 .text._fstat_r
                0x00003890       0x24 c:/program files (x86)/atmel/studio/7.0/toolchain/arm/arm-gnu-toolchain/bin/../lib/gcc/arm-none-eabi/6.3.1/../../../../arm-none-eabi/lib/thumb/v7e-m\libc_nano.a(lib_a-fstatr.o)
                0x00003890                _fstat_r
 .text._isatty_r
                0x000038b4       0x20 c:/program files (x86)/atmel/studio/7.0/toolchain/arm/arm-gnu-toolchain/bin/../lib/gcc/arm-none-eabi/6.3.1/../../../../arm-none-eabi/lib/thumb/v7e-m\libc_nano.a(lib_a-isattyr.o)
                0x000038b4                _isatty_r
 .text.__locale_ctype_ptr_l
                0x000038d4        0x6 c:/program files (x86)/atmel/studio/7.0/toolchain/arm/arm-gnu-toolchain/bin/../lib/gcc/arm-none-eabi/6.3.1/../../../../arm-none-eabi/lib/thumb/v7e-m\libc_nano.a(lib_a-locale.o)
                0x000038d4                __locale_ctype_ptr_l
 *fill*         0x000038da        0x2 
 .text.__locale_ctype_ptr
                0x000038dc       0x1c c:/program files (x86)/atmel/studio/7.0/toolchain/arm/arm-gnu-toolchain/bin/../lib/gcc/arm-none-eabi/6.3.1/../../../../arm-none-eabi/lib/thumb/v7e-m\libc_nano.a(lib_a-locale.o)
                0x000038dc                __locale_ctype_ptr
 .text.__ascii_mbtowc
                0x000038f8       0x24 c:/program files (x86)/atmel/studio/7.0/toolchain/arm/arm-gnu-toolchain/bin/../lib/gcc/arm-none-eabi/6.3.1/../../../../arm-none-eabi/lib/thumb/v7e-m\libc_nano.a(lib_a-mbtowc_r.o)
                0x000038f8                __ascii_mbtowc
 *fill*         0x0000391c        0x4 
 .text          0x00003920       0xa0 c:/program files (x86)/atmel/studio/7.0/toolchain/arm/arm-gnu-toolchain/bin/../lib/gcc/arm-none-eabi/6.3.1/../../../../arm-none-eabi/lib/thumb/v7e-m\libc_nano.a(lib_a-memchr.o)
                0x00003920                memchr
 .text.memcpy   0x000039c0       0x16 c:/program files (x86)/atmel/studio/7.0/toolchain/arm/arm-gnu-toolchain/bin/../lib/gcc/arm-none-eabi/6.3.1/../../../../arm-none-eabi/lib/thumb/v7e-m\libc_nano.a(lib_a-memcpy-stub.o)
                0x000039c0                memcpy
 .text._realloc_r
                0x000039d6       0x4c c:/program files (x86)/atmel/studio/7.0/toolchain/arm/arm-gnu-toolchain/bin/../lib/gcc/arm-none-eabi/6.3.1/../../../../arm-none-eabi/lib/thumb/v7e-m\libc_nano.a(lib_a-nano-reallocr.o)
                0x000039d6                _realloc_r
 .text.__ascii_wctomb
                0x00003a22       0x1a c:/program files (x86)/atmel/studio/7.0/toolchain/arm/arm-gnu-toolchain/bin/../lib/gcc/arm-none-eabi/6.3.1/../../../../arm-none-eabi/lib/thumb/v7e-m\libc_nano.a(lib_a-wctomb_r.o)
                0x00003a22                __ascii_wctomb
 .text._malloc_usable_size_r
                0x00003a3c       0x12 c:/program files (x86)/atmel/studio/7.0/toolchain/arm/arm-gnu-toolchain/bin/../lib/gcc/arm-none-eabi/6.3.1/../../../../arm-none-eabi/lib/thumb/v7e-m\libc_nano.a(lib_a-nano-msizer.o)
                0x00003a3c                _malloc_usable_size_r
 *(.glue_7t)
 .glue_7t       0x00003a4e        0x0 linker stubs
 *(.glue_7)
 .glue_7        0x00003a4e        0x0 linker stubs
 *(.rodata .rodata* .gnu.linkonce.r.*)
 *fill*         0x00003a4e        0x2 
 .rodata.str1.4
                0x00003a50       0x14 hal/src/hal_io.o
 .rodata.str1.4
                0x00003a64       0x1a hal/src/hal_mci_sync.o
 *fill*         0x00003a7e        0x2 
 .rodata.str1.4
                0x00003a80       0x1c hal/src/hal_usart_sync.o
 .rodata.str1.4
                0x00003a9c       0x17 hpl/sdhc/hpl_sdhc.o
 *fill*         0x00003ab3        0x1 
 .rodata        0x00003ab4       0x68 hpl/sercom/hpl_sercom.o
 .rodata.str1.4
                0x00003b1c       0x1b hpl/sercom/hpl_sercom.o
 *fill*         0x00003b37        0x1 
 .rodata.str1.4
                0x00003b38       0x9b main.o
                                 0x9f (size before relaxing)
 *fill*         0x00003bd3        0x1 
 .rodata.str1.4
                0x00003bd4       0x9e servo.o
                                 0xc2 (size before relaxing)
 *fill*         0x00003c72        0x2 
 .rodata.str1.4
                0x00003c74      0x21c smart_eeprom.o
                                0x272 (size before relaxing)
 .rodata.__sf_fake_stderr
                0x00003e90       0x20 c:/program files (x86)/atmel/studio/7.0/toolchain/arm/arm-gnu-toolchain/bin/../lib/gcc/arm-none-eabi/6.3.1/../../../../arm-none-eabi/lib/thumb/v7e-m\libc_nano.a(lib_a-findfp.o)
                0x00003e90                __sf_fake_stderr
 .rodata.__sf_fake_stdin
                0x00003eb0       0x20 c:/program files (x86)/atmel/studio/7.0/toolchain/arm/arm-gnu-toolchain/bin/../lib/gcc/arm-none-eabi/6.3.1/../../../../arm-none-eabi/lib/thumb/v7e-m\libc_nano.a(lib_a-findfp.o)
                0x00003eb0                __sf_fake_stdin
 .rodata.__sf_fake_stdout
                0x00003ed0       0x20 c:/program files (x86)/atmel/studio/7.0/toolchain/arm/arm-gnu-toolchain/bin/../lib/gcc/arm-none-eabi/6.3.1/../../../../arm-none-eabi/lib/thumb/v7e-m\libc_nano.a(lib_a-findfp.o)
                0x00003ed0                __sf_fake_stdout
 .rodata._global_impure_ptr
                0x00003ef0        0x4 c:/program files (x86)/atmel/studio/7.0/toolchain/arm/arm-gnu-toolchain/bin/../lib/gcc/arm-none-eabi/6.3.1/../../../../arm-none-eabi/lib/thumb/v7e-m\libc_nano.a(lib_a-impure.o)
                0x00003ef0                _global_impure_ptr
 .rodata._vfprintf_r.str1.1
                0x00003ef4       0x11 c:/program files (x86)/atmel/studio/7.0/toolchain/arm/arm-gnu-toolchain/bin/../lib/gcc/arm-none-eabi/6.3.1/../../../../arm-none-eabi/lib/thumb/v7e-m\libc_nano.a(lib_a-nano-vfprintf.o)
 .rodata._printf_i.str1.1
                0x00003f05       0x22 c:/program files (x86)/atmel/studio/7.0/toolchain/arm/arm-gnu-toolchain/bin/../lib/gcc/arm-none-eabi/6.3.1/../../../../arm-none-eabi/lib/thumb/v7e-m\libc_nano.a(lib_a-nano-vfprintf_i.o)
 .rodata.__svfscanf_r.str1.1
                0x00003f27        0x4 c:/program files (x86)/atmel/studio/7.0/toolchain/arm/arm-gnu-toolchain/bin/../lib/gcc/arm-none-eabi/6.3.1/../../../../arm-none-eabi/lib/thumb/v7e-m\libc_nano.a(lib_a-nano-vfscanf.o)
 *fill*         0x00003f27        0x1 
 .rodata        0x00003f28        0xc c:/program files (x86)/atmel/studio/7.0/toolchain/arm/arm-gnu-toolchain/bin/../lib/gcc/arm-none-eabi/6.3.1/../../../../arm-none-eabi/lib/thumb/v7e-m\libc_nano.a(lib_a-nano-vfscanf_i.o)
 .rodata._scanf_i.str1.1
                0x00003f34       0x12 c:/program files (x86)/atmel/studio/7.0/toolchain/arm/arm-gnu-toolchain/bin/../lib/gcc/arm-none-eabi/6.3.1/../../../../arm-none-eabi/lib/thumb/v7e-m\libc_nano.a(lib_a-nano-vfscanf_i.o)
 .rodata.str1.1
                0x00003f46        0x9 c:/program files (x86)/atmel/studio/7.0/toolchain/arm/arm-gnu-toolchain/bin/../lib/gcc/arm-none-eabi/6.3.1/../../../../arm-none-eabi/lib/thumb/v7e-m\libc_nano.a(lib_a-nano-vfscanf_i.o)
 .rodata._setlocale_r.str1.1
                0x00003f4f        0x8 c:/program files (x86)/atmel/studio/7.0/toolchain/arm/arm-gnu-toolchain/bin/../lib/gcc/arm-none-eabi/6.3.1/../../../../arm-none-eabi/lib/thumb/v7e-m\libc_nano.a(lib_a-locale.o)
                                  0x9 (size before relaxing)
 .rodata.str1.1
                0x00003f57        0x2 c:/program files (x86)/atmel/studio/7.0/toolchain/arm/arm-gnu-toolchain/bin/../lib/gcc/arm-none-eabi/6.3.1/../../../../arm-none-eabi/lib/thumb/v7e-m\libc_nano.a(lib_a-locale.o)
 .rodata._ctype_
                0x00003f59      0x101 c:/program files (x86)/atmel/studio/7.0/toolchain/arm/arm-gnu-toolchain/bin/../lib/gcc/arm-none-eabi/6.3.1/../../../../arm-none-eabi/lib/thumb/v7e-m\libc_nano.a(lib_a-ctype_.o)
                0x00003f59                _ctype_
 *(.ARM.extab* .gnu.linkonce.armextab.*)
                0x0000405c                . = ALIGN (0x4)
 *fill*         0x0000405a        0x2 
 *(.init)
 .init          0x0000405c        0x4 c:/program files (x86)/atmel/studio/7.0/toolchain/arm/arm-gnu-toolchain/bin/../lib/gcc/arm-none-eabi/6.3.1/thumb/v7e-m/crti.o
                0x0000405c                _init
 .init          0x00004060        0x8 c:/program files (x86)/atmel/studio/7.0/toolchain/arm/arm-gnu-toolchain/bin/../lib/gcc/arm-none-eabi/6.3.1/thumb/v7e-m/crtn.o
                0x00004068                . = ALIGN (0x4)
                0x00004068                __preinit_array_start = .
 *(.preinit_array)
                0x00004068                __preinit_array_end = .
                0x00004068                . = ALIGN (0x4)
                0x00004068                __init_array_start = .
 *(SORT(.init_array.*))
 *(.init_array)
 .init_array    0x00004068        0x4 c:/program files (x86)/atmel/studio/7.0/toolchain/arm/arm-gnu-toolchain/bin/../lib/gcc/arm-none-eabi/6.3.1/thumb/v7e-m/crtbegin.o
                0x0000406c                __init_array_end = .
                0x0000406c                . = ALIGN (0x4)
 *crtbegin.o(.ctors)
 *(EXCLUDE_FILE(*crtend.o) .ctors)
 *(SORT(.ctors.*))
 *crtend.o(.ctors)
                0x0000406c                . = ALIGN (0x4)
 *(.fini)
 .fini          0x0000406c        0x4 c:/program files (x86)/atmel/studio/7.0/toolchain/arm/arm-gnu-toolchain/bin/../lib/gcc/arm-none-eabi/6.3.1/thumb/v7e-m/crti.o
                0x0000406c                _fini
 .fini          0x00004070        0x8 c:/program files (x86)/atmel/studio/7.0/toolchain/arm/arm-gnu-toolchain/bin/../lib/gcc/arm-none-eabi/6.3.1/thumb/v7e-m/crtn.o
                0x00004078                . = ALIGN (0x4)
                0x00004078                __fini_array_start = .
 *(.fini_array)
 .fini_array    0x00004078        0x4 c:/program files (x86)/atmel/studio/7.0/toolchain/arm/arm-gnu-toolchain/bin/../lib/gcc/arm-none-eabi/6.3.1/thumb/v7e-m/crtbegin.o
 *(SORT(.fini_array.*))
                0x0000407c                __fini_array_end = .
 *crtbegin.o(.dtors)
 *(EXCLUDE_FILE(*crtend.o) .dtors)
 *(SORT(.dtors.*))
 *crtend.o(.dtors)
                0x0000407c                . = ALIGN (0x4)
                0x0000407c                _efixed = .
                [!provide]                PROVIDE (__exidx_start, .)

.vfp11_veneer   0x0000407c        0x0
 .vfp11_veneer  0x0000407c        0x0 linker stubs

.v4_bx          0x0000407c        0x0
 .v4_bx         0x0000407c        0x0 linker stubs

.iplt           0x0000407c        0x0
 .iplt          0x0000407c        0x0 c:/program files (x86)/atmel/studio/7.0/toolchain/arm/arm-gnu-toolchain/bin/../lib/gcc/arm-none-eabi/6.3.1/thumb/v7e-m/crtbegin.o

.eh_frame       0x0000407c        0x0
 .eh_frame      0x0000407c        0x0 c:/program files (x86)/atmel/studio/7.0/toolchain/arm/arm-gnu-toolchain/bin/../lib/gcc/arm-none-eabi/6.3.1/thumb/v7e-m/crtbegin.o

.rel.dyn        0x0000407c        0x0
 .rel.iplt      0x0000407c        0x0 c:/program files (x86)/atmel/studio/7.0/toolchain/arm/arm-gnu-toolchain/bin/../lib/gcc/arm-none-eabi/6.3.1/thumb/v7e-m/crtbegin.o

.jcr            0x0000407c        0x0
 .jcr           0x0000407c        0x0 c:/program files (x86)/atmel/studio/7.0/toolchain/arm/arm-gnu-toolchain/bin/../lib/gcc/arm-none-eabi/6.3.1/thumb/v7e-m/crtbegin.o

.igot.plt       0x0000407c        0x0
 .igot.plt      0x0000407c        0x0 c:/program files (x86)/atmel/studio/7.0/toolchain/arm/arm-gnu-toolchain/bin/../lib/gcc/arm-none-eabi/6.3.1/thumb/v7e-m/crtbegin.o

.ARM.exidx
 *(.ARM.exidx* .gnu.linkonce.armexidx.*)
                [!provide]                PROVIDE (__exidx_end, .)
                0x0000407c                . = ALIGN (0x4)
                0x0000407c                _etext = .

.relocate       0x20000000      0x304 load address 0x0000407c
                0x20000000                . = ALIGN (0x4)
                0x20000000                _srelocate = .
 *(.ramfunc .ramfunc.*)
 *(.data .data.*)
 .data          0x20000000       0x58 main.o
                0x20000000                menu_txt
 .data          0x20000058        0x8 sd_mmc_start.o
 .data          0x20000060       0x50 servo.o
                0x20000060                servo_menu_txt
 .data          0x200000b0       0x82 smart_eeprom.o
                0x200000b0                SmartEEPROM8
                0x200000b4                SmartEEPROM32
                0x200000b8                eeprom_menu_txt
 *fill*         0x20000132        0x2 
 .data._impure_ptr
                0x20000134        0x4 c:/program files (x86)/atmel/studio/7.0/toolchain/arm/arm-gnu-toolchain/bin/../lib/gcc/arm-none-eabi/6.3.1/../../../../arm-none-eabi/lib/thumb/v7e-m\libc_nano.a(lib_a-impure.o)
                0x20000134                _impure_ptr
 .data.impure_data
                0x20000138       0x60 c:/program files (x86)/atmel/studio/7.0/toolchain/arm/arm-gnu-toolchain/bin/../lib/gcc/arm-none-eabi/6.3.1/../../../../arm-none-eabi/lib/thumb/v7e-m\libc_nano.a(lib_a-impure.o)
 .data.__global_locale
                0x20000198      0x16c c:/program files (x86)/atmel/studio/7.0/toolchain/arm/arm-gnu-toolchain/bin/../lib/gcc/arm-none-eabi/6.3.1/../../../../arm-none-eabi/lib/thumb/v7e-m\libc_nano.a(lib_a-locale.o)
                0x20000198                __global_locale
                0x20000304                . = ALIGN (0x4)
                0x20000304                _erelocate = .

.bkupram        0x47000000        0x0
                0x47000000                . = ALIGN (0x8)
                0x47000000                _sbkupram = .
 *(.bkupram .bkupram.*)
                0x47000000                . = ALIGN (0x8)
                0x47000000                _ebkupram = .

.qspi           0x04000000        0x0
                0x04000000                . = ALIGN (0x8)
                0x04000000                _sqspi = .
 *(.qspi .qspi.*)
                0x04000000                . = ALIGN (0x8)
                0x04000000                _eqspi = .

.bss            0x20000308      0x11c load address 0x00004388
                0x20000308                . = ALIGN (0x4)
                0x20000308                _sbss = .
                0x20000308                _szero = .
 *(.bss .bss.*)
 .bss           0x20000308       0x1c c:/program files (x86)/atmel/studio/7.0/toolchain/arm/arm-gnu-toolchain/bin/../lib/gcc/arm-none-eabi/6.3.1/thumb/v7e-m/crtbegin.o
 .bss           0x20000324        0x4 hal/utils/src/utils_syscalls.o
 .bss           0x20000328       0x3a sd_mmc/sd_mmc.o
 *fill*         0x20000362        0x2 
 .bss           0x20000364       0x64 smart_eeprom.o
                0x20000364                ee_data_buffer
 .bss           0x200003c8        0x4 stdio_redirect/stdio_io.o
 .bss.__malloc_free_list
                0x200003cc        0x4 c:/program files (x86)/atmel/studio/7.0/toolchain/arm/arm-gnu-toolchain/bin/../lib/gcc/arm-none-eabi/6.3.1/../../../../arm-none-eabi/lib/thumb/v7e-m\libc_nano.a(lib_a-nano-mallocr.o)
                0x200003cc                __malloc_free_list
 .bss.__malloc_sbrk_start
                0x200003d0        0x4 c:/program files (x86)/atmel/studio/7.0/toolchain/arm/arm-gnu-toolchain/bin/../lib/gcc/arm-none-eabi/6.3.1/../../../../arm-none-eabi/lib/thumb/v7e-m\libc_nano.a(lib_a-nano-mallocr.o)
                0x200003d0                __malloc_sbrk_start
 *(COMMON)
 *fill*         0x200003d4        0x4 
 COMMON         0x200003d8       0x34 driver_init.o
                0x200003d8                STDIO_IO
                0x200003e8                SDHC_IO_BUS
                0x20000400                LIDAR_USART
 COMMON         0x2000040c       0x10 hpl/ramecc/hpl_ramecc.o
                0x2000040c                device
 COMMON         0x2000041c        0x1 smart_eeprom.o
                0x2000041c                data_8
 *fill*         0x2000041d        0x3 
 COMMON         0x20000420        0x4 c:/program files (x86)/atmel/studio/7.0/toolchain/arm/arm-gnu-toolchain/bin/../lib/gcc/arm-none-eabi/6.3.1/../../../../arm-none-eabi/lib/thumb/v7e-m\libc_nano.a(lib_a-reent.o)
                0x20000420                errno
                0x20000424                . = ALIGN (0x4)
                0x20000424                _ebss = .
                0x20000424                _ezero = .

.stack          0x20000424    0x10004 load address 0x000044a4
                0x20000428                . = ALIGN (0x8)
 *fill*         0x20000424        0x4 
                0x20000428                _sstack = .
                0x20010428                . = (. + STACK_SIZE)
 *fill*         0x20000428    0x10000 
                0x20010428                . = ALIGN (0x8)
                0x20010428                _estack = .
                0x20010428                . = ALIGN (0x4)
                0x20010428                _end = .
OUTPUT(lams-xplained-pro.elf elf32-littlearm)

.ARM.attributes
                0x00000000       0x2e
 .ARM.attributes
                0x00000000       0x1e c:/program files (x86)/atmel/studio/7.0/toolchain/arm/arm-gnu-toolchain/bin/../lib/gcc/arm-none-eabi/6.3.1/thumb/v7e-m/crti.o
 .ARM.attributes
                0x0000001e       0x2e c:/program files (x86)/atmel/studio/7.0/toolchain/arm/arm-gnu-toolchain/bin/../lib/gcc/arm-none-eabi/6.3.1/thumb/v7e-m/crtbegin.o
 .ARM.attributes
                0x0000004c       0x37 atmel_start.o
 .ARM.attributes
                0x00000083       0x37 Device_Startup/startup_same54.o
 .ARM.attributes
                0x000000ba       0x37 driver_init.o
 .ARM.attributes
                0x000000f1       0x37 hal/src/hal_io.o
 .ARM.attributes
                0x00000128       0x37 hal/src/hal_mci_sync.o
 .ARM.attributes
                0x0000015f       0x37 hal/src/hal_usart_sync.o
 .ARM.attributes
                0x00000196       0x37 hal/utils/src/utils_assert.o
 .ARM.attributes
                0x000001cd       0x37 hal/utils/src/utils_syscalls.o
 .ARM.attributes
                0x00000204       0x37 hpl/core/hpl_init.o
 .ARM.attributes
                0x0000023b       0x37 hpl/gclk/hpl_gclk.o
 .ARM.attributes
                0x00000272       0x37 hpl/mclk/hpl_mclk.o
 .ARM.attributes
                0x000002a9       0x37 hpl/osc32kctrl/hpl_osc32kctrl.o
 .ARM.attributes
                0x000002e0       0x37 hpl/oscctrl/hpl_oscctrl.o
 .ARM.attributes
                0x00000317       0x37 hpl/ramecc/hpl_ramecc.o
 .ARM.attributes
                0x0000034e       0x37 hpl/sdhc/hpl_sdhc.o
 .ARM.attributes
                0x00000385       0x37 hpl/sercom/hpl_sercom.o
 .ARM.attributes
                0x000003bc       0x37 hpl/tc/tc_lite.o
 .ARM.attributes
                0x000003f3       0x37 main.o
 .ARM.attributes
                0x0000042a       0x37 sd_mmc/sd_mmc.o
 .ARM.attributes
                0x00000461       0x37 sd_mmc_start.o
 .ARM.attributes
                0x00000498       0x37 servo.o
 .ARM.attributes
                0x000004cf       0x37 smart_eeprom.o
 .ARM.attributes
                0x00000506       0x37 stdio_redirect/gcc/read.o
 .ARM.attributes
                0x0000053d       0x37 stdio_redirect/gcc/write.o
 .ARM.attributes
                0x00000574       0x37 stdio_redirect/stdio_io.o
 .ARM.attributes
                0x000005ab       0x37 stdio_start.o
 .ARM.attributes
                0x000005e2       0x1e c:/program files (x86)/atmel/studio/7.0/toolchain/arm/arm-gnu-toolchain/bin/../lib/gcc/arm-none-eabi/6.3.1/thumb/v7e-m\libgcc.a(_arm_addsubdf3.o)
 .ARM.attributes
                0x00000600       0x1e c:/program files (x86)/atmel/studio/7.0/toolchain/arm/arm-gnu-toolchain/bin/../lib/gcc/arm-none-eabi/6.3.1/thumb/v7e-m\libgcc.a(_arm_muldivdf3.o)
 .ARM.attributes
                0x0000061e       0x1e c:/program files (x86)/atmel/studio/7.0/toolchain/arm/arm-gnu-toolchain/bin/../lib/gcc/arm-none-eabi/6.3.1/thumb/v7e-m\libgcc.a(_arm_fixunsdfsi.o)
 .ARM.attributes
                0x0000063c       0x2e c:/program files (x86)/atmel/studio/7.0/toolchain/arm/arm-gnu-toolchain/bin/../lib/gcc/arm-none-eabi/6.3.1/../../../../arm-none-eabi/lib/thumb/v7e-m\libc_nano.a(lib_a-fflush.o)
 .ARM.attributes
                0x0000066a       0x2e c:/program files (x86)/atmel/studio/7.0/toolchain/arm/arm-gnu-toolchain/bin/../lib/gcc/arm-none-eabi/6.3.1/../../../../arm-none-eabi/lib/thumb/v7e-m\libc_nano.a(lib_a-findfp.o)
 .ARM.attributes
                0x00000698       0x2e c:/program files (x86)/atmel/studio/7.0/toolchain/arm/arm-gnu-toolchain/bin/../lib/gcc/arm-none-eabi/6.3.1/../../../../arm-none-eabi/lib/thumb/v7e-m\libc_nano.a(lib_a-fwalk.o)
 .ARM.attributes
                0x000006c6       0x2e c:/program files (x86)/atmel/studio/7.0/toolchain/arm/arm-gnu-toolchain/bin/../lib/gcc/arm-none-eabi/6.3.1/../../../../arm-none-eabi/lib/thumb/v7e-m\libc_nano.a(lib_a-impure.o)
 .ARM.attributes
                0x000006f4       0x2e c:/program files (x86)/atmel/studio/7.0/toolchain/arm/arm-gnu-toolchain/bin/../lib/gcc/arm-none-eabi/6.3.1/../../../../arm-none-eabi/lib/thumb/v7e-m\libc_nano.a(lib_a-init.o)
 .ARM.attributes
                0x00000722       0x2e c:/program files (x86)/atmel/studio/7.0/toolchain/arm/arm-gnu-toolchain/bin/../lib/gcc/arm-none-eabi/6.3.1/../../../../arm-none-eabi/lib/thumb/v7e-m\libc_nano.a(lib_a-memset.o)
 .ARM.attributes
                0x00000750       0x2e c:/program files (x86)/atmel/studio/7.0/toolchain/arm/arm-gnu-toolchain/bin/../lib/gcc/arm-none-eabi/6.3.1/../../../../arm-none-eabi/lib/thumb/v7e-m\libc_nano.a(lib_a-nano-freer.o)
 .ARM.attributes
                0x0000077e       0x2e c:/program files (x86)/atmel/studio/7.0/toolchain/arm/arm-gnu-toolchain/bin/../lib/gcc/arm-none-eabi/6.3.1/../../../../arm-none-eabi/lib/thumb/v7e-m\libc_nano.a(lib_a-nano-mallocr.o)
 .ARM.attributes
                0x000007ac       0x2e c:/program files (x86)/atmel/studio/7.0/toolchain/arm/arm-gnu-toolchain/bin/../lib/gcc/arm-none-eabi/6.3.1/../../../../arm-none-eabi/lib/thumb/v7e-m\libc_nano.a(lib_a-printf.o)
 .ARM.attributes
                0x000007da       0x2e c:/program files (x86)/atmel/studio/7.0/toolchain/arm/arm-gnu-toolchain/bin/../lib/gcc/arm-none-eabi/6.3.1/../../../../arm-none-eabi/lib/thumb/v7e-m\libc_nano.a(lib_a-puts.o)
 .ARM.attributes
                0x00000808       0x2e c:/program files (x86)/atmel/studio/7.0/toolchain/arm/arm-gnu-toolchain/bin/../lib/gcc/arm-none-eabi/6.3.1/../../../../arm-none-eabi/lib/thumb/v7e-m\libc_nano.a(lib_a-sbrkr.o)
 .ARM.attributes
                0x00000836       0x2e c:/program files (x86)/atmel/studio/7.0/toolchain/arm/arm-gnu-toolchain/bin/../lib/gcc/arm-none-eabi/6.3.1/../../../../arm-none-eabi/lib/thumb/v7e-m\libc_nano.a(lib_a-scanf.o)
 .ARM.attributes
                0x00000864       0x2e c:/program files (x86)/atmel/studio/7.0/toolchain/arm/arm-gnu-toolchain/bin/../lib/gcc/arm-none-eabi/6.3.1/../../../../arm-none-eabi/lib/thumb/v7e-m\libc_nano.a(lib_a-setbuf.o)
 .ARM.attributes
                0x00000892       0x2e c:/program files (x86)/atmel/studio/7.0/toolchain/arm/arm-gnu-toolchain/bin/../lib/gcc/arm-none-eabi/6.3.1/../../../../arm-none-eabi/lib/thumb/v7e-m\libc_nano.a(lib_a-setvbuf.o)
 .ARM.attributes
                0x000008c0       0x2e c:/program files (x86)/atmel/studio/7.0/toolchain/arm/arm-gnu-toolchain/bin/../lib/gcc/arm-none-eabi/6.3.1/../../../../arm-none-eabi/lib/thumb/v7e-m\libc_nano.a(lib_a-stdio.o)
 .ARM.attributes
                0x000008ee       0x2e c:/program files (x86)/atmel/studio/7.0/toolchain/arm/arm-gnu-toolchain/bin/../lib/gcc/arm-none-eabi/6.3.1/../../../../arm-none-eabi/lib/thumb/v7e-m\libc_nano.a(lib_a-wbuf.o)
 .ARM.attributes
                0x0000091c       0x2e c:/program files (x86)/atmel/studio/7.0/toolchain/arm/arm-gnu-toolchain/bin/../lib/gcc/arm-none-eabi/6.3.1/../../../../arm-none-eabi/lib/thumb/v7e-m\libc_nano.a(lib_a-writer.o)
 .ARM.attributes
                0x0000094a       0x2e c:/program files (x86)/atmel/studio/7.0/toolchain/arm/arm-gnu-toolchain/bin/../lib/gcc/arm-none-eabi/6.3.1/../../../../arm-none-eabi/lib/thumb/v7e-m\libc_nano.a(lib_a-wsetup.o)
 .ARM.attributes
                0x00000978       0x2e c:/program files (x86)/atmel/studio/7.0/toolchain/arm/arm-gnu-toolchain/bin/../lib/gcc/arm-none-eabi/6.3.1/../../../../arm-none-eabi/lib/thumb/v7e-m\libc_nano.a(lib_a-closer.o)
 .ARM.attributes
                0x000009a6       0x2e c:/program files (x86)/atmel/studio/7.0/toolchain/arm/arm-gnu-toolchain/bin/../lib/gcc/arm-none-eabi/6.3.1/../../../../arm-none-eabi/lib/thumb/v7e-m\libc_nano.a(lib_a-lseekr.o)
 .ARM.attributes
                0x000009d4       0x2e c:/program files (x86)/atmel/studio/7.0/toolchain/arm/arm-gnu-toolchain/bin/../lib/gcc/arm-none-eabi/6.3.1/../../../../arm-none-eabi/lib/thumb/v7e-m\libc_nano.a(lib_a-makebuf.o)
 .ARM.attributes
                0x00000a02       0x2e c:/program files (x86)/atmel/studio/7.0/toolchain/arm/arm-gnu-toolchain/bin/../lib/gcc/arm-none-eabi/6.3.1/../../../../arm-none-eabi/lib/thumb/v7e-m\libc_nano.a(lib_a-malloc.o)
 .ARM.attributes
                0x00000a30       0x2e c:/program files (x86)/atmel/studio/7.0/toolchain/arm/arm-gnu-toolchain/bin/../lib/gcc/arm-none-eabi/6.3.1/../../../../arm-none-eabi/lib/thumb/v7e-m\libc_nano.a(lib_a-mlock.o)
 .ARM.attributes
                0x00000a5e       0x2e c:/program files (x86)/atmel/studio/7.0/toolchain/arm/arm-gnu-toolchain/bin/../lib/gcc/arm-none-eabi/6.3.1/../../../../arm-none-eabi/lib/thumb/v7e-m\libc_nano.a(lib_a-nano-vfprintf.o)
 .ARM.attributes
                0x00000a8c       0x2e c:/program files (x86)/atmel/studio/7.0/toolchain/arm/arm-gnu-toolchain/bin/../lib/gcc/arm-none-eabi/6.3.1/../../../../arm-none-eabi/lib/thumb/v7e-m\libc_nano.a(lib_a-nano-vfprintf_i.o)
 .ARM.attributes
                0x00000aba       0x2e c:/program files (x86)/atmel/studio/7.0/toolchain/arm/arm-gnu-toolchain/bin/../lib/gcc/arm-none-eabi/6.3.1/../../../../arm-none-eabi/lib/thumb/v7e-m\libc_nano.a(lib_a-nano-vfscanf.o)
 .ARM.attributes
                0x00000ae8       0x2e c:/program files (x86)/atmel/studio/7.0/toolchain/arm/arm-gnu-toolchain/bin/../lib/gcc/arm-none-eabi/6.3.1/../../../../arm-none-eabi/lib/thumb/v7e-m\libc_nano.a(lib_a-nano-vfscanf_i.o)
 .ARM.attributes
                0x00000b16       0x2e c:/program files (x86)/atmel/studio/7.0/toolchain/arm/arm-gnu-toolchain/bin/../lib/gcc/arm-none-eabi/6.3.1/../../../../arm-none-eabi/lib/thumb/v7e-m\libc_nano.a(lib_a-readr.o)
 .ARM.attributes
                0x00000b44       0x2e c:/program files (x86)/atmel/studio/7.0/toolchain/arm/arm-gnu-toolchain/bin/../lib/gcc/arm-none-eabi/6.3.1/../../../../arm-none-eabi/lib/thumb/v7e-m\libc_nano.a(lib_a-reent.o)
 .ARM.attributes
                0x00000b72       0x2e c:/program files (x86)/atmel/studio/7.0/toolchain/arm/arm-gnu-toolchain/bin/../lib/gcc/arm-none-eabi/6.3.1/../../../../arm-none-eabi/lib/thumb/v7e-m\libc_nano.a(lib_a-refill.o)
 .ARM.attributes
                0x00000ba0       0x2e c:/program files (x86)/atmel/studio/7.0/toolchain/arm/arm-gnu-toolchain/bin/../lib/gcc/arm-none-eabi/6.3.1/../../../../arm-none-eabi/lib/thumb/v7e-m\libc_nano.a(lib_a-sccl.o)
 .ARM.attributes
                0x00000bce       0x2e c:/program files (x86)/atmel/studio/7.0/toolchain/arm/arm-gnu-toolchain/bin/../lib/gcc/arm-none-eabi/6.3.1/../../../../arm-none-eabi/lib/thumb/v7e-m\libc_nano.a(lib_a-strtol.o)
 .ARM.attributes
                0x00000bfc       0x2e c:/program files (x86)/atmel/studio/7.0/toolchain/arm/arm-gnu-toolchain/bin/../lib/gcc/arm-none-eabi/6.3.1/../../../../arm-none-eabi/lib/thumb/v7e-m\libc_nano.a(lib_a-strtoul.o)
 .ARM.attributes
                0x00000c2a       0x2e c:/program files (x86)/atmel/studio/7.0/toolchain/arm/arm-gnu-toolchain/bin/../lib/gcc/arm-none-eabi/6.3.1/../../../../arm-none-eabi/lib/thumb/v7e-m\libc_nano.a(lib_a-ungetc.o)
 .ARM.attributes
                0x00000c58       0x2e c:/program files (x86)/atmel/studio/7.0/toolchain/arm/arm-gnu-toolchain/bin/../lib/gcc/arm-none-eabi/6.3.1/../../../../arm-none-eabi/lib/thumb/v7e-m\libc_nano.a(lib_a-fstatr.o)
 .ARM.attributes
                0x00000c86       0x2e c:/program files (x86)/atmel/studio/7.0/toolchain/arm/arm-gnu-toolchain/bin/../lib/gcc/arm-none-eabi/6.3.1/../../../../arm-none-eabi/lib/thumb/v7e-m\libc_nano.a(lib_a-isattyr.o)
 .ARM.attributes
                0x00000cb4       0x2e c:/program files (x86)/atmel/studio/7.0/toolchain/arm/arm-gnu-toolchain/bin/../lib/gcc/arm-none-eabi/6.3.1/../../../../arm-none-eabi/lib/thumb/v7e-m\libc_nano.a(lib_a-locale.o)
 .ARM.attributes
                0x00000ce2       0x2e c:/program files (x86)/atmel/studio/7.0/toolchain/arm/arm-gnu-toolchain/bin/../lib/gcc/arm-none-eabi/6.3.1/../../../../arm-none-eabi/lib/thumb/v7e-m\libc_nano.a(lib_a-mbtowc_r.o)
 .ARM.attributes
                0x00000d10       0x1c c:/program files (x86)/atmel/studio/7.0/toolchain/arm/arm-gnu-toolchain/bin/../lib/gcc/arm-none-eabi/6.3.1/../../../../arm-none-eabi/lib/thumb/v7e-m\libc_nano.a(lib_a-memchr.o)
 .ARM.attributes
                0x00000d2c       0x2e c:/program files (x86)/atmel/studio/7.0/toolchain/arm/arm-gnu-toolchain/bin/../lib/gcc/arm-none-eabi/6.3.1/../../../../arm-none-eabi/lib/thumb/v7e-m\libc_nano.a(lib_a-memcpy-stub.o)
 .ARM.attributes
                0x00000d5a       0x2e c:/program files (x86)/atmel/studio/7.0/toolchain/arm/arm-gnu-toolchain/bin/../lib/gcc/arm-none-eabi/6.3.1/../../../../arm-none-eabi/lib/thumb/v7e-m\libc_nano.a(lib_a-nano-reallocr.o)
 .ARM.attributes
                0x00000d88       0x2e c:/program files (x86)/atmel/studio/7.0/toolchain/arm/arm-gnu-toolchain/bin/../lib/gcc/arm-none-eabi/6.3.1/../../../../arm-none-eabi/lib/thumb/v7e-m\libc_nano.a(lib_a-wctomb_r.o)
 .ARM.attributes
                0x00000db6       0x2e c:/program files (x86)/atmel/studio/7.0/toolchain/arm/arm-gnu-toolchain/bin/../lib/gcc/arm-none-eabi/6.3.1/../../../../arm-none-eabi/lib/thumb/v7e-m\libc_nano.a(lib_a-ctype_.o)
 .ARM.attributes
                0x00000de4       0x2e c:/program files (x86)/atmel/studio/7.0/toolchain/arm/arm-gnu-toolchain/bin/../lib/gcc/arm-none-eabi/6.3.1/../../../../arm-none-eabi/lib/thumb/v7e-m\libc_nano.a(lib_a-nano-msizer.o)
 .ARM.attributes
                0x00000e12       0x1e c:/program files (x86)/atmel/studio/7.0/toolchain/arm/arm-gnu-toolchain/bin/../lib/gcc/arm-none-eabi/6.3.1/thumb/v7e-m/crtn.o

.comment        0x00000000       0x59
 .comment       0x00000000       0x59 atmel_start.o
                                 0x5a (size before relaxing)
 .comment       0x00000059       0x5a Device_Startup/startup_same54.o
 .comment       0x00000059       0x5a driver_init.o
 .comment       0x00000059       0x5a hal/src/hal_io.o
 .comment       0x00000059       0x5a hal/src/hal_mci_sync.o
 .comment       0x00000059       0x5a hal/src/hal_usart_sync.o
 .comment       0x00000059       0x5a hal/utils/src/utils_assert.o
 .comment       0x00000059       0x5a hal/utils/src/utils_syscalls.o
 .comment       0x00000059       0x5a hpl/core/hpl_init.o
 .comment       0x00000059       0x5a hpl/gclk/hpl_gclk.o
 .comment       0x00000059       0x5a hpl/mclk/hpl_mclk.o
 .comment       0x00000059       0x5a hpl/osc32kctrl/hpl_osc32kctrl.o
 .comment       0x00000059       0x5a hpl/oscctrl/hpl_oscctrl.o
 .comment       0x00000059       0x5a hpl/ramecc/hpl_ramecc.o
 .comment       0x00000059       0x5a hpl/sdhc/hpl_sdhc.o
 .comment       0x00000059       0x5a hpl/sercom/hpl_sercom.o
 .comment       0x00000059       0x5a hpl/tc/tc_lite.o
 .comment       0x00000059       0x5a main.o
 .comment       0x00000059       0x5a sd_mmc/sd_mmc.o
 .comment       0x00000059       0x5a sd_mmc_start.o
 .comment       0x00000059       0x5a servo.o
 .comment       0x00000059       0x5a smart_eeprom.o
 .comment       0x00000059       0x5a stdio_redirect/gcc/read.o
 .comment       0x00000059       0x5a stdio_redirect/gcc/write.o
 .comment       0x00000059       0x5a stdio_redirect/stdio_io.o
 .comment       0x00000059       0x5a stdio_start.o

.debug_info     0x00000000    0x2d433
 .debug_info    0x00000000      0xbda atmel_start.o
 .debug_info    0x00000bda      0xd7d Device_Startup/startup_same54.o
 .debug_info    0x00001957     0x7e24 driver_init.o
 .debug_info    0x0000977b      0x2c5 hal/src/hal_io.o
 .debug_info    0x00009a40      0xbb5 hal/src/hal_mci_sync.o
 .debug_info    0x0000a5f5      0xcc9 hal/src/hal_usart_sync.o
 .debug_info    0x0000b2be      0x130 hal/utils/src/utils_assert.o
 .debug_info    0x0000b3ee      0xdca hal/utils/src/utils_syscalls.o
 .debug_info    0x0000c1b8      0xbce hpl/core/hpl_init.o
 .debug_info    0x0000cd86      0x5e7 hpl/gclk/hpl_gclk.o
 .debug_info    0x0000d36d      0xa55 hpl/mclk/hpl_mclk.o
 .debug_info    0x0000ddc2      0x714 hpl/osc32kctrl/hpl_osc32kctrl.o
 .debug_info    0x0000e4d6     0x110d hpl/oscctrl/hpl_oscctrl.o
 .debug_info    0x0000f5e3      0xc15 hpl/ramecc/hpl_ramecc.o
 .debug_info    0x000101f8     0x3c89 hpl/sdhc/hpl_sdhc.o
 .debug_info    0x00013e81     0xbae2 hpl/sercom/hpl_sercom.o
 .debug_info    0x0001f963     0x1857 hpl/tc/tc_lite.o
 .debug_info    0x000211ba      0xf5f main.o
 .debug_info    0x00022119     0x2de5 sd_mmc/sd_mmc.o
 .debug_info    0x00024efe      0xd7a sd_mmc_start.o
 .debug_info    0x00025c78     0x24ba servo.o
 .debug_info    0x00028132     0x263b smart_eeprom.o
 .debug_info    0x0002a76d      0xa5d stdio_redirect/gcc/read.o
 .debug_info    0x0002b1ca      0xa5d stdio_redirect/gcc/write.o
 .debug_info    0x0002bc27      0xbf7 stdio_redirect/stdio_io.o
 .debug_info    0x0002c81e      0xc15 stdio_start.o

.debug_abbrev   0x00000000     0x3fd6
 .debug_abbrev  0x00000000      0x1b4 atmel_start.o
 .debug_abbrev  0x000001b4      0x171 Device_Startup/startup_same54.o
 .debug_abbrev  0x00000325      0x39f driver_init.o
 .debug_abbrev  0x000006c4      0x12d hal/src/hal_io.o
 .debug_abbrev  0x000007f1      0x14b hal/src/hal_mci_sync.o
 .debug_abbrev  0x0000093c      0x22f hal/src/hal_usart_sync.o
 .debug_abbrev  0x00000b6b       0x9e hal/utils/src/utils_assert.o
 .debug_abbrev  0x00000c09      0x269 hal/utils/src/utils_syscalls.o
 .debug_abbrev  0x00000e72      0x1dd hpl/core/hpl_init.o
 .debug_abbrev  0x0000104f      0x1b8 hpl/gclk/hpl_gclk.o
 .debug_abbrev  0x00001207      0x1bd hpl/mclk/hpl_mclk.o
 .debug_abbrev  0x000013c4      0x1fc hpl/osc32kctrl/hpl_osc32kctrl.o
 .debug_abbrev  0x000015c0      0x1de hpl/oscctrl/hpl_oscctrl.o
 .debug_abbrev  0x0000179e      0x2c8 hpl/ramecc/hpl_ramecc.o
 .debug_abbrev  0x00001a66      0x45d hpl/sdhc/hpl_sdhc.o
 .debug_abbrev  0x00001ec3      0x5d4 hpl/sercom/hpl_sercom.o
 .debug_abbrev  0x00002497      0x25f hpl/tc/tc_lite.o
 .debug_abbrev  0x000026f6      0x284 main.o
 .debug_abbrev  0x0000297a      0x4b5 sd_mmc/sd_mmc.o
 .debug_abbrev  0x00002e2f      0x202 sd_mmc_start.o
 .debug_abbrev  0x00003031      0x3d3 servo.o
 .debug_abbrev  0x00003404      0x3e2 smart_eeprom.o
 .debug_abbrev  0x000037e6      0x1ef stdio_redirect/gcc/read.o
 .debug_abbrev  0x000039d5      0x1ef stdio_redirect/gcc/write.o
 .debug_abbrev  0x00003bc4      0x230 stdio_redirect/stdio_io.o
 .debug_abbrev  0x00003df4      0x1e2 stdio_start.o

.debug_loc      0x00000000     0xec28
 .debug_loc     0x00000000       0x20 atmel_start.o
 .debug_loc     0x00000020       0x6b Device_Startup/startup_same54.o
 .debug_loc     0x0000008b     0x1904 driver_init.o
 .debug_loc     0x0000198f      0x152 hal/src/hal_io.o
 .debug_loc     0x00001ae1      0x950 hal/src/hal_mci_sync.o
 .debug_loc     0x00002431      0x912 hal/src/hal_usart_sync.o
 .debug_loc     0x00002d43      0x13b hal/utils/src/utils_syscalls.o
 .debug_loc     0x00002e7e       0x4c hpl/core/hpl_init.o
 .debug_loc     0x00002eca       0x72 hpl/gclk/hpl_gclk.o
 .debug_loc     0x00002f3c       0x2c hpl/mclk/hpl_mclk.o
 .debug_loc     0x00002f68       0x95 hpl/osc32kctrl/hpl_osc32kctrl.o
 .debug_loc     0x00002ffd       0x18 hpl/oscctrl/hpl_oscctrl.o
 .debug_loc     0x00003015      0x130 hpl/ramecc/hpl_ramecc.o
 .debug_loc     0x00003145     0x1707 hpl/sdhc/hpl_sdhc.o
 .debug_loc     0x0000484c     0x7a76 hpl/sercom/hpl_sercom.o
 .debug_loc     0x0000c2c2      0x50d hpl/tc/tc_lite.o
 .debug_loc     0x0000c7cf       0x4c main.o
 .debug_loc     0x0000c81b     0x16d9 sd_mmc/sd_mmc.o
 .debug_loc     0x0000def4       0x64 sd_mmc_start.o
 .debug_loc     0x0000df58      0x581 servo.o
 .debug_loc     0x0000e4d9      0x398 smart_eeprom.o
 .debug_loc     0x0000e871       0xff stdio_redirect/gcc/read.o
 .debug_loc     0x0000e970       0xf3 stdio_redirect/gcc/write.o
 .debug_loc     0x0000ea63      0x185 stdio_redirect/stdio_io.o
 .debug_loc     0x0000ebe8       0x40 stdio_start.o

.debug_aranges  0x00000000      0xba8
 .debug_aranges
                0x00000000       0x20 atmel_start.o
 .debug_aranges
                0x00000020       0x28 Device_Startup/startup_same54.o
 .debug_aranges
                0x00000048       0x88 driver_init.o
 .debug_aranges
                0x000000d0       0x30 hal/src/hal_io.o
 .debug_aranges
                0x00000100       0xb0 hal/src/hal_mci_sync.o
 .debug_aranges
                0x000001b0       0xa8 hal/src/hal_usart_sync.o
 .debug_aranges
                0x00000258       0x20 hal/utils/src/utils_assert.o
 .debug_aranges
                0x00000278       0x60 hal/utils/src/utils_syscalls.o
 .debug_aranges
                0x000002d8       0x20 hpl/core/hpl_init.o
 .debug_aranges
                0x000002f8       0x28 hpl/gclk/hpl_gclk.o
 .debug_aranges
                0x00000320       0x20 hpl/mclk/hpl_mclk.o
 .debug_aranges
                0x00000340       0x20 hpl/osc32kctrl/hpl_osc32kctrl.o
 .debug_aranges
                0x00000360       0x28 hpl/oscctrl/hpl_oscctrl.o
 .debug_aranges
                0x00000388       0x30 hpl/ramecc/hpl_ramecc.o
 .debug_aranges
                0x000003b8       0xb8 hpl/sdhc/hpl_sdhc.o
 .debug_aranges
                0x00000470      0x4d8 hpl/sercom/hpl_sercom.o
 .debug_aranges
                0x00000948       0x28 hpl/tc/tc_lite.o
 .debug_aranges
                0x00000970       0x28 main.o
 .debug_aranges
                0x00000998       0xc8 sd_mmc/sd_mmc.o
 .debug_aranges
                0x00000a60       0x28 sd_mmc_start.o
 .debug_aranges
                0x00000a88       0x30 servo.o
 .debug_aranges
                0x00000ab8       0x50 smart_eeprom.o
 .debug_aranges
                0x00000b08       0x20 stdio_redirect/gcc/read.o
 .debug_aranges
                0x00000b28       0x20 stdio_redirect/gcc/write.o
 .debug_aranges
                0x00000b48       0x38 stdio_redirect/stdio_io.o
 .debug_aranges
                0x00000b80       0x28 stdio_start.o

.debug_ranges   0x00000000      0xfa8
 .debug_ranges  0x00000000       0x10 atmel_start.o
 .debug_ranges  0x00000010       0x18 Device_Startup/startup_same54.o
 .debug_ranges  0x00000028       0x78 driver_init.o
 .debug_ranges  0x000000a0       0x20 hal/src/hal_io.o
 .debug_ranges  0x000000c0       0xa0 hal/src/hal_mci_sync.o
 .debug_ranges  0x00000160       0x98 hal/src/hal_usart_sync.o
 .debug_ranges  0x000001f8       0x10 hal/utils/src/utils_assert.o
 .debug_ranges  0x00000208       0x50 hal/utils/src/utils_syscalls.o
 .debug_ranges  0x00000258       0x10 hpl/core/hpl_init.o
 .debug_ranges  0x00000268       0x18 hpl/gclk/hpl_gclk.o
 .debug_ranges  0x00000280       0x10 hpl/mclk/hpl_mclk.o
 .debug_ranges  0x00000290       0x10 hpl/osc32kctrl/hpl_osc32kctrl.o
 .debug_ranges  0x000002a0       0x18 hpl/oscctrl/hpl_oscctrl.o
 .debug_ranges  0x000002b8       0x38 hpl/ramecc/hpl_ramecc.o
 .debug_ranges  0x000002f0       0xc0 hpl/sdhc/hpl_sdhc.o
 .debug_ranges  0x000003b0      0x968 hpl/sercom/hpl_sercom.o
 .debug_ranges  0x00000d18       0x18 hpl/tc/tc_lite.o
 .debug_ranges  0x00000d30       0x18 main.o
 .debug_ranges  0x00000d48      0x188 sd_mmc/sd_mmc.o
 .debug_ranges  0x00000ed0       0x18 sd_mmc_start.o
 .debug_ranges  0x00000ee8       0x20 servo.o
 .debug_ranges  0x00000f08       0x40 smart_eeprom.o
 .debug_ranges  0x00000f48       0x10 stdio_redirect/gcc/read.o
 .debug_ranges  0x00000f58       0x10 stdio_redirect/gcc/write.o
 .debug_ranges  0x00000f68       0x28 stdio_redirect/stdio_io.o
 .debug_ranges  0x00000f90       0x18 stdio_start.o

.debug_macro    0x00000000    0x37718
 .debug_macro   0x00000000      0x90d atmel_start.o
 .debug_macro   0x0000090d      0x8b0 atmel_start.o
 .debug_macro   0x000011bd      0x16d atmel_start.o
 .debug_macro   0x0000132a       0x22 atmel_start.o
 .debug_macro   0x0000134c       0x87 atmel_start.o
 .debug_macro   0x000013d3       0x51 atmel_start.o
 .debug_macro   0x00001424       0xef atmel_start.o
 .debug_macro   0x00001513       0x6a atmel_start.o
 .debug_macro   0x0000157d      0x1df atmel_start.o
 .debug_macro   0x0000175c       0x22 atmel_start.o
 .debug_macro   0x0000177e       0x54 atmel_start.o
 .debug_macro   0x000017d2       0x1c atmel_start.o
 .debug_macro   0x000017ee       0x22 atmel_start.o
 .debug_macro   0x00001810       0xdf atmel_start.o
 .debug_macro   0x000018ef     0x102d atmel_start.o
 .debug_macro   0x0000291c      0x11f atmel_start.o
 .debug_macro   0x00002a3b      0x706 atmel_start.o
 .debug_macro   0x00003141      0xb5b atmel_start.o
 .debug_macro   0x00003c9c      0x3c0 atmel_start.o
 .debug_macro   0x0000405c     0x2d61 atmel_start.o
 .debug_macro   0x00006dbd      0x336 atmel_start.o
 .debug_macro   0x000070f3      0x3b7 atmel_start.o
 .debug_macro   0x000074aa      0x668 atmel_start.o
 .debug_macro   0x00007b12     0x143f atmel_start.o
 .debug_macro   0x00008f51      0x651 atmel_start.o
 .debug_macro   0x000095a2      0x67b atmel_start.o
 .debug_macro   0x00009c1d      0x6d7 atmel_start.o
 .debug_macro   0x0000a2f4      0x172 atmel_start.o
 .debug_macro   0x0000a466      0x395 atmel_start.o
 .debug_macro   0x0000a7fb     0x19dd atmel_start.o
 .debug_macro   0x0000c1d8       0x3a atmel_start.o
 .debug_macro   0x0000c212      0x72a atmel_start.o
 .debug_macro   0x0000c93c      0xb12 atmel_start.o
 .debug_macro   0x0000d44e      0x5d7 atmel_start.o
 .debug_macro   0x0000da25      0xbc0 atmel_start.o
 .debug_macro   0x0000e5e5      0x9b9 atmel_start.o
 .debug_macro   0x0000ef9e      0x2a3 atmel_start.o
 .debug_macro   0x0000f241      0x8cb atmel_start.o
 .debug_macro   0x0000fb0c      0x1ea atmel_start.o
 .debug_macro   0x0000fcf6      0x8f4 atmel_start.o
 .debug_macro   0x000105ea      0x216 atmel_start.o
 .debug_macro   0x00010800      0x3f9 atmel_start.o
 .debug_macro   0x00010bf9      0x620 atmel_start.o
 .debug_macro   0x00011219      0x10d atmel_start.o
 .debug_macro   0x00011326       0xb8 atmel_start.o
 .debug_macro   0x000113de     0x1df7 atmel_start.o
 .debug_macro   0x000131d5     0x2e69 atmel_start.o
 .debug_macro   0x0001603e     0x11ed atmel_start.o
 .debug_macro   0x0001722b      0x50e atmel_start.o
 .debug_macro   0x00017739      0x930 atmel_start.o
 .debug_macro   0x00018069     0x1ad8 atmel_start.o
 .debug_macro   0x00019b41       0xe7 atmel_start.o
 .debug_macro   0x00019c28     0x13e6 atmel_start.o
 .debug_macro   0x0001b00e      0x36a atmel_start.o
 .debug_macro   0x0001b378       0x94 atmel_start.o
 .debug_macro   0x0001b40c       0xdc atmel_start.o
 .debug_macro   0x0001b4e8       0xe2 atmel_start.o
 .debug_macro   0x0001b5ca       0xdc atmel_start.o
 .debug_macro   0x0001b6a6      0x149 atmel_start.o
 .debug_macro   0x0001b7ef      0x149 atmel_start.o
 .debug_macro   0x0001b938       0x46 atmel_start.o
 .debug_macro   0x0001b97e       0x4c atmel_start.o
 .debug_macro   0x0001b9ca       0xc4 atmel_start.o
 .debug_macro   0x0001ba8e      0x7d5 atmel_start.o
 .debug_macro   0x0001c263       0xb8 atmel_start.o
 .debug_macro   0x0001c31b       0x7c atmel_start.o
 .debug_macro   0x0001c397      0xc20 atmel_start.o
 .debug_macro   0x0001cfb7       0x46 atmel_start.o
 .debug_macro   0x0001cffd      0x25b atmel_start.o
 .debug_macro   0x0001d258      0x31a atmel_start.o
 .debug_macro   0x0001d572      0x170 atmel_start.o
 .debug_macro   0x0001d6e2       0x7c atmel_start.o
 .debug_macro   0x0001d75e       0xbe atmel_start.o
 .debug_macro   0x0001d81c       0x4c atmel_start.o
 .debug_macro   0x0001d868       0x82 atmel_start.o
 .debug_macro   0x0001d8ea      0x1a3 atmel_start.o
 .debug_macro   0x0001da8d       0x46 atmel_start.o
 .debug_macro   0x0001dad3       0x6a atmel_start.o
 .debug_macro   0x0001db3d       0x46 atmel_start.o
 .debug_macro   0x0001db83       0x88 atmel_start.o
 .debug_macro   0x0001dc0b       0x46 atmel_start.o
 .debug_macro   0x0001dc51      0x24e atmel_start.o
 .debug_macro   0x0001de9f       0x1c atmel_start.o
 .debug_macro   0x0001debb       0x76 atmel_start.o
 .debug_macro   0x0001df31       0x3a atmel_start.o
 .debug_macro   0x0001df6b       0x2e atmel_start.o
 .debug_macro   0x0001df99      0x196 atmel_start.o
 .debug_macro   0x0001e12f      0x16f atmel_start.o
 .debug_macro   0x0001e29e      0x16f atmel_start.o
 .debug_macro   0x0001e40d      0x25d atmel_start.o
 .debug_macro   0x0001e66a      0x25d atmel_start.o
 .debug_macro   0x0001e8c7      0x25d atmel_start.o
 .debug_macro   0x0001eb24      0x25d atmel_start.o
 .debug_macro   0x0001ed81      0x25d atmel_start.o
 .debug_macro   0x0001efde      0x25d atmel_start.o
 .debug_macro   0x0001f23b      0x25d atmel_start.o
 .debug_macro   0x0001f498      0x25d atmel_start.o
 .debug_macro   0x0001f6f5       0x52 atmel_start.o
 .debug_macro   0x0001f747       0xfa atmel_start.o
 .debug_macro   0x0001f841       0xfa atmel_start.o
 .debug_macro   0x0001f93b       0xfa atmel_start.o
 .debug_macro   0x0001fa35       0xfa atmel_start.o
 .debug_macro   0x0001fb2f       0xfa atmel_start.o
 .debug_macro   0x0001fc29       0xfa atmel_start.o
 .debug_macro   0x0001fd23       0xfa atmel_start.o
 .debug_macro   0x0001fe1d       0xfa atmel_start.o
 .debug_macro   0x0001ff17      0x148 atmel_start.o
 .debug_macro   0x0002005f      0x124 atmel_start.o
 .debug_macro   0x00020183      0x106 atmel_start.o
 .debug_macro   0x00020289       0xee atmel_start.o
 .debug_macro   0x00020377       0xee atmel_start.o
 .debug_macro   0x00020465       0x2e atmel_start.o
 .debug_macro   0x00020493      0x46a atmel_start.o
 .debug_macro   0x000208fd       0x3a atmel_start.o
 .debug_macro   0x00020937      0x59f atmel_start.o
 .debug_macro   0x00020ed6     0x4ff3 atmel_start.o
 .debug_macro   0x00025ec9       0xcf atmel_start.o
 .debug_macro   0x00025f98       0x10 atmel_start.o
 .debug_macro   0x00025fa8       0x10 atmel_start.o
 .debug_macro   0x00025fb8       0x16 atmel_start.o
 .debug_macro   0x00025fce       0x16 atmel_start.o
 .debug_macro   0x00025fe4       0x16 atmel_start.o
 .debug_macro   0x00025ffa       0x16 atmel_start.o
 .debug_macro   0x00026010       0x16 atmel_start.o
 .debug_macro   0x00026026       0x16 atmel_start.o
 .debug_macro   0x0002603c       0x40 atmel_start.o
 .debug_macro   0x0002607c       0x16 atmel_start.o
 .debug_macro   0x00026092       0x16 atmel_start.o
 .debug_macro   0x000260a8       0x16 atmel_start.o
 .debug_macro   0x000260be       0x16 atmel_start.o
 .debug_macro   0x000260d4       0x16 atmel_start.o
 .debug_macro   0x000260ea       0x16 atmel_start.o
 .debug_macro   0x00026100       0x16 atmel_start.o
 .debug_macro   0x00026116       0x16 atmel_start.o
 .debug_macro   0x0002612c       0x16 atmel_start.o
 .debug_macro   0x00026142       0x16 atmel_start.o
 .debug_macro   0x00026158       0x16 atmel_start.o
 .debug_macro   0x0002616e       0x16 atmel_start.o
 .debug_macro   0x00026184       0x16 atmel_start.o
 .debug_macro   0x0002619a       0x16 atmel_start.o
 .debug_macro   0x000261b0       0x16 atmel_start.o
 .debug_macro   0x000261c6       0x16 atmel_start.o
 .debug_macro   0x000261dc       0x16 atmel_start.o
 .debug_macro   0x000261f2       0x16 atmel_start.o
 .debug_macro   0x00026208       0x16 atmel_start.o
 .debug_macro   0x0002621e       0x16 atmel_start.o
 .debug_macro   0x00026234       0x16 atmel_start.o
 .debug_macro   0x0002624a      0xe5c atmel_start.o
 .debug_macro   0x000270a6      0x9b6 atmel_start.o
 .debug_macro   0x00027a5c       0x94 atmel_start.o
 .debug_macro   0x00027af0       0x16 atmel_start.o
 .debug_macro   0x00027b06       0xbe atmel_start.o
 .debug_macro   0x00027bc4      0x28c atmel_start.o
 .debug_macro   0x00027e50       0x16 atmel_start.o
 .debug_macro   0x00027e66      0x4d8 atmel_start.o
 .debug_macro   0x0002833e       0x16 atmel_start.o
 .debug_macro   0x00028354       0xca atmel_start.o
 .debug_macro   0x0002841e       0x1c atmel_start.o
 .debug_macro   0x0002843a       0x16 atmel_start.o
 .debug_macro   0x00028450      0x185 atmel_start.o
 .debug_macro   0x000285d5       0xb8 atmel_start.o
 .debug_macro   0x0002868d       0xc9 atmel_start.o
 .debug_macro   0x00028756       0x46 atmel_start.o
 .debug_macro   0x0002879c       0x58 atmel_start.o
 .debug_macro   0x000287f4       0x35 atmel_start.o
 .debug_macro   0x00028829       0x9c atmel_start.o
 .debug_macro   0x000288c5       0x16 atmel_start.o
 .debug_macro   0x000288db       0x35 atmel_start.o
 .debug_macro   0x00028910      0x34d atmel_start.o
 .debug_macro   0x00028c5d       0x10 atmel_start.o
 .debug_macro   0x00028c6d       0x58 atmel_start.o
 .debug_macro   0x00028cc5       0x1f atmel_start.o
 .debug_macro   0x00028ce4       0x43 atmel_start.o
 .debug_macro   0x00028d27       0x20 atmel_start.o
 .debug_macro   0x00028d47      0x187 atmel_start.o
 .debug_macro   0x00028ece       0x10 atmel_start.o
 .debug_macro   0x00028ede       0x1c atmel_start.o
 .debug_macro   0x00028efa       0x52 atmel_start.o
 .debug_macro   0x00028f4c       0x40 atmel_start.o
 .debug_macro   0x00028f8c       0x10 atmel_start.o
 .debug_macro   0x00028f9c       0x40 atmel_start.o
 .debug_macro   0x00028fdc       0xd7 atmel_start.o
 .debug_macro   0x000290b3       0x16 atmel_start.o
 .debug_macro   0x000290c9      0x18b atmel_start.o
 .debug_macro   0x00029254      0x4b2 Device_Startup/startup_same54.o
 .debug_macro   0x00029706       0x4e Device_Startup/startup_same54.o
 .debug_macro   0x00029754      0x78b driver_init.o
 .debug_macro   0x00029edf       0x7b driver_init.o
 .debug_macro   0x00029f5a      0x69b hal/src/hal_io.o
 .debug_macro   0x0002a5f5      0x6b5 hal/src/hal_mci_sync.o
 .debug_macro   0x0002acaa      0x6c6 hal/src/hal_usart_sync.o
 .debug_macro   0x0002b370      0x690 hal/utils/src/utils_assert.o
 .debug_macro   0x0002ba00       0x10 hal/utils/src/utils_assert.o
 .debug_macro   0x0002ba10      0x1d6 hal/utils/src/utils_syscalls.o
 .debug_macro   0x0002bbe6       0x52 hal/utils/src/utils_syscalls.o
 .debug_macro   0x0002bc38       0x8d hal/utils/src/utils_syscalls.o
 .debug_macro   0x0002bcc5       0x57 hal/utils/src/utils_syscalls.o
 .debug_macro   0x0002bd1c       0x97 hal/utils/src/utils_syscalls.o
 .debug_macro   0x0002bdb3      0x353 hal/utils/src/utils_syscalls.o
 .debug_macro   0x0002c106       0xf6 hal/utils/src/utils_syscalls.o
 .debug_macro   0x0002c1fc       0x4c hal/utils/src/utils_syscalls.o
 .debug_macro   0x0002c248       0x16 hal/utils/src/utils_syscalls.o
 .debug_macro   0x0002c25e       0x10 hal/utils/src/utils_syscalls.o
 .debug_macro   0x0002c26e       0x10 hal/utils/src/utils_syscalls.o
 .debug_macro   0x0002c27e       0x35 hal/utils/src/utils_syscalls.o
 .debug_macro   0x0002c2b3      0x122 hal/utils/src/utils_syscalls.o
 .debug_macro   0x0002c3d5      0x729 hpl/core/hpl_init.o
 .debug_macro   0x0002cafe       0x2e hpl/core/hpl_init.o
 .debug_macro   0x0002cb2c      0xd7b hpl/core/hpl_init.o
 .debug_macro   0x0002d8a7      0x69f hpl/gclk/hpl_gclk.o
 .debug_macro   0x0002df46      0x2f0 hpl/gclk/hpl_gclk.o
 .debug_macro   0x0002e236      0x69a hpl/mclk/hpl_mclk.o
 .debug_macro   0x0002e8d0      0x695 hpl/osc32kctrl/hpl_osc32kctrl.o
 .debug_macro   0x0002ef65       0x80 hpl/osc32kctrl/hpl_osc32kctrl.o
 .debug_macro   0x0002efe5      0x69f hpl/oscctrl/hpl_oscctrl.o
 .debug_macro   0x0002f684      0x216 hpl/oscctrl/hpl_oscctrl.o
 .debug_macro   0x0002f89a      0x6b0 hpl/ramecc/hpl_ramecc.o
 .debug_macro   0x0002ff4a      0x6ca hpl/sdhc/hpl_sdhc.o
 .debug_macro   0x00030614       0x10 hpl/sdhc/hpl_sdhc.o
 .debug_macro   0x00030624      0x8e3 hpl/sercom/hpl_sercom.o
 .debug_macro   0x00030f07       0x70 hpl/sercom/hpl_sercom.o
 .debug_macro   0x00030f77      0x1d2 hpl/sercom/hpl_sercom.o
 .debug_macro   0x00031149       0x10 hpl/sercom/hpl_sercom.o
 .debug_macro   0x00031159       0x1c hpl/sercom/hpl_sercom.o
 .debug_macro   0x00031175       0x22 hpl/sercom/hpl_sercom.o
 .debug_macro   0x00031197       0x10 hpl/sercom/hpl_sercom.o
 .debug_macro   0x000311a7      0x695 hpl/tc/tc_lite.o
 .debug_macro   0x0003183c      0x91e main.o
 .debug_macro   0x0003215a      0x857 sd_mmc/sd_mmc.o
 .debug_macro   0x000329b1       0x4c sd_mmc/sd_mmc.o
 .debug_macro   0x000329fd       0xd9 sd_mmc/sd_mmc.o
 .debug_macro   0x00032ad6      0xe29 sd_mmc/sd_mmc.o
 .debug_macro   0x000338ff       0xa0 sd_mmc/sd_mmc.o
 .debug_macro   0x0003399f       0x22 sd_mmc/sd_mmc.o
 .debug_macro   0x000339c1       0x4c sd_mmc/sd_mmc.o
 .debug_macro   0x00033a0d      0x927 sd_mmc_start.o
 .debug_macro   0x00034334       0x9a sd_mmc_start.o
 .debug_macro   0x000343ce      0x930 servo.o
 .debug_macro   0x00034cfe      0x931 smart_eeprom.o
 .debug_macro   0x0003562f      0x7f6 stdio_redirect/gcc/read.o
 .debug_macro   0x00035e25      0x7f6 stdio_redirect/gcc/write.o
 .debug_macro   0x0003661b      0x7ef stdio_redirect/stdio_io.o
 .debug_macro   0x00036e0a      0x90e stdio_start.o

.debug_line     0x00000000    0x17406
 .debug_line    0x00000000      0xe88 atmel_start.o
 .debug_line    0x00000e88      0x89d Device_Startup/startup_same54.o
 .debug_line    0x00001725      0xfaf driver_init.o
 .debug_line    0x000026d4      0xc09 hal/src/hal_io.o
 .debug_line    0x000032dd      0xd99 hal/src/hal_mci_sync.o
 .debug_line    0x00004076      0xde2 hal/src/hal_usart_sync.o
 .debug_line    0x00004e58      0xbbe hal/utils/src/utils_assert.o
 .debug_line    0x00005a16      0x40a hal/utils/src/utils_syscalls.o
 .debug_line    0x00005e20      0xccc hpl/core/hpl_init.o
 .debug_line    0x00006aec      0xc0b hpl/gclk/hpl_gclk.o
 .debug_line    0x000076f7      0xbe1 hpl/mclk/hpl_mclk.o
 .debug_line    0x000082d8      0xbf6 hpl/osc32kctrl/hpl_osc32kctrl.o
 .debug_line    0x00008ece      0xc1a hpl/oscctrl/hpl_oscctrl.o
 .debug_line    0x00009ae8      0xc84 hpl/ramecc/hpl_ramecc.o
 .debug_line    0x0000a76c     0x115e hpl/sdhc/hpl_sdhc.o
 .debug_line    0x0000b8ca     0x2af9 hpl/sercom/hpl_sercom.o
 .debug_line    0x0000e3c3      0xc70 hpl/tc/tc_lite.o
 .debug_line    0x0000f033      0xeec main.o
 .debug_line    0x0000ff1f     0x1147 sd_mmc/sd_mmc.o
 .debug_line    0x00011066      0xebf sd_mmc_start.o
 .debug_line    0x00011f25      0xf83 servo.o
 .debug_line    0x00012ea8      0xff2 smart_eeprom.o
 .debug_line    0x00013e9a      0xce6 stdio_redirect/gcc/read.o
 .debug_line    0x00014b80      0xce7 stdio_redirect/gcc/write.o
 .debug_line    0x00015867      0xd0a stdio_redirect/stdio_io.o
 .debug_line    0x00016571      0xe95 stdio_start.o

.debug_str      0x00000000   0x1253eb
 .debug_str     0x00000000   0x10bb3f atmel_start.o
                             0x10c0d3 (size before relaxing)
 .debug_str     0x0010bb3f      0xbfb Device_Startup/startup_same54.o
                              0xf0d2d (size before relaxing)
 .debug_str     0x0010c73a     0x1b37 driver_init.o
                             0x109e8b (size before relaxing)
 .debug_str     0x0010e271       0x55 hal/src/hal_io.o
                             0x10677b (size before relaxing)
 .debug_str     0x0010e2c6      0x1f0 hal/src/hal_mci_sync.o
                             0x107141 (size before relaxing)
 .debug_str     0x0010e4b6      0x4aa hal/src/hal_usart_sync.o
                             0x10721b (size before relaxing)
 .debug_str     0x0010e960       0x2a hal/utils/src/utils_assert.o
                             0x1066f0 (size before relaxing)
 .debug_str     0x0010e98a      0x77f hal/utils/src/utils_syscalls.o
                               0x73c3 (size before relaxing)
 .debug_str     0x0010f109     0x3108 hpl/core/hpl_init.o
                             0x10abb7 (size before relaxing)
 .debug_str     0x00112211      0xbf4 hpl/gclk/hpl_gclk.o
                             0x10741b (size before relaxing)
 .debug_str     0x00112e05       0x47 hpl/mclk/hpl_mclk.o
                             0x106d7a (size before relaxing)
 .debug_str     0x00112e4c      0x466 hpl/osc32kctrl/hpl_osc32kctrl.o
                             0x106b48 (size before relaxing)
 .debug_str     0x001132b2      0xab4 hpl/oscctrl/hpl_oscctrl.o
                             0x107d58 (size before relaxing)
 .debug_str     0x00113d66      0x9e8 hpl/ramecc/hpl_ramecc.o
                             0x107626 (size before relaxing)
 .debug_str     0x0011474e      0x759 hpl/sdhc/hpl_sdhc.o
                             0x1080a1 (size before relaxing)
 .debug_str     0x00114ea7     0x4eb4 hpl/sercom/hpl_sercom.o
                             0x10d26b (size before relaxing)
 .debug_str     0x00119d5b      0x478 hpl/tc/tc_lite.o
                             0x106c2a (size before relaxing)
 .debug_str     0x0011a1d3       0x7f main.o
                             0x10c1c7 (size before relaxing)
 .debug_str     0x0011a252     0xae3b sd_mmc/sd_mmc.o